--------- beginning of main
12-10 21:56:48.120 17389 17428 I t.bitwarden.dev: Explicit concurrent mark compact GC freed 120KB AllocSpace bytes, 0(0B) LOS objects, 75% free, 11MB/44MB, paused 192us,1.201ms total 60.257ms
12-10 21:56:48.589 17389 17428 I t.bitwarden.dev: Explicit concurrent mark compact GC freed 128KB AllocSpace bytes, 0(0B) LOS objects, 75% free, 11MB/44MB, paused 186us,1.190ms total 65.892ms
12-10 21:56:48.729  3282 18551 W AOSP-MdnsDiscoveryManag: Error while decoding multicast packet (4070): 1 [CONTEXT service_id=168 ]
12-10 21:56:48.730  3282 18551 W AOSP-MdnsDiscoveryManag: Error while decoding multicast packet (4071): 1 [CONTEXT service_id=168 ]
12-10 21:56:48.733  3282 18551 W AOSP-MdnsDiscoveryManag: Error while decoding multicast packet (4072): 1 [CONTEXT service_id=168 ]
12-10 21:56:48.738  3282 18551 W AOSP-MdnsDiscoveryManag: Error while decoding multicast packet (4073): 1 [CONTEXT service_id=168 ]
12-10 21:56:48.975   580   700 D DisplayModeController: setDesiredMode 4619827677550801152 {mode={fps=60.00 Hz, modePtr={id=0, vsyncRate=60.00 Hz, peakRefreshRate=60.00 Hz}}, emitEvent=false, force=false}
12-10 21:56:48.982   584   685 D hwc-display: setActiveConfigWithConstraints:: PrimaryDisplay config(36) test(0)
12-10 21:56:48.982   584   685 D hwc-display: [PrimaryDisplay] OperationRateManager::onConfig:rate=60
12-10 21:56:48.982   584   685 I hwc-display: [PrimaryDisplay] OperationRateManager::updateOperationRateLocked:Target@120(desired:120) | Refresh@60(peak:2147483647), Battery:OK, DBV:1183(NsMin:0)
12-10 21:56:48.982   584   685 I hwc-display: [PrimaryDisplay] setActiveConfigWithConstraints: config(36)
12-10 21:56:49.014   926  1449 I AHal::Cs35l41Health: GetImpedances: speaker [0] impedance: 6.24108 Ohms
12-10 21:56:49.014   926  1449 I AHal::Cs35l41Health: GetImpedances: speaker [1] impedance: 7.48301 Ohms
12-10 21:56:49.015   926  1449 I AHal::Cs35l41Health: GetTemperatures: DSP1 Protection cd BDLOG_MAX_TEMP Max temp: 0x118e34 ==> 70.2219 C
12-10 21:56:49.015   926  1449 I AHal::Cs35l41Health: GetTemperatures: R DSP1 Protection cd BDLOG_MAX_TEMP Max temp: 0x133070 ==> 76.7568 C
12-10 21:56:49.015   926  1449 I AHal::Cs35l41Health: GetExcursions: DSP1 Protection cd BDLOG_MAX_EXC Max exc: 0x37318 ==> 0.431198 mm
12-10 21:56:49.016   926  1449 I AHal::Cs35l41Health: GetExcursions: R DSP1 Protection cd BDLOG_MAX_EXC Max exc: 0x33332 ==> 0.399998 mm
12-10 21:56:49.017   926  1449 I AHal::Cs35l41Health: GetHeartBeats: DSP1 Protection 400a4 HALO_HEARTBEAT dsp heartbeat = 0x328cb0
12-10 21:56:49.017   926  1449 I AHal::Cs35l41Health: GetHeartBeats: R DSP1 Protection 400a4 HALO_HEARTBEAT dsp heartbeat = 0x328cb6
12-10 21:56:49.138  3282 18551 W AOSP-MdnsDiscoveryManag: Error while decoding multicast packet (4074): 1 [CONTEXT service_id=168 ]
12-10 21:56:49.139  3282 18551 W AOSP-MdnsDiscoveryManag: Error while decoding multicast packet (4075): 1 [CONTEXT service_id=168 ]
12-10 21:56:49.145 17389 17428 I t.bitwarden.dev: Explicit concurrent mark compact GC freed 96KB AllocSpace bytes, 0(0B) LOS objects, 75% free, 11MB/44MB, paused 117us,932us total 54.119ms
12-10 21:56:49.792 17389 17428 I t.bitwarden.dev: Explicit concurrent mark compact GC freed 96KB AllocSpace bytes, 0(0B) LOS objects, 75% free, 11MB/44MB, paused 121us,940us total 44.122ms
12-10 21:56:50.010  3282 18551 W AOSP-MdnsDiscoveryManag: Error while decoding multicast packet (4079): 1 [CONTEXT service_id=168 ]
12-10 21:56:50.010  3282 18551 W AOSP-MdnsDiscoveryManag: Error while decoding multicast packet (4080): 1 [CONTEXT service_id=168 ]
12-10 21:56:50.369  3282 18551 W AOSP-MdnsDiscoveryManag: Error while decoding multicast packet (4083): 1 [CONTEXT service_id=168 ]
12-10 21:56:50.370  3282 18551 W AOSP-MdnsDiscoveryManag: Error while decoding multicast packet (4084): 1 [CONTEXT service_id=168 ]
12-10 21:56:50.374  3282 18551 W AOSP-MdnsDiscoveryManag: Error while decoding multicast packet (4087): 1 [CONTEXT service_id=168 ]
12-10 21:56:50.374  3282 18551 W AOSP-MdnsDiscoveryManag: Error while decoding multicast packet (4088): 1 [CONTEXT service_id=168 ]
12-10 21:56:50.561 17389 17428 I t.bitwarden.dev: Explicit concurrent mark compact GC freed 96KB AllocSpace bytes, 0(0B) LOS objects, 75% free, 11MB/44MB, paused 198us,1.273ms total 62.893ms
12-10 21:56:50.786  1177  1177 D AOC     : A3:MSG: lsm6dsv_device.cc, 732: USF: Lsm6dsvDevice: Sensor 4: Enabled 0, odr_index 0, period_ns 0.
12-10 21:56:50.787  1177  1177 D AOC     : A3:MSG: lsm6dsv_fifo.cc, 755: USF: Lsm6dsvFifo: ODR: XL/G/T/TS: 480/480/15/60 WM: 2 Intr: 480.
12-10 21:56:50.787  1177  1177 D AOC     : A3:MSG: lsm6dsv_device.cc, 641: USF: Lsm6dsvDevice: Fifo was disabled for 540975ns.
12-10 21:56:50.788  1177  1177 D AOC     : A3:MSG: usf_sensor.cc, 1792: USF: Received stop sampling request for LSM6DSV Stationary Detect (active:-1).
12-10 21:56:50.788  1177  1177 D AOC     : A3:MSG: usf_sensor.cc, 2354: USF: Sampling configuration 992 not found.
12-10 21:56:50.790  1177  1177 D AOC     : A3:MSG: usf_sensor_client.cc, 173: USF: Received kErrNotFound when disabling one shot sensor.
12-10 21:56:50.790  3282 18551 W AOSP-MdnsDiscoveryManag: Error while decoding multicast packet (4090): 1 [CONTEXT service_id=168 ]
12-10 21:56:50.790  1177  1177 D AOC     : A3:MSG: usf_sensor.cc, 1784: USF: Received start sampling request for LSM6DSV Motion Detect (active:1).
12-10 21:56:50.790  1177  1177 D AOC     : A3:MSG: lsm6dsv_device.cc, 732: USF: Lsm6dsvDevice: Sensor 3: Enabled 1, odr_index 1, period_ns 500000000.
12-10 21:56:50.791  1177  1177 D AOC     : A3:MSG: lsm6dsv_fifo.cc, 755: USF: Lsm6dsvFifo: ODR: XL/G/T/TS: 480/480/15/60 WM: 2 Intr: 480.
12-10 21:56:50.791  3282 18551 W AOSP-MdnsDiscoveryManag: Error while decoding multicast packet (4091): 1 [CONTEXT service_id=168 ]
12-10 21:56:50.791  1177  1177 D AOC     : A3:MSG: lsm6dsv_device.cc, 641: USF: Lsm6dsvDevice: Fifo was disabled for 519002ns.
12-10 21:56:50.796  1177  1177 D AOC     : A3:MSG: motion_state_sensor.cc, 328: USF: MoSt: MotionDetect sampling started with sampling ID 996.
12-10 21:56:50.802  1177  1177 D AOC     : A3:MSG: usf_sensor.cc, 1784: USF: Received start sampling request for LSM6DSV Motion Detect (active:2).
12-10 21:56:50.811  1177  1177 D AOC     : A3:MSG: usf_sensor.cc, 1792: USF: Received stop sampling request for LSM6DSV FreeFall Detect (active:0).
12-10 21:56:50.812  1177  1177 D AOC     : A3:MSG: lsm6dsv_device.cc, 732: USF: Lsm6dsvDevice: Sensor 5: Enabled 0, odr_index 0, period_ns 0.
12-10 21:56:50.812  1177  1177 D AOC     : A3:MSG: lsm6dsv_fifo.cc, 755: USF: Lsm6dsvFifo: ODR: XL/G/T/TS: 480/480/15/60 WM: 2 Intr: 480.
12-10 21:56:50.812  1177  1177 D AOC     : A3:MSG: lsm6dsv_device.cc, 641: USF: Lsm6dsvDevice: Fifo was disabled for 533284ns.
12-10 21:56:50.814   932   944 I CHRE    : @ 2365.339: Received a sampling status update for one shot sensor LSM6DSV Motion Detect
12-10 21:56:51.009  1000  1024 I WifiHAL : Creating message to get link statistics; iface = 47
12-10 21:56:51.083  1000  1024 I WifiHAL : index: 0 per_rate_size 32, data_rem_len 1152
12-10 21:56:51.083  1000  1024 I WifiHAL : index: 1 per_rate_size 32, data_rem_len 1120
12-10 21:56:51.083  1000  1024 I WifiHAL : index: 2 per_rate_size 32, data_rem_len 1088
12-10 21:56:51.083  1000  1024 I WifiHAL : index: 3 per_rate_size 32, data_rem_len 1056
12-10 21:56:51.083  1000  1024 I WifiHAL : index: 4 per_rate_size 32, data_rem_len 1024
12-10 21:56:51.083  1000  1024 I WifiHAL : index: 5 per_rate_size 32, data_rem_len 992
12-10 21:56:51.083  1000  1024 I WifiHAL : index: 6 per_rate_size 32, data_rem_len 960
12-10 21:56:51.083  1000  1024 I WifiHAL : index: 7 per_rate_size 32, data_rem_len 928
12-10 21:56:51.083  1000  1024 I WifiHAL : index: 8 per_rate_size 32, data_rem_len 896
12-10 21:56:51.083  1000  1024 I WifiHAL : index: 9 per_rate_size 32, data_rem_len 864
12-10 21:56:51.083  1000  1024 I WifiHAL : index: 10 per_rate_size 32, data_rem_len 832
12-10 21:56:51.083  1000  1024 I WifiHAL : index: 11 per_rate_size 32, data_rem_len 800
12-10 21:56:51.083  1000  1024 I WifiHAL : index: 12 per_rate_size 32, data_rem_len 768
12-10 21:56:51.083  1000  1024 I WifiHAL : index: 13 per_rate_size 32, data_rem_len 736
12-10 21:56:51.083  1000  1024 I WifiHAL : index: 14 per_rate_size 32, data_rem_len 704
12-10 21:56:51.083  1000  1024 I WifiHAL : index: 15 per_rate_size 32, data_rem_len 672
12-10 21:56:51.083  1000  1024 I WifiHAL : index: 16 per_rate_size 32, data_rem_len 640
12-10 21:56:51.083  1000  1024 I WifiHAL : index: 17 per_rate_size 32, data_rem_len 608
12-10 21:56:51.083  1000  1024 I WifiHAL : index: 18 per_rate_size 32, data_rem_len 576
12-10 21:56:51.083  1000  1024 I WifiHAL : index: 19 per_rate_size 32, data_rem_len 544
12-10 21:56:51.083  1000  1024 I WifiHAL : index: 20 per_rate_size 32, data_rem_len 512
12-10 21:56:51.083  1000  1024 I WifiHAL : index: 21 per_rate_size 32, data_rem_len 480
12-10 21:56:51.083  1000  1024 I WifiHAL : index: 22 per_rate_size 32, data_rem_len 448
12-10 21:56:51.083  1000  1024 I WifiHAL : index: 23 per_rate_size 32, data_rem_len 416
12-10 21:56:51.083  1000  1024 I WifiHAL : index: 24 per_rate_size 32, data_rem_len 384
12-10 21:56:51.083  1000  1024 I WifiHAL : index: 25 per_rate_size 32, data_rem_len 352
12-10 21:56:51.083  1000  1024 I WifiHAL : index: 26 per_rate_size 32, data_rem_len 320
12-10 21:56:51.083  1000  1024 I WifiHAL : index: 27 per_rate_size 32, data_rem_len 288
12-10 21:56:51.083  1000  1024 I WifiHAL : index: 28 per_rate_size 32, data_rem_len 256
12-10 21:56:51.083  1000  1024 I WifiHAL : index: 29 per_rate_size 32, data_rem_len 224
12-10 21:56:51.083  1000  1024 I WifiHAL : index: 30 per_rate_size 32, data_rem_len 192
12-10 21:56:51.083  1000  1024 I WifiHAL : index: 31 per_rate_size 32, data_rem_len 160
12-10 21:56:51.083  1000  1024 I WifiHAL : index: 32 per_rate_size 32, data_rem_len 128
12-10 21:56:51.083  1000  1024 I WifiHAL : index: 33 per_rate_size 32, data_rem_len 96
12-10 21:56:51.083  1000  1024 I WifiHAL : index: 34 per_rate_size 32, data_rem_len 64
12-10 21:56:51.083  1000  1024 I WifiHAL : index: 35 per_rate_size 32, data_rem_len 32
12-10 21:56:51.085  1000  2108 I WifiHAL : Getting cached scan results, iface handle = 0xf00dc2613863390
12-10 21:56:51.086  1000  2108 E WifiHAL : Creating message to get cached scan results
12-10 21:56:51.091  1000  2108 I WifiHAL : In GetCachedScanResultsCommand::handleResponse
12-10 21:56:51.428 17389 17428 I t.bitwarden.dev: Explicit concurrent mark compact GC freed 96KB AllocSpace bytes, 0(0B) LOS objects, 75% free, 11MB/44MB, paused 204us,1.298ms total 65.665ms
12-10 21:56:51.666  1153 18579 D AidlBufferPool: bufferpool2 0x100c55b3d414de8 : 4(368640 size) total buffers - 1(92160 size) used buffers - 1349/1353 (recycle/alloc) - 6/1352 (fetch/transfer)
--------- beginning of system
12-10 21:56:52.035  1351  1941 D ActivityManager: freezing 12319 org.kde.kdeconnect_tp
12-10 21:56:52.057  1351  2003 D InetDiagMessage: Destroyed 0 sockets, proto=IPPROTO_TCP, family=AF_INET, states=14
12-10 21:56:52.061  1351  2003 D InetDiagMessage: Destroyed 0 sockets, proto=IPPROTO_TCP, family=AF_INET6, states=14
12-10 21:56:52.061  1351  2003 D InetDiagMessage: Destroyed live tcp sockets for uids={10158} in 15ms
12-10 21:56:52.080  3282  5384 I AOSP-MdnsDiscoveryManag: (REDACTED) %s
12-10 21:56:52.081  3282 18551 W AOSP-MdnsDiscoveryManag: Error while decoding multicast packet (4098): 1 [CONTEXT service_id=168 ]
12-10 21:56:52.081  3282  5384 I AOSP-MdnsDiscoveryManag: (REDACTED) %s
12-10 21:56:52.081  3282 18551 W AOSP-MdnsDiscoveryManag: Error while decoding multicast packet (4099): 1 [CONTEXT service_id=168 ]
12-10 21:56:52.296  1119 18578 D AidlBufferPool: bufferpool2 0x100d22bce390c68 : 8(46080 size) total buffers - 5(28800 size) used buffers - 1383/1391 (recycle/alloc) - 8/2778 (fetch/transfer)
12-10 21:56:52.398 17389 17428 I t.bitwarden.dev: Explicit concurrent mark compact GC freed 96KB AllocSpace bytes, 0(0B) LOS objects, 75% free, 11MB/44MB, paused 259us,1.501ms total 68.475ms
12-10 21:56:53.093   584   704 I hwc-display: Display Temperature : 29°C
12-10 21:56:54.129  1000  2108 I WifiHAL : Creating message to get link statistics; iface = 47
12-10 21:56:54.192  1000  2108 I WifiHAL : index: 0 per_rate_size 32, data_rem_len 1152
12-10 21:56:54.192  1000  2108 I WifiHAL : index: 1 per_rate_size 32, data_rem_len 1120
12-10 21:56:54.192  1000  2108 I WifiHAL : index: 2 per_rate_size 32, data_rem_len 1088
12-10 21:56:54.192  1000  2108 I WifiHAL : index: 3 per_rate_size 32, data_rem_len 1056
12-10 21:56:54.192  1000  2108 I WifiHAL : index: 4 per_rate_size 32, data_rem_len 1024
12-10 21:56:54.192  1000  2108 I WifiHAL : index: 5 per_rate_size 32, data_rem_len 992
12-10 21:56:54.192  1000  2108 I WifiHAL : index: 6 per_rate_size 32, data_rem_len 960
12-10 21:56:54.192  1000  2108 I WifiHAL : index: 7 per_rate_size 32, data_rem_len 928
12-10 21:56:54.192  1000  2108 I WifiHAL : index: 8 per_rate_size 32, data_rem_len 896
12-10 21:56:54.192  1000  2108 I WifiHAL : index: 9 per_rate_size 32, data_rem_len 864
12-10 21:56:54.192  1000  2108 I WifiHAL : index: 10 per_rate_size 32, data_rem_len 832
12-10 21:56:54.192  1000  2108 I WifiHAL : index: 11 per_rate_size 32, data_rem_len 800
12-10 21:56:54.192  1000  2108 I WifiHAL : index: 12 per_rate_size 32, data_rem_len 768
12-10 21:56:54.192  1000  2108 I WifiHAL : index: 13 per_rate_size 32, data_rem_len 736
12-10 21:56:54.192  1000  2108 I WifiHAL : index: 14 per_rate_size 32, data_rem_len 704
12-10 21:56:54.192  1000  2108 I WifiHAL : index: 15 per_rate_size 32, data_rem_len 672
12-10 21:56:54.192  1000  2108 I WifiHAL : index: 16 per_rate_size 32, data_rem_len 640
12-10 21:56:54.192  1000  2108 I WifiHAL : index: 17 per_rate_size 32, data_rem_len 608
12-10 21:56:54.192  1000  2108 I WifiHAL : index: 18 per_rate_size 32, data_rem_len 576
12-10 21:56:54.192  1000  2108 I WifiHAL : index: 19 per_rate_size 32, data_rem_len 544
12-10 21:56:54.192  1000  2108 I WifiHAL : index: 20 per_rate_size 32, data_rem_len 512
12-10 21:56:54.192  1000  2108 I WifiHAL : index: 21 per_rate_size 32, data_rem_len 480
12-10 21:56:54.192  1000  2108 I WifiHAL : index: 22 per_rate_size 32, data_rem_len 448
12-10 21:56:54.192  1000  2108 I WifiHAL : index: 23 per_rate_size 32, data_rem_len 416
12-10 21:56:54.192  1000  2108 I WifiHAL : index: 24 per_rate_size 32, data_rem_len 384
12-10 21:56:54.192  1000  2108 I WifiHAL : index: 25 per_rate_size 32, data_rem_len 352
12-10 21:56:54.192  1000  2108 I WifiHAL : index: 26 per_rate_size 32, data_rem_len 320
12-10 21:56:54.192  1000  2108 I WifiHAL : index: 27 per_rate_size 32, data_rem_len 288
12-10 21:56:54.192  1000  2108 I WifiHAL : index: 28 per_rate_size 32, data_rem_len 256
12-10 21:56:54.192  1000  2108 I WifiHAL : index: 29 per_rate_size 32, data_rem_len 224
12-10 21:56:54.192  1000  2108 I WifiHAL : index: 30 per_rate_size 32, data_rem_len 192
12-10 21:56:54.192  1000  2108 I WifiHAL : index: 31 per_rate_size 32, data_rem_len 160
12-10 21:56:54.192  1000  2108 I WifiHAL : index: 32 per_rate_size 32, data_rem_len 128
12-10 21:56:54.192  1000  2108 I WifiHAL : index: 33 per_rate_size 32, data_rem_len 96
12-10 21:56:54.193  1000  2108 I WifiHAL : index: 34 per_rate_size 32, data_rem_len 64
12-10 21:56:54.193  1000  2108 I WifiHAL : index: 35 per_rate_size 32, data_rem_len 32
12-10 21:56:54.195  1000  1024 I WifiHAL : Getting cached scan results, iface handle = 0xf00dc2613863390
12-10 21:56:54.195  1000  1024 E WifiHAL : Creating message to get cached scan results
12-10 21:56:54.202  1000  1024 I WifiHAL : In GetCachedScanResultsCommand::handleResponse
12-10 21:56:54.921  3282 18551 W AOSP-MdnsDiscoveryManag: Error while decoding multicast packet (4103): 1 [CONTEXT service_id=168 ]
12-10 21:56:54.922  3282 18551 W AOSP-MdnsDiscoveryManag: Error while decoding multicast packet (4104): 1 [CONTEXT service_id=168 ]
12-10 21:56:57.234  1000  1024 I WifiHAL : Creating message to get link statistics; iface = 47
12-10 21:56:57.273  1153 18579 D AidlBufferPool: bufferpool2 0x100c55b3d414de8 : 4(368640 size) total buffers - 1(92160 size) used buffers - 1631/1635 (recycle/alloc) - 6/1634 (fetch/transfer)
12-10 21:56:57.337  1000  1024 I WifiHAL : index: 0 per_rate_size 32, data_rem_len 1152
12-10 21:56:57.337  1000  1024 I WifiHAL : index: 1 per_rate_size 32, data_rem_len 1120
12-10 21:56:57.337  1000  1024 I WifiHAL : index: 2 per_rate_size 32, data_rem_len 1088
12-10 21:56:57.337  1000  1024 I WifiHAL : index: 3 per_rate_size 32, data_rem_len 1056
12-10 21:56:57.337  1000  1024 I WifiHAL : index: 4 per_rate_size 32, data_rem_len 1024
12-10 21:56:57.337  1000  1024 I WifiHAL : index: 5 per_rate_size 32, data_rem_len 992
12-10 21:56:57.337  1000  1024 I WifiHAL : index: 6 per_rate_size 32, data_rem_len 960
12-10 21:56:57.337  1000  1024 I WifiHAL : index: 7 per_rate_size 32, data_rem_len 928
12-10 21:56:57.337  1000  1024 I WifiHAL : index: 8 per_rate_size 32, data_rem_len 896
12-10 21:56:57.337  1000  1024 I WifiHAL : index: 9 per_rate_size 32, data_rem_len 864
12-10 21:56:57.337  1000  1024 I WifiHAL : index: 10 per_rate_size 32, data_rem_len 832
12-10 21:56:57.337  1000  1024 I WifiHAL : index: 11 per_rate_size 32, data_rem_len 800
12-10 21:56:57.338  1000  1024 I WifiHAL : index: 12 per_rate_size 32, data_rem_len 768
12-10 21:56:57.338  1000  1024 I WifiHAL : index: 13 per_rate_size 32, data_rem_len 736
12-10 21:56:57.338  1000  1024 I WifiHAL : index: 14 per_rate_size 32, data_rem_len 704
12-10 21:56:57.338  1000  1024 I WifiHAL : index: 15 per_rate_size 32, data_rem_len 672
12-10 21:56:57.338  1000  1024 I WifiHAL : index: 16 per_rate_size 32, data_rem_len 640
12-10 21:56:57.338  1000  1024 I WifiHAL : index: 17 per_rate_size 32, data_rem_len 608
12-10 21:56:57.338  1000  1024 I WifiHAL : index: 18 per_rate_size 32, data_rem_len 576
12-10 21:56:57.338  1000  1024 I WifiHAL : index: 19 per_rate_size 32, data_rem_len 544
12-10 21:56:57.338  1000  1024 I WifiHAL : index: 20 per_rate_size 32, data_rem_len 512
12-10 21:56:57.338  1000  1024 I WifiHAL : index: 21 per_rate_size 32, data_rem_len 480
12-10 21:56:57.338  1000  1024 I WifiHAL : index: 22 per_rate_size 32, data_rem_len 448
12-10 21:56:57.338  1000  1024 I WifiHAL : index: 23 per_rate_size 32, data_rem_len 416
12-10 21:56:57.338  1000  1024 I WifiHAL : index: 24 per_rate_size 32, data_rem_len 384
12-10 21:56:57.338  1000  1024 I WifiHAL : index: 25 per_rate_size 32, data_rem_len 352
12-10 21:56:57.338  1000  1024 I WifiHAL : index: 26 per_rate_size 32, data_rem_len 320
12-10 21:56:57.338  1000  1024 I WifiHAL : index: 27 per_rate_size 32, data_rem_len 288
12-10 21:56:57.338  1000  1024 I WifiHAL : index: 28 per_rate_size 32, data_rem_len 256
12-10 21:56:57.338  1000  1024 I WifiHAL : index: 29 per_rate_size 32, data_rem_len 224
12-10 21:56:57.338  1000  1024 I WifiHAL : index: 30 per_rate_size 32, data_rem_len 192
12-10 21:56:57.338  1000  1024 I WifiHAL : index: 31 per_rate_size 32, data_rem_len 160
12-10 21:56:57.338  1000  1024 I WifiHAL : index: 32 per_rate_size 32, data_rem_len 128
12-10 21:56:57.338  1000  1024 I WifiHAL : index: 33 per_rate_size 32, data_rem_len 96
12-10 21:56:57.338  1000  1024 I WifiHAL : index: 34 per_rate_size 32, data_rem_len 64
12-10 21:56:57.338  1000  1024 I WifiHAL : index: 35 per_rate_size 32, data_rem_len 32
12-10 21:56:57.342  1000  2108 I WifiHAL : Getting cached scan results, iface handle = 0xf00dc2613863390
12-10 21:56:57.342  1000  2108 E WifiHAL : Creating message to get cached scan results
12-10 21:56:57.348  1000  2108 I WifiHAL : In GetCachedScanResultsCommand::handleResponse
12-10 21:56:57.348  1000  2108 E libbinder.IPCThreadState: binder thread pool (1 threads) starved for 114 ms
12-10 21:56:57.426  1176  1176 W TracingMuxer: type=1400 audit(0.0:20330): avc:  denied  { write } for  name="traced_producer" dev="tmpfs" ino=1709 scontext=u:r:gxp_logging:s0 tcontext=u:object_r:traced_producer_socket:s0 tclass=sock_file permissive=0
12-10 21:56:57.595  1802  1812 I pixel-thermal: soc_therm:31.371 raw data: soc_therm:31371 
12-10 21:56:57.882  1119 18578 D AidlBufferPool: bufferpool2 0x100d22bce390c68 : 8(46080 size) total buffers - 5(28800 size) used buffers - 1661/1669 (recycle/alloc) - 8/3334 (fetch/transfer)
12-10 21:56:58.150  3282 18551 W AOSP-MdnsDiscoveryManag: Error while decoding multicast packet (4107): 1 [CONTEXT service_id=168 ]
12-10 21:56:58.152  3282 18551 W AOSP-MdnsDiscoveryManag: Error while decoding multicast packet (4108): 1 [CONTEXT service_id=168 ]
12-10 21:56:58.582 13002 13110 D NtfySubscriberConn: [https://ntfy.sh/upA3tDZTZAvxSD,up7TrmPGKfVfDt,upeiK1rU7NzLtA,upwvD1tCl7VCSS,upYoy57cqI4fuR] Connection is active (failed=false, callCanceled=false, jobActive=true, serviceStarted=true
12-10 21:56:58.969  3282 18551 W AOSP-MdnsDiscoveryManag: Error while decoding multicast packet (4111): 1 [CONTEXT service_id=168 ]
12-10 21:56:58.970  3282 18551 W AOSP-MdnsDiscoveryManag: Error while decoding multicast packet (4112): 1 [CONTEXT service_id=168 ]
12-10 21:56:59.081   926  1449 D AHal::Cs35l41Codec: CheckAllSpeakers: get ctl [PCM Source] = 1, expects 1
12-10 21:56:59.082   926  1449 D AHal::Cs35l41Codec: CheckAllSpeakers: get ctl [R PCM Source] = 1, expects 1
12-10 21:57:00.062   580   700 D DisplayModeController: setDesiredMode 4619827677550801152 {mode={fps=120.00 Hz, modePtr={id=1, vsyncRate=120.00 Hz, peakRefreshRate=120.00 Hz}}, emitEvent=true, force=false}
12-10 21:57:00.071   584   685 D hwc-display: setActiveConfigWithConstraints:: PrimaryDisplay config(37) test(0)
12-10 21:57:00.071   584   685 D hwc-display: [PrimaryDisplay] OperationRateManager::onConfig:rate=120
12-10 21:57:00.071   584   685 I hwc-display: [PrimaryDisplay] OperationRateManager::updateOperationRateLocked:Target@120(desired:120) | Refresh@120(peak:2147483647), Battery:OK, DBV:1183(NsMin:0)
12-10 21:57:00.071   584   685 I hwc-display: [PrimaryDisplay] setActiveConfigWithConstraints: config(37)
12-10 21:57:00.147   926  1449 I AHal::Cs35l41Health: GetImpedances: speaker [0] impedance: 6.28398 Ohms
12-10 21:57:00.148   926  1449 I AHal::Cs35l41Health: GetImpedances: speaker [1] impedance: 7.55236 Ohms
12-10 21:57:00.148   926  1449 I AHal::Cs35l41Health: GetTemperatures: DSP1 Protection cd BDLOG_MAX_TEMP Max temp: 0x118e34 ==> 70.2219 C
12-10 21:57:00.149   926  1449 I AHal::Cs35l41Health: GetTemperatures: R DSP1 Protection cd BDLOG_MAX_TEMP Max temp: 0x133070 ==> 76.7568 C
12-10 21:57:00.149   926  1449 I AHal::Cs35l41Health: GetExcursions: DSP1 Protection cd BDLOG_MAX_EXC Max exc: 0x37318 ==> 0.431198 mm
12-10 21:57:00.149   926  1449 I AHal::Cs35l41Health: GetExcursions: R DSP1 Protection cd BDLOG_MAX_EXC Max exc: 0x33332 ==> 0.399998 mm
12-10 21:57:00.150   926  1449 I AHal::Cs35l41Health: GetHeartBeats: DSP1 Protection 400a4 HALO_HEARTBEAT dsp heartbeat = 0x32cdec
12-10 21:57:00.150   926  1449 I AHal::Cs35l41Health: GetHeartBeats: R DSP1 Protection 400a4 HALO_HEARTBEAT dsp heartbeat = 0x32cdf1
12-10 21:57:00.397  1000  2108 I WifiHAL : Creating message to get link statistics; iface = 47
12-10 21:57:00.523  1000  2108 I WifiHAL : index: 0 per_rate_size 32, data_rem_len 1152
12-10 21:57:00.523  1000  2108 I WifiHAL : index: 1 per_rate_size 32, data_rem_len 1120
12-10 21:57:00.523  1000  2108 I WifiHAL : index: 2 per_rate_size 32, data_rem_len 1088
12-10 21:57:00.523  1000  2108 I WifiHAL : index: 3 per_rate_size 32, data_rem_len 1056
12-10 21:57:00.523  1000  2108 I WifiHAL : index: 4 per_rate_size 32, data_rem_len 1024
12-10 21:57:00.523  1000  2108 I WifiHAL : index: 5 per_rate_size 32, data_rem_len 992
12-10 21:57:00.524  1000  2108 I WifiHAL : index: 6 per_rate_size 32, data_rem_len 960
12-10 21:57:00.524  1000  2108 I WifiHAL : index: 7 per_rate_size 32, data_rem_len 928
12-10 21:57:00.524  1000  2108 I WifiHAL : index: 8 per_rate_size 32, data_rem_len 896
12-10 21:57:00.524  1000  2108 I WifiHAL : index: 9 per_rate_size 32, data_rem_len 864
12-10 21:57:00.524  1000  2108 I WifiHAL : index: 10 per_rate_size 32, data_rem_len 832
12-10 21:57:00.524  1000  2108 I WifiHAL : index: 11 per_rate_size 32, data_rem_len 800
12-10 21:57:00.524  1000  2108 I WifiHAL : index: 12 per_rate_size 32, data_rem_len 768
12-10 21:57:00.524  1000  2108 I WifiHAL : index: 13 per_rate_size 32, data_rem_len 736
12-10 21:57:00.524  1000  2108 I WifiHAL : index: 14 per_rate_size 32, data_rem_len 704
12-10 21:57:00.524  1000  2108 I WifiHAL : index: 15 per_rate_size 32, data_rem_len 672
12-10 21:57:00.524  1000  2108 I WifiHAL : index: 16 per_rate_size 32, data_rem_len 640
12-10 21:57:00.524  1000  2108 I WifiHAL : index: 17 per_rate_size 32, data_rem_len 608
12-10 21:57:00.524  1000  2108 I WifiHAL : index: 18 per_rate_size 32, data_rem_len 576
12-10 21:57:00.524  1000  2108 I WifiHAL : index: 19 per_rate_size 32, data_rem_len 544
12-10 21:57:00.524  1000  2108 I WifiHAL : index: 20 per_rate_size 32, data_rem_len 512
12-10 21:57:00.524  1000  2108 I WifiHAL : index: 21 per_rate_size 32, data_rem_len 480
12-10 21:57:00.524  1000  2108 I WifiHAL : index: 22 per_rate_size 32, data_rem_len 448
12-10 21:57:00.524  1000  2108 I WifiHAL : index: 23 per_rate_size 32, data_rem_len 416
12-10 21:57:00.524  1000  2108 I WifiHAL : index: 24 per_rate_size 32, data_rem_len 384
12-10 21:57:00.524  1000  2108 I WifiHAL : index: 25 per_rate_size 32, data_rem_len 352
12-10 21:57:00.524  1000  2108 I WifiHAL : index: 26 per_rate_size 32, data_rem_len 320
12-10 21:57:00.524  1000  2108 I WifiHAL : index: 27 per_rate_size 32, data_rem_len 288
12-10 21:57:00.524  1000  2108 I WifiHAL : index: 28 per_rate_size 32, data_rem_len 256
12-10 21:57:00.524  1000  2108 I WifiHAL : index: 29 per_rate_size 32, data_rem_len 224
12-10 21:57:00.524  1000  2108 I WifiHAL : index: 30 per_rate_size 32, data_rem_len 192
12-10 21:57:00.524  1000  2108 I WifiHAL : index: 31 per_rate_size 32, data_rem_len 160
12-10 21:57:00.524  1000  2108 I WifiHAL : index: 32 per_rate_size 32, data_rem_len 128
12-10 21:57:00.524  1000  2108 I WifiHAL : index: 33 per_rate_size 32, data_rem_len 96
12-10 21:57:00.524  1000  2108 I WifiHAL : index: 34 per_rate_size 32, data_rem_len 64
12-10 21:57:00.524  1000  2108 I WifiHAL : index: 35 per_rate_size 32, data_rem_len 32
12-10 21:57:00.527  1000  2108 E libbinder.IPCThreadState: binder thread pool (1 threads) starved for 129 ms
12-10 21:57:00.527  1000  1024 I WifiHAL : Getting cached scan results, iface handle = 0xf00dc2613863390
12-10 21:57:00.527  1000  1024 E WifiHAL : Creating message to get cached scan results
12-10 21:57:00.538  1000  1024 I WifiHAL : In GetCachedScanResultsCommand::handleResponse
12-10 21:57:01.027  3282 18551 W AOSP-MdnsDiscoveryManag: Error while decoding multicast packet (4115): 1 [CONTEXT service_id=168 ]
12-10 21:57:01.028  3282 18551 W AOSP-MdnsDiscoveryManag: Error while decoding multicast packet (4116): 1 [CONTEXT service_id=168 ]
12-10 21:57:01.566   580   700 D DisplayModeController: setDesiredMode 4619827677550801152 {mode={fps=60.00 Hz, modePtr={id=0, vsyncRate=60.00 Hz, peakRefreshRate=60.00 Hz}}, emitEvent=false, force=false}
12-10 21:57:01.572   584   685 D hwc-display: setActiveConfigWithConstraints:: PrimaryDisplay config(36) test(0)
12-10 21:57:01.573   584   685 D hwc-display: [PrimaryDisplay] OperationRateManager::onConfig:rate=60
12-10 21:57:01.573   584   685 I hwc-display: [PrimaryDisplay] OperationRateManager::updateOperationRateLocked:Target@120(desired:120) | Refresh@60(peak:2147483647), Battery:OK, DBV:1183(NsMin:0)
12-10 21:57:01.573   584   685 I hwc-display: [PrimaryDisplay] setActiveConfigWithConstraints: config(36)
12-10 21:57:01.937  1351  1941 D ActivityManager: freezing 11135 com.android.externalstorage
12-10 21:57:01.953  1351  2003 D InetDiagMessage: Destroyed 0 sockets, proto=IPPROTO_TCP, family=AF_INET, states=14
12-10 21:57:01.963  1351  2003 D InetDiagMessage: Destroyed 0 sockets, proto=IPPROTO_TCP, family=AF_INET6, states=14
12-10 21:57:01.963  1351  2003 D InetDiagMessage: Destroyed live tcp sockets for uids={10053} in 17ms
12-10 21:57:02.491  1000  1024 I WifiHAL : Creating message to get link statistics; iface = 47
12-10 21:57:02.569  1000  1024 I WifiHAL : index: 0 per_rate_size 32, data_rem_len 1152
12-10 21:57:02.569  1000  1024 I WifiHAL : index: 1 per_rate_size 32, data_rem_len 1120
12-10 21:57:02.569  1000  1024 I WifiHAL : index: 2 per_rate_size 32, data_rem_len 1088
12-10 21:57:02.569  1000  1024 I WifiHAL : index: 3 per_rate_size 32, data_rem_len 1056
12-10 21:57:02.569  1000  1024 I WifiHAL : index: 4 per_rate_size 32, data_rem_len 1024
12-10 21:57:02.570  1000  1024 I WifiHAL : index: 5 per_rate_size 32, data_rem_len 992
12-10 21:57:02.570  1000  1024 I WifiHAL : index: 6 per_rate_size 32, data_rem_len 960
12-10 21:57:02.570  1000  1024 I WifiHAL : index: 7 per_rate_size 32, data_rem_len 928
12-10 21:57:02.570  1000  1024 I WifiHAL : index: 8 per_rate_size 32, data_rem_len 896
12-10 21:57:02.570  1000  1024 I WifiHAL : index: 9 per_rate_size 32, data_rem_len 864
12-10 21:57:02.570  1000  1024 I WifiHAL : index: 10 per_rate_size 32, data_rem_len 832
12-10 21:57:02.573  1000  1024 I WifiHAL : index: 11 per_rate_size 32, data_rem_len 800
12-10 21:57:02.573  1000  1024 I WifiHAL : index: 12 per_rate_size 32, data_rem_len 768
12-10 21:57:02.573  1000  1024 I WifiHAL : index: 13 per_rate_size 32, data_rem_len 736
12-10 21:57:02.573  1000  1024 I WifiHAL : index: 14 per_rate_size 32, data_rem_len 704
12-10 21:57:02.573  1000  1024 I WifiHAL : index: 15 per_rate_size 32, data_rem_len 672
12-10 21:57:02.573  1000  1024 I WifiHAL : index: 16 per_rate_size 32, data_rem_len 640
12-10 21:57:02.573  1000  1024 I WifiHAL : index: 17 per_rate_size 32, data_rem_len 608
12-10 21:57:02.573  1000  1024 I WifiHAL : index: 18 per_rate_size 32, data_rem_len 576
12-10 21:57:02.573  1000  1024 I WifiHAL : index: 19 per_rate_size 32, data_rem_len 544
12-10 21:57:02.573  1000  1024 I WifiHAL : index: 20 per_rate_size 32, data_rem_len 512
12-10 21:57:02.574  1000  1024 I WifiHAL : index: 21 per_rate_size 32, data_rem_len 480
12-10 21:57:02.574  1000  1024 I WifiHAL : index: 22 per_rate_size 32, data_rem_len 448
12-10 21:57:02.574  1000  1024 I WifiHAL : index: 23 per_rate_size 32, data_rem_len 416
12-10 21:57:02.574  1000  1024 I WifiHAL : index: 24 per_rate_size 32, data_rem_len 384
12-10 21:57:02.574  1000  1024 I WifiHAL : index: 25 per_rate_size 32, data_rem_len 352
12-10 21:57:02.574  1000  1024 I WifiHAL : index: 26 per_rate_size 32, data_rem_len 320
12-10 21:57:02.574  1000  1024 I WifiHAL : index: 27 per_rate_size 32, data_rem_len 288
12-10 21:57:02.574  1000  1024 I WifiHAL : index: 28 per_rate_size 32, data_rem_len 256
12-10 21:57:02.574  1000  1024 I WifiHAL : index: 29 per_rate_size 32, data_rem_len 224
12-10 21:57:02.574  1000  1024 I WifiHAL : index: 30 per_rate_size 32, data_rem_len 192
12-10 21:57:02.574  1000  1024 I WifiHAL : index: 31 per_rate_size 32, data_rem_len 160
12-10 21:57:02.574  1000  1024 I WifiHAL : index: 32 per_rate_size 32, data_rem_len 128
12-10 21:57:02.574  1000  1024 I WifiHAL : index: 33 per_rate_size 32, data_rem_len 96
12-10 21:57:02.574  1000  1024 I WifiHAL : index: 34 per_rate_size 32, data_rem_len 64
12-10 21:57:02.574  1000  1024 I WifiHAL : index: 35 per_rate_size 32, data_rem_len 32
12-10 21:57:02.578  1000  2108 I WifiHAL : Getting cached scan results, iface handle = 0xf00dc2613863390
12-10 21:57:02.578  1000  2108 E WifiHAL : Creating message to get cached scan results
12-10 21:57:02.587  1000  2108 I WifiHAL : In GetCachedScanResultsCommand::handleResponse
12-10 21:57:02.658   928  1606 I bthal.flowcontrol: HciEventPreProcess: HCI Event 0xe Opcode 0xfd59 Length 22 unhandled by ControllerActivityWatcher
12-10 21:57:02.849  1153 18579 D AidlBufferPool: bufferpool2 0x100c55b3d414de8 : 4(368640 size) total buffers - 1(92160 size) used buffers - 1909/1913 (recycle/alloc) - 7/1912 (fetch/transfer)
12-10 21:57:03.067  3282 18551 W AOSP-MdnsDiscoveryManag: Error while decoding multicast packet (4119): 1 [CONTEXT service_id=168 ]
12-10 21:57:03.068  3282 18551 W AOSP-MdnsDiscoveryManag: Error while decoding multicast packet (4120): 1 [CONTEXT service_id=168 ]
12-10 21:57:03.497  1119 18578 D AidlBufferPool: bufferpool2 0x100d22bce390c68 : 8(46080 size) total buffers - 5(28800 size) used buffers - 1941/1949 (recycle/alloc) - 8/3894 (fetch/transfer)
12-10 21:57:03.592  1000  2108 I WifiHAL : Creating message to get link statistics; iface = 47
12-10 21:57:03.651  1000  2108 I WifiHAL : index: 0 per_rate_size 32, data_rem_len 1152
12-10 21:57:03.651  1000  2108 I WifiHAL : index: 1 per_rate_size 32, data_rem_len 1120
12-10 21:57:03.652  1000  2108 I WifiHAL : index: 2 per_rate_size 32, data_rem_len 1088
12-10 21:57:03.652  1000  2108 I WifiHAL : index: 3 per_rate_size 32, data_rem_len 1056
12-10 21:57:03.652  1000  2108 I WifiHAL : index: 4 per_rate_size 32, data_rem_len 1024
12-10 21:57:03.652  1000  2108 I WifiHAL : index: 5 per_rate_size 32, data_rem_len 992
12-10 21:57:03.652  1000  2108 I WifiHAL : index: 6 per_rate_size 32, data_rem_len 960
12-10 21:57:03.652  1000  2108 I WifiHAL : index: 7 per_rate_size 32, data_rem_len 928
12-10 21:57:03.652  1000  2108 I WifiHAL : index: 8 per_rate_size 32, data_rem_len 896
12-10 21:57:03.652  1000  2108 I WifiHAL : index: 9 per_rate_size 32, data_rem_len 864
12-10 21:57:03.652  1000  2108 I WifiHAL : index: 10 per_rate_size 32, data_rem_len 832
12-10 21:57:03.652  1000  2108 I WifiHAL : index: 11 per_rate_size 32, data_rem_len 800
12-10 21:57:03.652  1000  2108 I WifiHAL : index: 12 per_rate_size 32, data_rem_len 768
12-10 21:57:03.652  1000  2108 I WifiHAL : index: 13 per_rate_size 32, data_rem_len 736
12-10 21:57:03.652  1000  2108 I WifiHAL : index: 14 per_rate_size 32, data_rem_len 704
12-10 21:57:03.652  1000  2108 I WifiHAL : index: 15 per_rate_size 32, data_rem_len 672
12-10 21:57:03.652  1000  2108 I WifiHAL : index: 16 per_rate_size 32, data_rem_len 640
12-10 21:57:03.652  1000  2108 I WifiHAL : index: 17 per_rate_size 32, data_rem_len 608
12-10 21:57:03.652  1000  2108 I WifiHAL : index: 18 per_rate_size 32, data_rem_len 576
12-10 21:57:03.652  1000  2108 I WifiHAL : index: 19 per_rate_size 32, data_rem_len 544
12-10 21:57:03.652  1000  2108 I WifiHAL : index: 20 per_rate_size 32, data_rem_len 512
12-10 21:57:03.652  1000  2108 I WifiHAL : index: 21 per_rate_size 32, data_rem_len 480
12-10 21:57:03.652  1000  2108 I WifiHAL : index: 22 per_rate_size 32, data_rem_len 448
12-10 21:57:03.652  1000  2108 I WifiHAL : index: 23 per_rate_size 32, data_rem_len 416
12-10 21:57:03.652  1000  2108 I WifiHAL : index: 24 per_rate_size 32, data_rem_len 384
12-10 21:57:03.652  1000  2108 I WifiHAL : index: 25 per_rate_size 32, data_rem_len 352
12-10 21:57:03.652  1000  2108 I WifiHAL : index: 26 per_rate_size 32, data_rem_len 320
12-10 21:57:03.652  1000  2108 I WifiHAL : index: 27 per_rate_size 32, data_rem_len 288
12-10 21:57:03.652  1000  2108 I WifiHAL : index: 28 per_rate_size 32, data_rem_len 256
12-10 21:57:03.652  1000  2108 I WifiHAL : index: 29 per_rate_size 32, data_rem_len 224
12-10 21:57:03.652  1000  2108 I WifiHAL : index: 30 per_rate_size 32, data_rem_len 192
12-10 21:57:03.652  1000  2108 I WifiHAL : index: 31 per_rate_size 32, data_rem_len 160
12-10 21:57:03.652  1000  2108 I WifiHAL : index: 32 per_rate_size 32, data_rem_len 128
12-10 21:57:03.652  1000  2108 I WifiHAL : index: 33 per_rate_size 32, data_rem_len 96
12-10 21:57:03.652  1000  2108 I WifiHAL : index: 34 per_rate_size 32, data_rem_len 64
12-10 21:57:03.653  1000  2108 I WifiHAL : index: 35 per_rate_size 32, data_rem_len 32
12-10 21:57:03.656  1000  2108 I WifiHAL : Getting cached scan results, iface handle = 0xf00dc2613863390
12-10 21:57:03.656  1000  2108 E WifiHAL : Creating message to get cached scan results
12-10 21:57:03.662  1000  2108 I WifiHAL : In GetCachedScanResultsCommand::handleResponse
12-10 21:57:03.887  3282 18551 W AOSP-MdnsDiscoveryManag: Error while decoding multicast packet (4123): 1 [CONTEXT service_id=168 ]
12-10 21:57:03.889  3282 18551 W AOSP-MdnsDiscoveryManag: Error while decoding multicast packet (4124): 1 [CONTEXT service_id=168 ]
12-10 21:57:05.112  3282 18551 W AOSP-MdnsDiscoveryManag: Error while decoding multicast packet (4127): 1 [CONTEXT service_id=168 ]
12-10 21:57:05.114  3282 18551 W AOSP-MdnsDiscoveryManag: Error while decoding multicast packet (4128): 1 [CONTEXT service_id=168 ]
12-10 21:57:06.699  1000  2108 I WifiHAL : Creating message to get link statistics; iface = 47
12-10 21:57:06.808  1000  2108 I WifiHAL : index: 0 per_rate_size 32, data_rem_len 1152
12-10 21:57:06.808  1000  2108 I WifiHAL : index: 1 per_rate_size 32, data_rem_len 1120
12-10 21:57:06.808  1000  2108 I WifiHAL : index: 2 per_rate_size 32, data_rem_len 1088
12-10 21:57:06.808  1000  2108 I WifiHAL : index: 3 per_rate_size 32, data_rem_len 1056
12-10 21:57:06.808  1000  2108 I WifiHAL : index: 4 per_rate_size 32, data_rem_len 1024
12-10 21:57:06.808  1000  2108 I WifiHAL : index: 5 per_rate_size 32, data_rem_len 992
12-10 21:57:06.808  1000  2108 I WifiHAL : index: 6 per_rate_size 32, data_rem_len 960
12-10 21:57:06.808  1000  2108 I WifiHAL : index: 7 per_rate_size 32, data_rem_len 928
12-10 21:57:06.808  1000  2108 I WifiHAL : index: 8 per_rate_size 32, data_rem_len 896
12-10 21:57:06.808  1000  2108 I WifiHAL : index: 9 per_rate_size 32, data_rem_len 864
12-10 21:57:06.808  1000  2108 I WifiHAL : index: 10 per_rate_size 32, data_rem_len 832
12-10 21:57:06.808  1000  2108 I WifiHAL : index: 11 per_rate_size 32, data_rem_len 800
12-10 21:57:06.808  1000  2108 I WifiHAL : index: 12 per_rate_size 32, data_rem_len 768
12-10 21:57:06.808  1000  2108 I WifiHAL : index: 13 per_rate_size 32, data_rem_len 736
12-10 21:57:06.808  1000  2108 I WifiHAL : index: 14 per_rate_size 32, data_rem_len 704
12-10 21:57:06.808  1000  2108 I WifiHAL : index: 15 per_rate_size 32, data_rem_len 672
12-10 21:57:06.809  1000  2108 I WifiHAL : index: 16 per_rate_size 32, data_rem_len 640
12-10 21:57:06.809  1000  2108 I WifiHAL : index: 17 per_rate_size 32, data_rem_len 608
12-10 21:57:06.809  1000  2108 I WifiHAL : index: 18 per_rate_size 32, data_rem_len 576
12-10 21:57:06.809  1000  2108 I WifiHAL : index: 19 per_rate_size 32, data_rem_len 544
12-10 21:57:06.809  1000  2108 I WifiHAL : index: 20 per_rate_size 32, data_rem_len 512
12-10 21:57:06.809  1000  2108 I WifiHAL : index: 21 per_rate_size 32, data_rem_len 480
12-10 21:57:06.809  1000  2108 I WifiHAL : index: 22 per_rate_size 32, data_rem_len 448
12-10 21:57:06.809  1000  2108 I WifiHAL : index: 23 per_rate_size 32, data_rem_len 416
12-10 21:57:06.809  1000  2108 I WifiHAL : index: 24 per_rate_size 32, data_rem_len 384
12-10 21:57:06.809  1000  2108 I WifiHAL : index: 25 per_rate_size 32, data_rem_len 352
12-10 21:57:06.809  1000  2108 I WifiHAL : index: 26 per_rate_size 32, data_rem_len 320
12-10 21:57:06.809  1000  2108 I WifiHAL : index: 27 per_rate_size 32, data_rem_len 288
12-10 21:57:06.809  1000  2108 I WifiHAL : index: 28 per_rate_size 32, data_rem_len 256
12-10 21:57:06.809  1000  2108 I WifiHAL : index: 29 per_rate_size 32, data_rem_len 224
12-10 21:57:06.809  1000  2108 I WifiHAL : index: 30 per_rate_size 32, data_rem_len 192
12-10 21:57:06.809  1000  2108 I WifiHAL : index: 31 per_rate_size 32, data_rem_len 160
12-10 21:57:06.809  1000  2108 I WifiHAL : index: 32 per_rate_size 32, data_rem_len 128
12-10 21:57:06.809  1000  2108 I WifiHAL : index: 33 per_rate_size 32, data_rem_len 96
12-10 21:57:06.810  1000  2108 I WifiHAL : index: 34 per_rate_size 32, data_rem_len 64
12-10 21:57:06.810  1000  2108 I WifiHAL : index: 35 per_rate_size 32, data_rem_len 32
12-10 21:57:06.811  1000  2108 E libbinder.IPCThreadState: binder thread pool (1 threads) starved for 112 ms
12-10 21:57:06.813  1000  2108 I WifiHAL : Getting cached scan results, iface handle = 0xf00dc2613863390
12-10 21:57:06.813  1000  2108 E WifiHAL : Creating message to get cached scan results
12-10 21:57:06.820  1000  2108 I WifiHAL : In GetCachedScanResultsCommand::handleResponse
12-10 21:57:06.910   973  1020 I grilcallback: Updating HandGrip status
12-10 21:57:06.917   580   698 D DisplayModeController: setDesiredMode 4619827677550801152 {mode={fps=120.00 Hz, modePtr={id=1, vsyncRate=120.00 Hz, peakRefreshRate=120.00 Hz}}, emitEvent=true, force=false}
12-10 21:57:06.928   584 18378 D hwc-display: setActiveConfigWithConstraints:: PrimaryDisplay config(37) test(0)
12-10 21:57:06.928   584 18378 D hwc-display: [PrimaryDisplay] OperationRateManager::onConfig:rate=120
12-10 21:57:06.928   584 18378 I hwc-display: [PrimaryDisplay] OperationRateManager::updateOperationRateLocked:Target@120(desired:120) | Refresh@120(peak:2147483647), Battery:OK, DBV:1183(NsMin:0)
12-10 21:57:06.928   584 18378 I hwc-display: [PrimaryDisplay] setActiveConfigWithConstraints: config(37)
12-10 21:57:06.959  2082  2085 I deeptouch: I0000 00:00:1765421826.959666    2085 tf_lite_classifier.cc:413] Event stream classified as kNone
12-10 21:57:06.961   973  1020 I grilcallback: HandGrip status updated successfully
12-10 21:57:06.971 17389 17389 D RememberBitwardenNavControllerKt: RootNavScreen destination changed: com.x8bit.bitwarden.ui.auth.feature.login.LoginRoute/{emailAddress} in com.x8bit.bitwarden.ui.auth.feature.auth.AuthGraphRoute
12-10 21:57:06.976 17389 17389 D WindowOnBackDispatcher: setTopOnBackInvokedCallback (unwrapped): androidx.navigationevent.OnBackInvokedInput$createOnBackAnimationCallback$1@fc1b264
12-10 21:57:06.977  1351  5983 D CoreBackPreview: Window{37b8d86 u0 com.x8bit.bitwarden.dev/com.x8bit.bitwarden.MainActivity}: Setting back callback OnBackInvokedCallbackInfo{mCallback=android.window.IOnBackInvokedCallback$Stub$Proxy@ab09b1a, mPriority=0, mIsAnimationCallback=true, mOverrideBehavior=0}
12-10 21:57:07.002 17389 18609 D BitwardenNetworkClient: --> GET http://127.0.0.1:41001/api/devices/knowndevice
12-10 21:57:07.002 17389 18609 D BitwardenNetworkClient: X-Request-Email: ZXBpY0BzdHVmZi54eXo
12-10 21:57:07.002 17389 18609 D BitwardenNetworkClient: X-Device-Identifier: 92167f8f-88e0-4caa-9cdb-ed28879ee0f2
12-10 21:57:07.002 17389 18609 D BitwardenNetworkClient: User-Agent: Bitwarden_Mobile/2025.11.1 (debug/standard) (Android 16; SDK 36; Model Pixel 8a)
12-10 21:57:07.002 17389 18609 D BitwardenNetworkClient: Bitwarden-Client-Name: mobile
12-10 21:57:07.002 17389 18609 D BitwardenNetworkClient: Bitwarden-Client-Version: 2025.11.1
12-10 21:57:07.002 17389 18609 D BitwardenNetworkClient: Device-Type: 0
12-10 21:57:07.002 17389 18609 D BitwardenNetworkClient: --> END GET
12-10 21:57:07.087 17389 18609 D BitwardenNetworkClient: <-- 200 OK http://127.0.0.1:41001/api/devices/knowndevice (84ms)
12-10 21:57:07.088 17389 18609 D BitwardenNetworkClient: content-type: application/json
12-10 21:57:07.088 17389 18609 D BitwardenNetworkClient: server: Rocket
12-10 21:57:07.088 17389 18609 D BitwardenNetworkClient: permissions-policy: accelerometer=(), ambient-light-sensor=(), autoplay=(), battery=(), camera=(), display-capture=(), document-domain=(), encrypted-media=(), execution-while-not-rendered=(), execution-while-out-of-viewport=(), fullscreen=(), geolocation=(), gyroscope=(), keyboard-map=(), magnetometer=(), microphone=(), midi=(), payment=(), picture-in-picture=(), screen-wake-lock=(), sync-xhr=(), usb=(), web-share=(), xr-spatial-tracking=()
12-10 21:57:07.088 17389 18609 D BitwardenNetworkClient: x-content-type-options: nosniff
12-10 21:57:07.088 17389 18609 D BitwardenNetworkClient: x-frame-options: SAMEORIGIN
12-10 21:57:07.089 17389 18609 D BitwardenNetworkClient: referrer-policy: same-origin
12-10 21:57:07.089 17389 18609 D BitwardenNetworkClient: x-robots-tag: noindex, nofollow
12-10 21:57:07.089 17389 18609 D BitwardenNetworkClient: x-xss-protection: 0
12-10 21:57:07.089 17389 18609 D BitwardenNetworkClient: cross-origin-resource-policy: same-origin
12-10 21:57:07.089 17389 18609 D BitwardenNetworkClient: content-security-policy: default-src 'none'; font-src 'self'; manifest-src 'self'; base-uri 'self'; form-action 'self'; object-src 'self' blob:; script-src 'self' 'wasm-unsafe-eval'; style-src 'self' 'unsafe-inline'; child-src 'self' https://*.duosecurity.com https://*.duofederal.com; frame-src 'self' https://*.duosecurity.com https://*.duofederal.com; frame-ancestors 'self' chrome-extension://nngceckbapebfimnlniiiahkandclblb chrome-extension://jbkfoedolllekgbhcbcoahefnbanhhlh moz-extension://* ; img-src 'self' data: https://haveibeenpwned.com ; connect-src 'self' https://api.pwnedpasswords.com https://api.2fa.directory https://app.simplelogin.io/api/ https://app.addy.io/api/ https://api.fastmail.com/ https://api.forwardemail.net ;
12-10 21:57:07.090 17389 18609 D BitwardenNetworkClient: cache-control: no-cache, no-store, max-age=0
12-10 21:57:07.090 17389 18609 D BitwardenNetworkClient: content-length: 4
12-10 21:57:07.090 17389 18609 D BitwardenNetworkClient: date: Thu, 11 Dec 2025 02:57:07 GMT
12-10 21:57:07.091 17389 18609 D BitwardenNetworkClient: true
12-10 21:57:07.091 17389 18609 D BitwardenNetworkClient: <-- END HTTP (87ms, 4-byte body)
12-10 21:57:07.112 17389 17389 D WindowOnBackDispatcher: setTopOnBackInvokedCallback (unwrapped): android.app.Dialog$$ExternalSyntheticLambda2@d7ce354
12-10 21:57:07.112 17389 17389 D WindowOnBackDispatcher: setTopOnBackInvokedCallback (unwrapped): androidx.navigationevent.OnBackInvokedInput$createOnBackAnimationCallback$1@26892fd
12-10 21:57:07.113  1351  8494 D CoreBackPreview: Window{e0d5828 u0 com.x8bit.bitwarden.dev/com.x8bit.bitwarden.MainActivity}: Setting back callback OnBackInvokedCallbackInfo{mCallback=android.window.IOnBackInvokedCallback$Stub$Proxy@aba246c, mPriority=-1, mIsAnimationCallback=false, mOverrideBehavior=0}
12-10 21:57:07.113  1351  3308 D CoreBackPreview: Window{e0d5828 u0 com.x8bit.bitwarden.dev/com.x8bit.bitwarden.MainActivity}: Setting back callback OnBackInvokedCallbackInfo{mCallback=android.window.IOnBackInvokedCallback$Stub$Proxy@fe29a35, mPriority=0, mIsAnimationCallback=true, mOverrideBehavior=0}
12-10 21:57:07.164  1351  3308 V AutofillSession: Primary service component name: ComponentInfo{com.x8bit.bitwarden/com.x8bit.bitwarden.Autofill.AutofillService}, secondary service component name: ComponentInfo{com.android.credentialmanager/com.android.credentialmanager.autofill.CredentialAutofillService}
12-10 21:57:07.166  1351  3308 V SecondaryProviderHandler: Creating a secondary provider handler with component name, ComponentInfo{com.android.credentialmanager/com.android.credentialmanager.autofill.CredentialAutofillService}
12-10 21:57:07.167  1351  3308 D PresentationStatsEventLogger: Started new PresentationStatsEvent
12-10 21:57:07.168  1351  3308 I AppsFilter: interaction: PackageSetting{45b20fa com.x8bit.bitwarden.dev/10203} -> PackageSetting{4bae1c0 helium314.keyboard/10187} BLOCKED
12-10 21:57:07.168  1351  3308 W FillRequestEventLogger: Couldn't find packageName: helium314.keyboard
12-10 21:57:07.173  1351  3308 W PresentationStatsEventLogger: Bad view state for: -1, state: ViewState: [id=1073741848:i674@640106424, state:10010, currentValue:android.view.autofill.AutofillValue@1, virtualBounds:Rect(42, 2695 - 1038, 2842)]
12-10 21:57:07.200 17389 17389 D InsetsController: show(ime())
12-10 21:57:07.201 17389 17389 I ImeTracker: com.x8bit.bitwarden.dev:700d7b2a: onRequestShow at ORIGIN_CLIENT reason SHOW_SOFT_INPUT_BY_INSETS_API fromUser false
12-10 21:57:07.201 17389 17389 D ImeBackDispatcher: Undo preliminary clear (mImeCallbacks.size=0)
12-10 21:57:07.201 17389 17389 D InsetsController: Setting requestedVisibleTypes to -1 (was -9)
12-10 21:57:07.203  4119  4119 I LatinIME: onFinishInput
12-10 21:57:07.203  4119  4119 D LatinIME: onInlineSuggestionsResponse called
12-10 21:57:07.204  4119  4119 D LatinIME: onCreateInlineSuggestionsRequest called
12-10 21:57:07.221  1351  2051 D BackgroundInstallControlService: Package event received: 0
12-10 21:57:07.227 17389 17389 I AssistStructure: Flattened final assist data: 1344 bytes, containing 2 windows, 8 views
12-10 21:57:07.228  1351  8494 D AutofillSession: createPendingIntent for request 1006
12-10 21:57:07.228   683   683 W powerhal-libperfmgr: Sess(285), cannot resume, already active
12-10 21:57:07.229 17389 17389 D ImeBackDispatcher: switch root view (mImeCallbacks.size=0)
12-10 21:57:07.231  4119  4119 I LatinIME: Starting input. Cursor position = 0,0
12-10 21:57:07.231  1351  1963 I ImeTracker: com.x8bit.bitwarden.dev:1cd4634: onRequestHide at ORIGIN_SERVER reason HIDE_UNSPECIFIED_WINDOW fromUser false
12-10 21:57:07.232  4119  4119 I Settings: loadSettings
12-10 21:57:07.244  1177  1177 D AOC     : A3:MSG: lsm6dsv_device.cc, 732: USF: Lsm6dsvDevice: Sensor 3: Enabled 0, odr_index 0, period_ns 0.
12-10 21:57:07.244  1177  1177 D AOC     : A3:MSG: lsm6dsv_fifo.cc, 755: USF: Lsm6dsvFifo: ODR: XL/G/T/TS: 480/480/15/60 WM: 2 Intr: 480.
12-10 21:57:07.244  1177  1177 D AOC     : A3:MSG: lsm6dsv_device.cc, 641: USF: Lsm6dsvDevice: Fifo was disabled for 576416ns.
12-10 21:57:07.246  1177  1177 D AOC     : A3:MSG: usf_sensor.cc, 1792: USF: Received stop sampling request for LSM6DSV Motion Detect (active:-1).
12-10 21:57:07.247  1177  1177 D AOC     : A3:MSG: usf_sensor.cc, 2354: USF: Sampling configuration 996 not found.
12-10 21:57:07.247  1177  1177 D AOC     : A3:MSG: usf_sensor_client.cc, 173: USF: Received kErrNotFound when disabling one shot sensor.
12-10 21:57:07.248  1177  1177 D AOC     : A3:MSG: usf_sensor.cc, 1784: USF: Received start sampling request for LSM6DSV Stationary Detect (active:1).
12-10 21:57:07.248  1177  1177 D AOC     : A3:MSG: lsm6dsv_device.cc, 732: USF: Lsm6dsvDevice: Sensor 4: Enabled 1, odr_index 1, period_ns 500000000.
12-10 21:57:07.249  1177  1177 D AOC     : A3:MSG: lsm6dsv_fifo.cc, 755: USF: Lsm6dsvFifo: ODR: XL/G/T/TS: 480/480/15/60 WM: 2 Intr: 480.
