12-10 21:57:07.249  1177  1177 D AOC     : A3:MSG: lsm6dsv_device.cc, 641: USF: Lsm6dsvDevice: Fifo was disabled for 576172ns.
12-10 21:57:07.250  1177  1177 D AOC     : A3:MSG: motion_state_sensor.cc, 328: USF: MoSt: StationaryDetect sampling started with sampling ID 998.
12-10 21:57:07.253  1177  1177 D AOC     : A3:MSG: usf_sensor.cc, 1784: USF: Received start sampling request for LSM6DSV FreeFall Detect (active:1).
12-10 21:57:07.254 17389 17389 D ImeBackDispatcher: Clear (mImeCallbacks.size=0)
12-10 21:57:07.254 17389 17389 D ImeBackDispatcher: switch root view (mImeCallbacks.size=0)
12-10 21:57:07.254 17389 17389 D WindowOnBackDispatcher: setTopOnBackInvokedCallback (unwrapped): null
12-10 21:57:07.254  1177  1177 D AOC     : A3:MSG: lsm6dsv_device.cc, 732: USF: Lsm6dsvDevice: Sensor 5: Enabled 1, odr_index 2, period_ns 500000000.
12-10 21:57:07.255  1351  8494 D CoreBackPreview: Window{e0d5828 u0 com.x8bit.bitwarden.dev/com.x8bit.bitwarden.MainActivity}: Setting back callback null
12-10 21:57:07.255  1177  1177 D AOC     : A3:MSG: lsm6dsv_fifo.cc, 755: USF: Lsm6dsvFifo: ODR: XL/G/T/TS: 480/480/15/60 WM: 2 Intr: 480.
12-10 21:57:07.255  1177  1177 D AOC     : A3:MSG: lsm6dsv_device.cc, 252: USF: Lsm6dsvDevice: Config sampling too slow. Took 517863ns.
12-10 21:57:07.255  1177  1177 D AOC     : A3:MSG: lsm6dsv_device.cc, 641: USF: Lsm6dsvDevice: Fifo was disabled for 517863ns.
12-10 21:57:07.256  1351  2051 D BackgroundInstallControlService: Package event received: 0
12-10 21:57:07.264  1177  1177 D AOC     : A3:MSG: usf_sensor.cc, 1784: USF: Received start sampling request for LSM6DSV Stationary Detect (active:2).
12-10 21:57:07.269   932   944 I CHRE    : @ 2381.797: Received a sampling status update for one shot sensor LSM6DSV FreeFall Detect
12-10 21:57:07.269   932   944 I CHRE    : @ 2381.800: Received a sampling status update for one shot sensor LSM6DSV Stationary Detect
12-10 21:57:07.272  1351  1437 V WindowManager: Unknown focus tokens, dropping reportFocusChanged
12-10 21:57:07.286 17389 17389 I ImeTracker: com.x8bit.bitwarden.dev:95f9a41: onRequestShow at ORIGIN_CLIENT reason SHOW_SOFT_INPUT fromUser false
12-10 21:57:07.286 17389 17389 I ImeTracker: com.x8bit.bitwarden.dev:95f9a41: onFailed at PHASE_CLIENT_VIEW_SERVED
12-10 21:57:07.286 17389 17389 W InputMethodManager: Ignoring showSoftInput() as view=androidx.compose.ui.platform.AndroidComposeView{1a24247 VFED..... .F...... 0,0-1080,2400 aid=1073741848} is not served.
12-10 21:57:07.287 17389 17389 I ImeTracker: com.x8bit.bitwarden.dev:1cd4634: onFailed at PHASE_CLIENT_HANDLE_SET_IME_VISIBILITY
12-10 21:57:07.300 17389 17389 W RemoteInputConnectionImpl: getSelectedText on inactive InputConnection
12-10 21:57:07.328 17389 17389 D ImeBackDispatcher: switch root view (mImeCallbacks.size=0)
12-10 21:57:07.330 17389 17389 W RemoteInputConnectionImpl: requestCursorUpdates on inactive InputConnection
12-10 21:57:07.333  1351  1963 I ImeTracker: com.x8bit.bitwarden.dev:fd753b4e: onRequestShow at ORIGIN_SERVER reason ATTACH_NEW_INPUT fromUser false
12-10 21:57:07.345  1351  3308 I AssistStructure: Flattened final assist data: 1188 bytes, containing 2 windows, 8 views
12-10 21:57:07.352 17389 17389 W RemoteInputConnectionImpl: getTextBeforeCursor on inactive InputConnection
12-10 21:57:07.353  4119  4119 E RichInputConnection: Unable to connect to the editor to retrieve text.
12-10 21:57:07.353  4119  4119 D RichInputConnection: Will try to retrieve text later.
12-10 21:57:07.357  1351  1351 W FillRequestEventLogger: Shouldn't be logging AutofillFillRequestReported again for same event
12-10 21:57:07.357  1351  1351 W FillResponseEventLogger: Shouldn't be logging AutofillFillRequestReported again for same event
12-10 21:57:07.357  1351  1351 W PresentationStatsEventLogger: Empty dataset. Autofill ignoring log
12-10 21:57:07.357  1351  1351 D AutofillSession: clearPendingIntentLocked
12-10 21:57:07.360  4119  4119 D ImeBackDispatcher: Send callback registration id=262798696 priority=0
12-10 21:57:07.360  3424  3424 V InlineSuggestionRenderService: handleDestroySuggestionViews called for 0:640106424
12-10 21:57:07.363  1351  2051 D BackgroundInstallControlService: Package event received: 0
12-10 21:57:07.369  2377  2936 D WindowManagerShell: onKeepClearAreasChanged: restricted={}, unrestricted={Rect(0, 1607 - 1080, 2400)}
12-10 21:57:07.373  2377  2936 D WindowManagerShell: onKeepClearAreasChanged: restricted={}, unrestricted={Rect(0, 1502 - 1080, 2500)}
12-10 21:57:07.384  4119  4119 I LatinIME: onFinishInputView
12-10 21:57:07.384  4119  4119 I LatinIME: onFinishInput
12-10 21:57:07.385  4119  4119 D ImeBackDispatcher: Send callback unregistration id=262798696
12-10 21:57:07.386  4119  4119 I LatinIME: Starting input. Cursor position = -1,-1
12-10 21:57:07.387  4119  4119 I InputAttributes: InputType.TYPE_NULL is specified
12-10 21:57:07.387  4119  4119 I Settings: loadSettings
12-10 21:57:07.387  1351  5280 I ImeTracker: system_server:7ad79f13: onRequestHide at ORIGIN_SERVER reason IME_REQUESTED_CHANGED_LISTENER fromUser false
12-10 21:57:07.390 17389 17389 D ImeBackDispatcher: Register received callback id=262798696 priority=0
12-10 21:57:07.390 17389 17389 D WindowOnBackDispatcher: setTopOnBackInvokedCallback (unwrapped): ImeOnBackInvokedCallback@262798696 Callback=android.window.IOnBackInvokedCallback$Stub$Proxy@c92c24
12-10 21:57:07.391  2377  2936 D WindowManagerShell: onKeepClearAreasChanged: restricted={}, unrestricted={}
12-10 21:57:07.394  1351  8494 D CoreBackPreview: Window{37b8d86 u0 com.x8bit.bitwarden.dev/com.x8bit.bitwarden.MainActivity}: Setting back callback OnBackInvokedCallbackInfo{mCallback=android.window.IOnBackInvokedCallback$Stub$Proxy@8bcf3d0, mPriority=0, mIsAnimationCallback=true, mOverrideBehavior=0}
12-10 21:57:07.396  1351  1434 D HintManagerService: Sent cleanup message for uid 10187
12-10 21:57:07.400 17389 17389 D ImeBackDispatcher: Unregister received callback id=262798696
12-10 21:57:07.400 17389 17389 D WindowOnBackDispatcher: setTopOnBackInvokedCallback (unwrapped): androidx.navigationevent.OnBackInvokedInput$createOnBackAnimationCallback$1@fc1b264
12-10 21:57:07.401  1351  5983 D CoreBackPreview: Window{37b8d86 u0 com.x8bit.bitwarden.dev/com.x8bit.bitwarden.MainActivity}: Setting back callback OnBackInvokedCallbackInfo{mCallback=android.window.IOnBackInvokedCallback$Stub$Proxy@d9d5fc9, mPriority=0, mIsAnimationCallback=true, mOverrideBehavior=0}
12-10 21:57:07.419  1351  1438 I ImeTracker: system_server:a5633d58: onRequestHide at ORIGIN_SERVER reason IME_REQUESTED_CHANGED_LISTENER fromUser false
12-10 21:57:07.514  4119  4119 D ImeBackDispatcher: Send callback registration id=262798696 priority=0
12-10 21:57:07.515  4119  4119 I LatinIME: onFinishInputView
12-10 21:57:07.515  4119  4119 I LatinIME: onFinishInput
12-10 21:57:07.515  4119  4119 D ImeBackDispatcher: Send callback unregistration id=262798696
12-10 21:57:07.517  1351  5983 I ImeTracker: system_server:c77d4ee7: onRequestShow at ORIGIN_SERVER reason IME_REQUESTED_CHANGED_LISTENER fromUser false
12-10 21:57:07.517 17389 17389 D ImeBackDispatcher: Register received callback id=262798696 priority=0
12-10 21:57:07.517 17389 17389 D WindowOnBackDispatcher: setTopOnBackInvokedCallback (unwrapped): ImeOnBackInvokedCallback@262798696 Callback=android.window.IOnBackInvokedCallback$Stub$Proxy@aeed2c1
12-10 21:57:07.517 17389 17389 D ImeBackDispatcher: Unregister received callback id=262798696
12-10 21:57:07.517 17389 17389 D WindowOnBackDispatcher: setTopOnBackInvokedCallback (unwrapped): androidx.navigationevent.OnBackInvokedInput$createOnBackAnimationCallback$1@fc1b264
12-10 21:57:07.518  4119  4119 I LatinIME: Starting input. Cursor position = 0,0
12-10 21:57:07.519  4119  4119 I Settings: loadSettings
12-10 21:57:07.522  2377  2936 D WindowManagerShell: onKeepClearAreasChanged: restricted={}, unrestricted={Rect(0, 1502 - 1080, 2500)}
12-10 21:57:07.525  1351  8494 D CoreBackPreview: Window{37b8d86 u0 com.x8bit.bitwarden.dev/com.x8bit.bitwarden.MainActivity}: Setting back callback OnBackInvokedCallbackInfo{mCallback=android.window.IOnBackInvokedCallback$Stub$Proxy@5fe6f94, mPriority=0, mIsAnimationCallback=true, mOverrideBehavior=0}
12-10 21:57:07.528  1351  3680 D CoreBackPreview: Window{37b8d86 u0 com.x8bit.bitwarden.dev/com.x8bit.bitwarden.MainActivity}: Setting back callback OnBackInvokedCallbackInfo{mCallback=android.window.IOnBackInvokedCallback$Stub$Proxy@91dbb83, mPriority=0, mIsAnimationCallback=true, mOverrideBehavior=0}
12-10 21:57:07.529  1351  2051 D BackgroundInstallControlService: Package event received: 0
12-10 21:57:07.531   683   683 W powerhal-libperfmgr: Sess(285), cannot resume, already active
12-10 21:57:07.536  1351  1438 I ImeTracker: system_server:892a5edb: onRequestShow at ORIGIN_SERVER reason CONTROLS_CHANGED fromUser false
12-10 21:57:07.538  2377  2936 I ImeTracker: com.x8bit.bitwarden.dev:700d7b2a: onCancelled at PHASE_WM_ANIMATION_RUNNING
12-10 21:57:07.548  4119  4119 D ImeBackDispatcher: Send callback registration id=262798696 priority=0
12-10 21:57:07.555 17389 17389 D ImeBackDispatcher: Register received callback id=262798696 priority=0
12-10 21:57:07.555 17389 17389 D WindowOnBackDispatcher: setTopOnBackInvokedCallback (unwrapped): ImeOnBackInvokedCallback@262798696 Callback=android.window.IOnBackInvokedCallback$Stub$Proxy@b4eb03e
12-10 21:57:07.555  1351  3680 D CoreBackPreview: Window{37b8d86 u0 com.x8bit.bitwarden.dev/com.x8bit.bitwarden.MainActivity}: Setting back callback OnBackInvokedCallbackInfo{mCallback=android.window.IOnBackInvokedCallback$Stub$Proxy@2c0cd39, mPriority=0, mIsAnimationCallback=true, mOverrideBehavior=0}
12-10 21:57:07.564  4119  4119 I LatinIME: hideWindow
12-10 21:57:07.565  4119  4119 I LatinIME: onFinishInputView
12-10 21:57:07.565  4119  4119 I LatinIME: onWindowHidden
12-10 21:57:07.566  4119  4119 D ImeBackDispatcher: Send callback unregistration id=262798696
12-10 21:57:07.566  4119  4119 I ImeTracker: system_server:7ad79f13: onHidden
12-10 21:57:07.566  4119  4119 I LatinIME: hideWindow
12-10 21:57:07.566  4119  4119 I ImeTracker: system_server:a5633d58: onHidden
12-10 21:57:07.567  1351  8494 D ImeInsetsSourceProvider: showImePostLayout aborted, serverVisible: true, frozen: false, mWin is: non-null, isDrawn: true, mGivenInsetsPending: false, imeLayeringTarget: Window{37b8d86 u0 com.x8bit.bitwarden.dev/com.x8bit.bitwarden.MainActivity}, controlTarget: Window{37b8d86 u0 com.x8bit.bitwarden.dev/com.x8bit.bitwarden.MainActivity}
12-10 21:57:07.567  1351  8494 D ImeInsetsSourceProvider: controlTarget == DisplayContent.imeControlTarget: true, hasPendingControls: false, leash is: non-null
12-10 21:57:07.567  1351  8494 I ImeTracker: com.x8bit.bitwarden.dev:fd753b4e: onFailed at PHASE_WM_ABORT_SHOW_IME_POST_LAYOUT
12-10 21:57:07.569  4119  4119 I LatinIME: Starting input. Cursor position = 0,0
12-10 21:57:07.569  4119  4119 I Settings: loadSettings
12-10 21:57:07.581 17389 17389 D ImeBackDispatcher: Unregister received callback id=262798696
12-10 21:57:07.581 17389 17389 D WindowOnBackDispatcher: setTopOnBackInvokedCallback (unwrapped): androidx.navigationevent.OnBackInvokedInput$createOnBackAnimationCallback$1@fc1b264
12-10 21:57:07.582  1351  5983 D CoreBackPreview: Window{37b8d86 u0 com.x8bit.bitwarden.dev/com.x8bit.bitwarden.MainActivity}: Setting back callback OnBackInvokedCallbackInfo{mCallback=android.window.IOnBackInvokedCallback$Stub$Proxy@db4ef7e, mPriority=0, mIsAnimationCallback=true, mOverrideBehavior=0}
12-10 21:57:07.649  4119  4119 D ImeBackDispatcher: Send callback registration id=262798696 priority=0
12-10 21:57:07.652  1351  5983 I ImeTracker: system_server:c77d4ee7: onCancelled at PHASE_WM_POST_LAYOUT_NOTIFY_CONTROLS_CHANGED
12-10 21:57:07.662 17389 17389 D ImeBackDispatcher: Register received callback id=262798696 priority=0
12-10 21:57:07.663 17389 17389 D WindowOnBackDispatcher: setTopOnBackInvokedCallback (unwrapped): ImeOnBackInvokedCallback@262798696 Callback=android.window.IOnBackInvokedCallback$Stub$Proxy@63abec
12-10 21:57:07.663  1351  5983 D CoreBackPreview: Window{37b8d86 u0 com.x8bit.bitwarden.dev/com.x8bit.bitwarden.MainActivity}: Setting back callback OnBackInvokedCallbackInfo{mCallback=android.window.IOnBackInvokedCallback$Stub$Proxy@768cdf, mPriority=0, mIsAnimationCallback=true, mOverrideBehavior=0}
12-10 21:57:07.842 17389 17389 I ImeTracker: system_server:892a5edb: onShown
12-10 21:57:08.388  1153 18579 D AidlBufferPool: bufferpool2 0x100c55b3d414de8 : 4(368640 size) total buffers - 1(92160 size) used buffers - 2187/2191 (recycle/alloc) - 8/2190 (fetch/transfer)
12-10 21:57:08.400  1351  1942 D HintManagerService: Starts cleaning for 10187
12-10 21:57:08.986  1119 18578 D AidlBufferPool: bufferpool2 0x100d22bce390c68 : 8(46080 size) total buffers - 5(28800 size) used buffers - 2216/2224 (recycle/alloc) - 8/4444 (fetch/transfer)
12-10 21:57:09.373   973  1020 I grilcallback: Updating HandGrip status
12-10 21:57:09.418   973  1020 I grilcallback: HandGrip status updated successfully
12-10 21:57:09.429  2082  2085 I deeptouch: I0000 00:00:1765421829.428969    2085 tf_lite_classifier.cc:413] Event stream classified as kNone
12-10 21:57:09.630  1177  1177 D AOC     : A3:MSG: usf_vsc_log.cc, 54: USF: [WO] Rejected by swing_time. Last detected 131 ms ago.
12-10 21:57:09.857  1000  2108 I WifiHAL : Creating message to get link statistics; iface = 47
12-10 21:57:09.907  1000  2108 I WifiHAL : index: 0 per_rate_size 32, data_rem_len 1152
12-10 21:57:09.908  1000  2108 I WifiHAL : index: 1 per_rate_size 32, data_rem_len 1120
12-10 21:57:09.908  1000  2108 I WifiHAL : index: 2 per_rate_size 32, data_rem_len 1088
12-10 21:57:09.908  1000  2108 I WifiHAL : index: 3 per_rate_size 32, data_rem_len 1056
12-10 21:57:09.908  1000  2108 I WifiHAL : index: 4 per_rate_size 32, data_rem_len 1024
12-10 21:57:09.908  1000  2108 I WifiHAL : index: 5 per_rate_size 32, data_rem_len 992
12-10 21:57:09.908  1000  2108 I WifiHAL : index: 6 per_rate_size 32, data_rem_len 960
12-10 21:57:09.908  1000  2108 I WifiHAL : index: 7 per_rate_size 32, data_rem_len 928
12-10 21:57:09.908  1000  2108 I WifiHAL : index: 8 per_rate_size 32, data_rem_len 896
12-10 21:57:09.908  1000  2108 I WifiHAL : index: 9 per_rate_size 32, data_rem_len 864
12-10 21:57:09.909  1000  2108 I WifiHAL : index: 10 per_rate_size 32, data_rem_len 832
12-10 21:57:09.909  1000  2108 I WifiHAL : index: 11 per_rate_size 32, data_rem_len 800
12-10 21:57:09.909  1000  2108 I WifiHAL : index: 12 per_rate_size 32, data_rem_len 768
12-10 21:57:09.909  1000  2108 I WifiHAL : index: 13 per_rate_size 32, data_rem_len 736
12-10 21:57:09.909  1000  2108 I WifiHAL : index: 14 per_rate_size 32, data_rem_len 704
12-10 21:57:09.909  1000  2108 I WifiHAL : index: 15 per_rate_size 32, data_rem_len 672
12-10 21:57:09.909  1000  2108 I WifiHAL : index: 16 per_rate_size 32, data_rem_len 640
12-10 21:57:09.909  1000  2108 I WifiHAL : index: 17 per_rate_size 32, data_rem_len 608
12-10 21:57:09.909  1000  2108 I WifiHAL : index: 18 per_rate_size 32, data_rem_len 576
12-10 21:57:09.909  1000  2108 I WifiHAL : index: 19 per_rate_size 32, data_rem_len 544
12-10 21:57:09.909  1000  2108 I WifiHAL : index: 20 per_rate_size 32, data_rem_len 512
12-10 21:57:09.909  1000  2108 I WifiHAL : index: 21 per_rate_size 32, data_rem_len 480
12-10 21:57:09.909  1000  2108 I WifiHAL : index: 22 per_rate_size 32, data_rem_len 448
12-10 21:57:09.909  1000  2108 I WifiHAL : index: 23 per_rate_size 32, data_rem_len 416
12-10 21:57:09.909  1000  2108 I WifiHAL : index: 24 per_rate_size 32, data_rem_len 384
12-10 21:57:09.909  1000  2108 I WifiHAL : index: 25 per_rate_size 32, data_rem_len 352
12-10 21:57:09.910  1000  2108 I WifiHAL : index: 26 per_rate_size 32, data_rem_len 320
12-10 21:57:09.910  1000  2108 I WifiHAL : index: 27 per_rate_size 32, data_rem_len 288
12-10 21:57:09.910  1000  2108 I WifiHAL : index: 28 per_rate_size 32, data_rem_len 256
12-10 21:57:09.910  1000  2108 I WifiHAL : index: 29 per_rate_size 32, data_rem_len 224
12-10 21:57:09.910  1000  2108 I WifiHAL : index: 30 per_rate_size 32, data_rem_len 192
12-10 21:57:09.910  1000  2108 I WifiHAL : index: 31 per_rate_size 32, data_rem_len 160
12-10 21:57:09.910  1000  2108 I WifiHAL : index: 32 per_rate_size 32, data_rem_len 128
12-10 21:57:09.910  1000  2108 I WifiHAL : index: 33 per_rate_size 32, data_rem_len 96
12-10 21:57:09.910  1000  2108 I WifiHAL : index: 34 per_rate_size 32, data_rem_len 64
12-10 21:57:09.910  1000  2108 I WifiHAL : index: 35 per_rate_size 32, data_rem_len 32
12-10 21:57:09.914  1000  1024 I WifiHAL : Getting cached scan results, iface handle = 0xf00dc2613863390
12-10 21:57:09.914  1000  1024 E WifiHAL : Creating message to get cached scan results
12-10 21:57:09.935  1000  1024 I WifiHAL : In GetCachedScanResultsCommand::handleResponse
12-10 21:57:10.000  1177  1177 D AOC     : A3:MSG: usf_vsc_log.cc, 54: USF: [WO] Change detected: previous_rotation: -1, proposed_rotation: 0
12-10 21:57:10.000  1177  1177 D AOC     : A3:MSG: usf_vsc_log.cc, 54: USF: [WO] Last acceleration 2328644 ms ago > threshold.
12-10 21:57:10.001  1177  1177 D AOC     : A3:MSG: usf_vsc_log.cc, 54: USF: [WO] z-axis rotation: 0
12-10 21:57:10.001  1177  1177 D AOC     : A3:MSG: usf_vsc_log.cc, 54: USF: [WO] Last flat 1779 ms ago > threshold.
12-10 21:57:10.003  1177  1177 D AOC     : A3:MSG: usf_vsc_log.cc, 54: USF: [WO] Last swinging 527 ms ago > threshold.
12-10 21:57:10.004  1177  1177 D AOC     : A3:MSG: usf_vsc_log.cc, 54: USF: [WO] Tilt angle 41 Orientation angle 346
12-10 21:57:10.006  1177  1177 D AOC     : A3:MSG: usf_vsc_log.cc, 54: USF: [WO] Changed rotation to 0 at ts 2384532 ms, IMU 0
12-10 21:57:10.008   957  1656 I sensor-suez: Vendor atom [id = 100245] reported.
12-10 21:57:10.027  3282 18551 W AOSP-MdnsDiscoveryManag: Error while decoding multicast packet (4131): 1 [CONTEXT service_id=168 ]
12-10 21:57:10.029  3282 18551 W AOSP-MdnsDiscoveryManag: Error while decoding multicast packet (4132): 1 [CONTEXT service_id=168 ]
12-10 21:57:10.192   926  1449 D AHal::Cs35l41Codec: CheckAllSpeakers: get ctl [PCM Source] = 1, expects 1
12-10 21:57:10.195   926  1449 D AHal::Cs35l41Codec: CheckAllSpeakers: get ctl [R PCM Source] = 1, expects 1
12-10 21:57:10.272  2082  2085 I deeptouch: I0000 00:00:1765421830.272357    2085 tf_lite_classifier.cc:413] Event stream classified as kNone
12-10 21:57:10.535   973  1020 I grilcallback: Updating HandGrip status
12-10 21:57:10.569  2082  2085 I deeptouch: I0000 00:00:1765421830.569585    2085 tf_lite_classifier.cc:413] Event stream classified as kNone
12-10 21:57:10.585   973  1020 I grilcallback: HandGrip status updated successfully
12-10 21:57:10.767  2082  2085 I deeptouch: I0000 00:00:1765421830.767625    2085 tf_lite_classifier.cc:413] Event stream classified as kNone
12-10 21:57:11.073  2082  2085 I deeptouch: I0000 00:00:1765421831.073216    2085 tf_lite_classifier.cc:413] Event stream classified as kNone
12-10 21:57:11.216  2082  2085 I deeptouch: I0000 00:00:1765421831.216579    2085 tf_lite_classifier.cc:413] Event stream classified as kNone
12-10 21:57:11.259   926  1449 I AHal::Cs35l41Health: GetImpedances: speaker [0] impedance: 6.29542 Ohms
12-10 21:57:11.259   926  1449 I AHal::Cs35l41Health: GetImpedances: speaker [1] impedance: 7.55165 Ohms
12-10 21:57:11.259   926  1449 I AHal::Cs35l41Health: GetTemperatures: DSP1 Protection cd BDLOG_MAX_TEMP Max temp: 0x118e34 ==> 70.2219 C
12-10 21:57:11.260   926  1449 I AHal::Cs35l41Health: GetTemperatures: R DSP1 Protection cd BDLOG_MAX_TEMP Max temp: 0x133070 ==> 76.7568 C
12-10 21:57:11.260   926  1449 I AHal::Cs35l41Health: GetExcursions: DSP1 Protection cd BDLOG_MAX_EXC Max exc: 0x37318 ==> 0.431198 mm
12-10 21:57:11.260   926  1449 I AHal::Cs35l41Health: GetExcursions: R DSP1 Protection cd BDLOG_MAX_EXC Max exc: 0x33332 ==> 0.399998 mm
12-10 21:57:11.260   926  1449 I AHal::Cs35l41Health: GetHeartBeats: DSP1 Protection 400a4 HALO_HEARTBEAT dsp heartbeat = 0x330f06
12-10 21:57:11.261   926  1449 I AHal::Cs35l41Health: GetHeartBeats: R DSP1 Protection 400a4 HALO_HEARTBEAT dsp heartbeat = 0x330f0c
12-10 21:57:11.532   973  1020 I grilcallback: Updating HandGrip status
12-10 21:57:11.555  2082  2085 I deeptouch: I0000 00:00:1765421831.555249    2085 tf_lite_classifier.cc:413] Event stream classified as kNone
12-10 21:57:11.574   973  1020 I grilcallback: HandGrip status updated successfully
12-10 21:57:11.666  3282 18551 W AOSP-MdnsDiscoveryManag: Error while decoding multicast packet (4135): 1 [CONTEXT service_id=168 ]
12-10 21:57:12.382  2082  2085 I deeptouch: I0000 00:00:1765421832.382034    2085 tf_lite_classifier.cc:413] Event stream classified as kNone
12-10 21:57:12.537   973  1020 I grilcallback: Updating HandGrip status
12-10 21:57:12.562  2082  2085 I deeptouch: I0000 00:00:1765421832.562537    2085 tf_lite_classifier.cc:413] Event stream classified as kNone
12-10 21:57:12.585   973  1020 I grilcallback: HandGrip status updated successfully
12-10 21:57:12.768  2082  2085 I deeptouch: I0000 00:00:1765421832.768131    2085 tf_lite_classifier.cc:413] Event stream classified as kNone
12-10 21:57:12.893  3282 18551 W AOSP-MdnsDiscoveryManag: Error while decoding multicast packet (4137): 1 [CONTEXT service_id=168 ]
12-10 21:57:12.894  3282 18551 W AOSP-MdnsDiscoveryManag: Error while decoding multicast packet (4138): 1 [CONTEXT service_id=168 ]
12-10 21:57:12.986  2082  2085 I deeptouch: I0000 00:00:1765421832.986012    2085 tf_lite_classifier.cc:413] Event stream classified as kNone
12-10 21:57:12.986  1000  1024 I WifiHAL : Creating message to get link statistics; iface = 47
12-10 21:57:13.035  1000  1024 I WifiHAL : index: 0 per_rate_size 32, data_rem_len 1152
12-10 21:57:13.035  1000  1024 I WifiHAL : index: 1 per_rate_size 32, data_rem_len 1120
12-10 21:57:13.035  1000  1024 I WifiHAL : index: 2 per_rate_size 32, data_rem_len 1088
12-10 21:57:13.035  1000  1024 I WifiHAL : index: 3 per_rate_size 32, data_rem_len 1056
12-10 21:57:13.035  1000  1024 I WifiHAL : index: 4 per_rate_size 32, data_rem_len 1024
12-10 21:57:13.035  1000  1024 I WifiHAL : index: 5 per_rate_size 32, data_rem_len 992
12-10 21:57:13.035  1000  1024 I WifiHAL : index: 6 per_rate_size 32, data_rem_len 960
12-10 21:57:13.035  1000  1024 I WifiHAL : index: 7 per_rate_size 32, data_rem_len 928
12-10 21:57:13.035  1000  1024 I WifiHAL : index: 8 per_rate_size 32, data_rem_len 896
12-10 21:57:13.035  1000  1024 I WifiHAL : index: 9 per_rate_size 32, data_rem_len 864
12-10 21:57:13.035  1000  1024 I WifiHAL : index: 10 per_rate_size 32, data_rem_len 832
12-10 21:57:13.035  1000  1024 I WifiHAL : index: 11 per_rate_size 32, data_rem_len 800
12-10 21:57:13.035  1000  1024 I WifiHAL : index: 12 per_rate_size 32, data_rem_len 768
12-10 21:57:13.035  1000  1024 I WifiHAL : index: 13 per_rate_size 32, data_rem_len 736
12-10 21:57:13.035  1000  1024 I WifiHAL : index: 14 per_rate_size 32, data_rem_len 704
12-10 21:57:13.035  1000  1024 I WifiHAL : index: 15 per_rate_size 32, data_rem_len 672
12-10 21:57:13.035  1000  1024 I WifiHAL : index: 16 per_rate_size 32, data_rem_len 640
12-10 21:57:13.035  1000  1024 I WifiHAL : index: 17 per_rate_size 32, data_rem_len 608
12-10 21:57:13.035  1000  1024 I WifiHAL : index: 18 per_rate_size 32, data_rem_len 576
12-10 21:57:13.035  1000  1024 I WifiHAL : index: 19 per_rate_size 32, data_rem_len 544
12-10 21:57:13.036  1000  1024 I WifiHAL : index: 20 per_rate_size 32, data_rem_len 512
12-10 21:57:13.036  1000  1024 I WifiHAL : index: 21 per_rate_size 32, data_rem_len 480
12-10 21:57:13.036  1000  1024 I WifiHAL : index: 22 per_rate_size 32, data_rem_len 448
12-10 21:57:13.036  1000  1024 I WifiHAL : index: 23 per_rate_size 32, data_rem_len 416
12-10 21:57:13.036  1000  1024 I WifiHAL : index: 24 per_rate_size 32, data_rem_len 384
12-10 21:57:13.036  1000  1024 I WifiHAL : index: 25 per_rate_size 32, data_rem_len 352
12-10 21:57:13.036  1000  1024 I WifiHAL : index: 26 per_rate_size 32, data_rem_len 320
12-10 21:57:13.036  1000  1024 I WifiHAL : index: 27 per_rate_size 32, data_rem_len 288
12-10 21:57:13.036  1000  1024 I WifiHAL : index: 28 per_rate_size 32, data_rem_len 256
12-10 21:57:13.036  1000  1024 I WifiHAL : index: 29 per_rate_size 32, data_rem_len 224
12-10 21:57:13.036  1000  1024 I WifiHAL : index: 30 per_rate_size 32, data_rem_len 192
12-10 21:57:13.036  1000  1024 I WifiHAL : index: 31 per_rate_size 32, data_rem_len 160
12-10 21:57:13.036  1000  1024 I WifiHAL : index: 32 per_rate_size 32, data_rem_len 128
12-10 21:57:13.036  1000  1024 I WifiHAL : index: 33 per_rate_size 32, data_rem_len 96
12-10 21:57:13.036  1000  1024 I WifiHAL : index: 34 per_rate_size 32, data_rem_len 64
12-10 21:57:13.036  1000  1024 I WifiHAL : index: 35 per_rate_size 32, data_rem_len 32
12-10 21:57:13.039  1000  1024 I WifiHAL : Getting cached scan results, iface handle = 0xf00dc2613863390
12-10 21:57:13.039  1000  1024 E WifiHAL : Creating message to get cached scan results
12-10 21:57:13.044  1000  1024 I WifiHAL : In GetCachedScanResultsCommand::handleResponse
12-10 21:57:13.122  2082  2085 I deeptouch: I0000 00:00:1765421833.122267    2085 tf_lite_classifier.cc:413] Event stream classified as kNone
12-10 21:57:13.324   932   944 D CHRE.HAL: Received a nanoapp message from 0x476f6f676c001022 endpoint 0x8082: Type 0x3 size 8 
12-10 21:57:13.326   957  1629 I suez-nanoapp-clients: Barometric peak detected: magnitude = 0.101228 hPa (bucket: 2), duration = 40.000000 ms (bucket: 3).
12-10 21:57:13.326   957  1629 I suez-nanoapp-clients: Vendor atom [id = 100047] reported.
12-10 21:57:13.328   932   944 I CHRE    : @ 2387.845: [ip] Peak detected: magnitude = 0.101228 hpa, duration = 40.000000 ms
12-10 21:57:13.374  2082  2085 I deeptouch: I0000 00:00:1765421833.374828    2085 tf_lite_classifier.cc:413] Event stream classified as kNone
12-10 21:57:13.537   973  1020 I grilcallback: Updating HandGrip status
12-10 21:57:13.558  2082  2085 I deeptouch: I0000 00:00:1765421833.558226    2085 tf_lite_classifier.cc:413] Event stream classified as kNone
12-10 21:57:13.592   973  1020 I grilcallback: HandGrip status updated successfully
12-10 21:57:13.769  2082  2085 I deeptouch: I0000 00:00:1765421833.769134    2085 tf_lite_classifier.cc:413] Event stream classified as kNone
12-10 21:57:13.856  1153 18579 D AidlBufferPool: bufferpool2 0x100c55b3d414de8 : 4(368640 size) total buffers - 1(92160 size) used buffers - 2459/2463 (recycle/alloc) - 8/2462 (fetch/transfer)
12-10 21:57:13.882  1177  1177 D AOC     : A3:MSG: lsm6dsv_device.cc, 732: USF: Lsm6dsvDevice: Sensor 4: Enabled 0, odr_index 0, period_ns 0.
12-10 21:57:13.882  1177  1177 D AOC     : A3:MSG: lsm6dsv_fifo.cc, 755: USF: Lsm6dsvFifo: ODR: XL/G/T/TS: 480/480/15/60 WM: 2 Intr: 480.
12-10 21:57:13.885  1177  1177 D AOC     : A3:MSG: lsm6dsv_device.cc, 641: USF: Lsm6dsvDevice: Fifo was disabled for 493042ns.
12-10 21:57:13.885  1177  1177 D AOC     : A3:MSG: usf_sensor.cc, 1792: USF: Received stop sampling request for LSM6DSV Stationary Detect (active:-1).
12-10 21:57:13.885  1177  1177 D AOC     : A3:MSG: usf_sensor.cc, 2354: USF: Sampling configuration 998 not found.
12-10 21:57:13.886  1177  1177 D AOC     : A3:MSG: usf_sensor_client.cc, 173: USF: Received kErrNotFound when disabling one shot sensor.
12-10 21:57:13.886  1177  1177 D AOC     : A3:MSG: usf_sensor.cc, 1784: USF: Received start sampling request for LSM6DSV Motion Detect (active:1).
12-10 21:57:13.886  1177  1177 D AOC     : A3:MSG: lsm6dsv_device.cc, 732: USF: Lsm6dsvDevice: Sensor 3: Enabled 1, odr_index 1, period_ns 500000000.
12-10 21:57:13.886  1177  1177 D AOC     : A3:MSG: lsm6dsv_fifo.cc, 755: USF: Lsm6dsvFifo: ODR: XL/G/T/TS: 480/480/15/60 WM: 2 Intr: 480.
12-10 21:57:13.886  1177  1177 D AOC     : A3:MSG: lsm6dsv_device.cc, 641: USF: Lsm6dsvDevice: Fifo was disabled for 562582ns.
12-10 21:57:13.887  1177  1177 D AOC     : A3:MSG: motion_state_sensor.cc, 328: USF: MoSt: MotionDetect sampling started with sampling ID 1001.
12-10 21:57:13.903  1177  1177 D AOC     : A3:MSG: usf_sensor.cc, 1784: USF: Received start sampling request for LSM6DSV Motion Detect (active:2).
12-10 21:57:13.906  2082  2085 I deeptouch: I0000 00:00:1765421833.905899    2085 tf_lite_classifier.cc:413] Event stream classified as kNone
12-10 21:57:13.917  1177  1177 D AOC     : A3:MSG: usf_sensor.cc, 1792: USF: Received stop sampling request for LSM6DSV FreeFall Detect (active:0).
12-10 21:57:13.919  1177  1177 D AOC     : A3:MSG: lsm6dsv_device.cc, 732: USF: Lsm6dsvDevice: Sensor 5: Enabled 0, odr_index 0, period_ns 0.
12-10 21:57:13.919  1177  1177 D AOC     : A3:MSG: lsm6dsv_fifo.cc, 755: USF: Lsm6dsvFifo: ODR: XL/G/T/TS: 480/480/15/60 WM: 2 Intr: 480.
12-10 21:57:13.920  1177  1177 D AOC     : A3:MSG: lsm6dsv_device.cc, 641: USF: Lsm6dsvDevice: Fifo was disabled for 500366ns.
12-10 21:57:13.924   932   944 I CHRE    : @ 2388.449: Received a sampling status update for one shot sensor LSM6DSV Motion Detect
12-10 21:57:14.125  3282 18551 W AOSP-MdnsDiscoveryManag: Error while decoding multicast packet (4141): 1 [CONTEXT service_id=168 ]
12-10 21:57:14.126  3282 18551 W AOSP-MdnsDiscoveryManag: Error while decoding multicast packet (4142): 1 [CONTEXT service_id=168 ]
12-10 21:57:14.204  2082  2085 I deeptouch: I0000 00:00:1765421834.203961    2085 tf_lite_classifier.cc:413] Event stream classified as kNone
12-10 21:57:14.389  2082  2085 I deeptouch: I0000 00:00:1765421834.389081    2085 tf_lite_classifier.cc:413] Event stream classified as kNone
12-10 21:57:14.425  1119 18578 D AidlBufferPool: bufferpool2 0x100d22bce390c68 : 8(46080 size) total buffers - 5(28800 size) used buffers - 2489/2497 (recycle/alloc) - 8/4990 (fetch/transfer)
12-10 21:57:14.542   973  1020 I grilcallback: Updating HandGrip status
12-10 21:57:14.591   973  1020 I grilcallback: HandGrip status updated successfully
12-10 21:57:14.594  2082  2085 I deeptouch: I0000 00:00:1765421834.593880    2085 tf_lite_classifier.cc:413] Event stream classified as kNone
12-10 21:57:15.002  1177  1177 D AOC     : A3:MSG: lsm6dsv_device.cc, 732: USF: Lsm6dsvDevice: Sensor 3: Enabled 0, odr_index 0, period_ns 0.
12-10 21:57:15.003  1177  1177 D AOC     : A3:MSG: lsm6dsv_fifo.cc, 755: USF: Lsm6dsvFifo: ODR: XL/G/T/TS: 480/480/15/60 WM: 2 Intr: 480.
12-10 21:57:15.006  1177  1177 D AOC     : A3:MSG: lsm6dsv_device.cc, 641: USF: Lsm6dsvDevice: Fifo was disabled for 683024ns.
12-10 21:57:15.007  1177  1177 D AOC     : A3:MSG: usf_sensor.cc, 1784: USF: Received start sampling request for LSM6DSV FreeFall Detect (active:1).
12-10 21:57:15.009  1177  1177 D AOC     : A3:MSG: lsm6dsv_device.cc, 732: USF: Lsm6dsvDevice: Sensor 5: Enabled 1, odr_index 2, period_ns 500000000.
12-10 21:57:15.009  1177  1177 D AOC     : A3:MSG: lsm6dsv_fifo.cc, 755: USF: Lsm6dsvFifo: ODR: XL/G/T/TS: 480/480/15/60 WM: 2 Intr: 480.
12-10 21:57:15.010  1177  1177 D AOC     : A3:MSG: lsm6dsv_device.cc, 641: USF: Lsm6dsvDevice: Fifo was disabled for 772705ns.
12-10 21:57:15.013  1177  1177 D AOC     : A3:MSG: usf_sensor.cc, 1792: USF: Received stop sampling request for LSM6DSV Motion Detect (active:-1).
12-10 21:57:15.013  1177  1177 D AOC     : A3:MSG: usf_sensor.cc, 2354: USF: Sampling configuration 1001 not found.
12-10 21:57:15.013  1177  1177 D AOC     : A3:MSG: usf_sensor_client.cc, 173: USF: Received kErrNotFound when disabling one shot sensor.
12-10 21:57:15.013  1177  1177 D AOC     : A3:MSG: usf_sensor.cc, 1784: USF: Received start sampling request for LSM6DSV Stationary Detect (active:1).
12-10 21:57:15.013  1177  1177 D AOC     : A3:MSG: lsm6dsv_device.cc, 732: USF: Lsm6dsvDevice: Sensor 4: Enabled 1, odr_index 1, period_ns 500000000.
12-10 21:57:15.014  1177  1177 D AOC     : A3:MSG: lsm6dsv_fifo.cc, 755: USF: Lsm6dsvFifo: ODR: XL/G/T/TS: 480/480/15/60 WM: 2 Intr: 480.
12-10 21:57:15.015  1177  1177 D AOC     : A3:MSG: lsm6dsv_device.cc, 641: USF: Lsm6dsvDevice: Fifo was disabled for 518799ns.
12-10 21:57:15.015  1177  1177 D AOC     : A3:MSG: motion_state_sensor.cc, 328: USF: MoSt: StationaryDetect sampling started with sampling ID 1004.
12-10 21:57:15.037   932   944 I CHRE    : @ 2389.545: Received a sampling status update for one shot sensor LSM6DSV FreeFall Detect
12-10 21:57:15.058   932   944 I CHRE    : @ 2389.570: Received a sampling status update for one shot sensor LSM6DSV Stationary Detect
12-10 21:57:15.065  1177  1177 D AOC     : A3:MSG: usf_sensor.cc, 1784: USF: Received start sampling request for LSM6DSV Stationary Detect (active:2).
12-10 21:57:15.082  2082  2085 I deeptouch: I0000 00:00:1765421835.082454    2085 tf_lite_classifier.cc:413] Event stream classified as kNone
12-10 21:57:15.092 17389 18609 D BitwardenNetworkClient: --> POST http://127.0.0.1:41001/identity/accounts/prelogin
12-10 21:57:15.092 17389 18609 D BitwardenNetworkClient: Content-Type: application/json; charset=utf-8
12-10 21:57:15.092 17389 18609 D BitwardenNetworkClient: Content-Length: 26
12-10 21:57:15.092 17389 18609 D BitwardenNetworkClient: User-Agent: Bitwarden_Mobile/2025.11.1 (debug/standard) (Android 16; SDK 36; Model Pixel 8a)
12-10 21:57:15.092 17389 18609 D BitwardenNetworkClient: Bitwarden-Client-Name: mobile
12-10 21:57:15.092 17389 18609 D BitwardenNetworkClient: Bitwarden-Client-Version: 2025.11.1
12-10 21:57:15.092 17389 18609 D BitwardenNetworkClient: Device-Type: 0
12-10 21:57:15.093 17389 18609 D BitwardenNetworkClient: {"email":"epic@stuff.xyz"}
12-10 21:57:15.093 17389 18609 D BitwardenNetworkClient: --> END POST (26-byte body)
12-10 21:57:15.147  1351  1438 I ImeTracker: system_server:f38d08e5: onRequestShow at ORIGIN_SERVER reason CONTROLS_CHANGED fromUser false
12-10 21:57:15.153 17389 17389 D InsetsController: hide(ime())
12-10 21:57:15.154 17389 17389 I ImeTracker: com.x8bit.bitwarden.dev:4027b237: onRequestHide at ORIGIN_CLIENT reason HIDE_SOFT_INPUT_BY_INSETS_API fromUser false
12-10 21:57:15.154 17389 17389 D ImeBackDispatcher: Preliminary clear (mImeCallbacks.size=1)
12-10 21:57:15.154 17389 17389 D WindowOnBackDispatcher: setTopOnBackInvokedCallback (unwrapped): androidx.navigationevent.OnBackInvokedInput$createOnBackAnimationCallback$1@fc1b264
12-10 21:57:15.155 17389 17389 D InsetsController: Setting requestedVisibleTypes to -9 (was -1)
12-10 21:57:15.155  1351  5983 D CoreBackPreview: Window{37b8d86 u0 com.x8bit.bitwarden.dev/com.x8bit.bitwarden.MainActivity}: Setting back callback OnBackInvokedCallbackInfo{mCallback=android.window.IOnBackInvokedCallback$Stub$Proxy@51276a9, mPriority=0, mIsAnimationCallback=true, mOverrideBehavior=0}
12-10 21:57:15.157 17389 18609 D BitwardenNetworkClient: <-- 200 OK http://127.0.0.1:41001/identity/accounts/prelogin (64ms)
12-10 21:57:15.157 17389 18609 D BitwardenNetworkClient: content-type: application/json
12-10 21:57:15.157 17389 18609 D BitwardenNetworkClient: server: Rocket
12-10 21:57:15.157 17389 18609 D BitwardenNetworkClient: permissions-policy: accelerometer=(), ambient-light-sensor=(), autoplay=(), battery=(), camera=(), display-capture=(), document-domain=(), encrypted-media=(), execution-while-not-rendered=(), execution-while-out-of-viewport=(), fullscreen=(), geolocation=(), gyroscope=(), keyboard-map=(), magnetometer=(), microphone=(), midi=(), payment=(), picture-in-picture=(), screen-wake-lock=(), sync-xhr=(), usb=(), web-share=(), xr-spatial-tracking=()
12-10 21:57:15.157 17389 18609 D BitwardenNetworkClient: x-content-type-options: nosniff
12-10 21:57:15.157 17389 18609 D BitwardenNetworkClient: x-frame-options: SAMEORIGIN
12-10 21:57:15.157 17389 18609 D BitwardenNetworkClient: referrer-policy: same-origin
12-10 21:57:15.158 17389 18609 D BitwardenNetworkClient: x-robots-tag: noindex, nofollow
12-10 21:57:15.158 17389 18609 D BitwardenNetworkClient: x-xss-protection: 0
12-10 21:57:15.158 17389 18609 D BitwardenNetworkClient: cross-origin-resource-policy: same-origin
12-10 21:57:15.158 17389 18609 D BitwardenNetworkClient: content-security-policy: default-src 'none'; font-src 'self'; manifest-src 'self'; base-uri 'self'; form-action 'self'; object-src 'self' blob:; script-src 'self' 'wasm-unsafe-eval'; style-src 'self' 'unsafe-inline'; child-src 'self' https://*.duosecurity.com https://*.duofederal.com; frame-src 'self' https://*.duosecurity.com https://*.duofederal.com; frame-ancestors 'self' chrome-extension://nngceckbapebfimnlniiiahkandclblb chrome-extension://jbkfoedolllekgbhcbcoahefnbanhhlh moz-extension://* ; img-src 'self' data: https://haveibeenpwned.com ; connect-src 'self' https://api.pwnedpasswords.com https://api.2fa.directory https://app.simplelogin.io/api/ https://app.addy.io/api/ https://api.fastmail.com/ https://api.forwardemail.net ;
12-10 21:57:15.158 17389 18609 D BitwardenNetworkClient: cache-control: no-cache, no-store, max-age=0
12-10 21:57:15.158 17389 18609 D BitwardenNetworkClient: content-length: 71
12-10 21:57:15.158 17389 18609 D BitwardenNetworkClient: date: Thu, 11 Dec 2025 02:57:15 GMT
12-10 21:57:15.158 17389 18609 D BitwardenNetworkClient: {"kdf":0,"kdfIterations":600000,"kdfMemory":null,"kdfParallelism":null}
12-10 21:57:15.159 17389 18609 D BitwardenNetworkClient: <-- END HTTP (65ms, 71-byte body)
12-10 21:57:15.176 17389 17389 D WindowOnBackDispatcher: setTopOnBackInvokedCallback (unwrapped): android.app.Dialog$$ExternalSyntheticLambda2@66593e7
12-10 21:57:15.177 17389 17389 D WindowOnBackDispatcher: setTopOnBackInvokedCallback (unwrapped): androidx.navigationevent.OnBackInvokedInput$createOnBackAnimationCallback$1@7fa8b94
12-10 21:57:15.177  1351  3680 D CoreBackPreview: Window{85803f5 u0 com.x8bit.bitwarden.dev/com.x8bit.bitwarden.MainActivity}: Setting back callback OnBackInvokedCallbackInfo{mCallback=android.window.IOnBackInvokedCallback$Stub$Proxy@8ba342e, mPriority=-1, mIsAnimationCallback=false, mOverrideBehavior=0}
12-10 21:57:15.177  1351  3680 D CoreBackPreview: Window{85803f5 u0 com.x8bit.bitwarden.dev/com.x8bit.bitwarden.MainActivity}: Setting back callback OnBackInvokedCallbackInfo{mCallback=android.window.IOnBackInvokedCallback$Stub$Proxy@cc26bcf, mPriority=0, mIsAnimationCallback=true, mOverrideBehavior=0}
12-10 21:57:15.250 17389 17389 I ImeTracker: system_server:f38d08e5: onCancelled at PHASE_CLIENT_ON_CONTROLS_CHANGED
12-10 21:57:15.735 17389 17389 I Choreographer: Skipped 60 frames!  The application may be doing too much work on its main thread.
12-10 21:57:15.740 17389 18609 D BitwardenNetworkClient: --> POST http://127.0.0.1:41001/identity/connect/token
12-10 21:57:15.740 17389 18609 D BitwardenNetworkClient: Content-Type: application/x-www-form-urlencoded
12-10 21:57:15.741 17389 18609 D BitwardenNetworkClient: Content-Length: 232
12-10 21:57:15.741 17389 18609 D BitwardenNetworkClient: User-Agent: Bitwarden_Mobile/2025.11.1 (debug/standard) (Android 16; SDK 36; Model Pixel 8a)
12-10 21:57:15.741 17389 18609 D BitwardenNetworkClient: Bitwarden-Client-Name: mobile
12-10 21:57:15.741 17389 18609 D BitwardenNetworkClient: Bitwarden-Client-Version: 2025.11.1
12-10 21:57:15.741 17389 18609 D BitwardenNetworkClient: Device-Type: 0
12-10 21:57:15.742 17389 18609 D BitwardenNetworkClient: scope=api+offline_access&client_id=mobile&username=epic%40stuff.xyz&password=6z4hHZtb6w7r%2BX8VyvMYyiQ2YLez9TkpYJNfUFnf8Bo%3D&deviceIdentifier=92167f8f-88e0-4caa-9cdb-ed28879ee0f2&deviceName=Pixel+8a&deviceType=0&grant_type=password
12-10 21:57:15.742 17389 18609 D BitwardenNetworkClient: --> END POST (232-byte body)
12-10 21:57:15.743  1351  3223 I ImeTracker: system_server:9bbe12c5: onRequestHide at ORIGIN_SERVER reason IME_REQUESTED_CHANGED_LISTENER fromUser false
12-10 21:57:15.748  4119  4119 I LatinIME: hideWindow
12-10 21:57:15.750  4119  4119 I LatinIME: onFinishInputView
12-10 21:57:15.750  4119  4119 I LatinIME: onWindowHidden
12-10 21:57:15.750  4119  4119 D ImeBackDispatcher: Send callback unregistration id=262798696
12-10 21:57:15.750  4119  4119 I ImeTracker: system_server:9bbe12c5: onHidden
12-10 21:57:15.753  2377  2936 D WindowManagerShell: onKeepClearAreasChanged: restricted={}, unrestricted={}
12-10 21:57:15.753  1351  1434 D HintManagerService: Sent cleanup message for uid 10187
12-10 21:57:15.759   683  2917 E powerhal-libperfmgr: Error: shouldn't report duration during pause state.
12-10 21:57:15.768 17389 17389 D ImeBackDispatcher: switch root view (mImeCallbacks.size=1)
12-10 21:57:15.768 17389 17389 D WindowOnBackDispatcher: setTopOnBackInvokedCallback (unwrapped): ImeOnBackInvokedCallback@262798696 Callback=android.window.IOnBackInvokedCallback$Stub$Proxy@63abec
12-10 21:57:15.769  1351  3680 D CoreBackPreview: Window{85803f5 u0 com.x8bit.bitwarden.dev/com.x8bit.bitwarden.MainActivity}: Setting back callback OnBackInvokedCallbackInfo{mCallback=android.window.IOnBackInvokedCallback$Stub$Proxy@4202b1d, mPriority=0, mIsAnimationCallback=true, mOverrideBehavior=0}
12-10 21:57:15.770  1351  1963 I ImeTracker: com.x8bit.bitwarden.dev:f99d11b7: onRequestHide at ORIGIN_SERVER reason HIDE_UNSPECIFIED_WINDOW fromUser false
12-10 21:57:15.774  4119  4119 I LatinIME: onFinishInput
12-10 21:57:15.775  1351  5280 I ImeTracker: system_server:3b12b633: onRequestHide at ORIGIN_SERVER reason IME_REQUESTED_CHANGED_LISTENER fromUser false
12-10 21:57:15.776  1351  1437 I ImeTracker: system_server:3b12b633: onCancelled at PHASE_SERVER_SHOULD_HIDE
12-10 21:57:15.784   683  2917 E powerhal-libperfmgr: Error: shouldn't report duration during pause state.
12-10 21:57:15.789  1351  1438 I ImeTracker: system_server:31f32ff1: onRequestShow at ORIGIN_SERVER reason CONTROLS_CHANGED fromUser false
12-10 21:57:15.791 17389 17389 D ImeBackDispatcher: Unregister received callback id=262798696
12-10 21:57:15.791 17389 17389 D WindowOnBackDispatcher: setTopOnBackInvokedCallback (unwrapped): androidx.navigationevent.OnBackInvokedInput$createOnBackAnimationCallback$1@7fa8b94
12-10 21:57:15.791  1351  3680 D CoreBackPreview: Window{85803f5 u0 com.x8bit.bitwarden.dev/com.x8bit.bitwarden.MainActivity}: Setting back callback OnBackInvokedCallbackInfo{mCallback=android.window.IOnBackInvokedCallback$Stub$Proxy@d49a18c, mPriority=0, mIsAnimationCallback=true, mOverrideBehavior=0}
12-10 21:57:15.793 17389 17389 D InsetsController: hide(ime())
12-10 21:57:15.793 17389 17389 I ImeTracker: com.x8bit.bitwarden.dev:f99d11b7: onCancelled at PHASE_CLIENT_ALREADY_HIDDEN
12-10 21:57:15.801 17389 17389 I ImeTracker: system_server:31f32ff1: onCancelled at PHASE_CLIENT_ON_CONTROLS_CHANGED
12-10 21:57:16.094  1000  1024 I WifiHAL : Creating message to get link statistics; iface = 47
12-10 21:57:16.143  1000  1024 I WifiHAL : index: 0 per_rate_size 32, data_rem_len 1152
12-10 21:57:16.144  1000  1024 I WifiHAL : index: 1 per_rate_size 32, data_rem_len 1120
12-10 21:57:16.144  1000  1024 I WifiHAL : index: 2 per_rate_size 32, data_rem_len 1088
12-10 21:57:16.145  1000  1024 I WifiHAL : index: 3 per_rate_size 32, data_rem_len 1056
12-10 21:57:16.145  1000  1024 I WifiHAL : index: 4 per_rate_size 32, data_rem_len 1024
12-10 21:57:16.146  1000  1024 I WifiHAL : index: 5 per_rate_size 32, data_rem_len 992
12-10 21:57:16.146  1000  1024 I WifiHAL : index: 6 per_rate_size 32, data_rem_len 960
12-10 21:57:16.146  1000  1024 I WifiHAL : index: 7 per_rate_size 32, data_rem_len 928
12-10 21:57:16.146  1000  1024 I WifiHAL : index: 8 per_rate_size 32, data_rem_len 896
12-10 21:57:16.146  1000  1024 I WifiHAL : index: 9 per_rate_size 32, data_rem_len 864
12-10 21:57:16.146  1000  1024 I WifiHAL : index: 10 per_rate_size 32, data_rem_len 832
12-10 21:57:16.146  1000  1024 I WifiHAL : index: 11 per_rate_size 32, data_rem_len 800
12-10 21:57:16.146  1000  1024 I WifiHAL : index: 12 per_rate_size 32, data_rem_len 768
12-10 21:57:16.146  1000  1024 I WifiHAL : index: 13 per_rate_size 32, data_rem_len 736
12-10 21:57:16.146  1000  1024 I WifiHAL : index: 14 per_rate_size 32, data_rem_len 704
12-10 21:57:16.146  1000  1024 I WifiHAL : index: 15 per_rate_size 32, data_rem_len 672
12-10 21:57:16.146  1000  1024 I WifiHAL : index: 16 per_rate_size 32, data_rem_len 640
12-10 21:57:16.146  1000  1024 I WifiHAL : index: 17 per_rate_size 32, data_rem_len 608
12-10 21:57:16.146  1000  1024 I WifiHAL : index: 18 per_rate_size 32, data_rem_len 576
12-10 21:57:16.146  1000  1024 I WifiHAL : index: 19 per_rate_size 32, data_rem_len 544
12-10 21:57:16.146  1000  1024 I WifiHAL : index: 20 per_rate_size 32, data_rem_len 512
12-10 21:57:16.146  1000  1024 I WifiHAL : index: 21 per_rate_size 32, data_rem_len 480
12-10 21:57:16.146  1000  1024 I WifiHAL : index: 22 per_rate_size 32, data_rem_len 448
12-10 21:57:16.146  1000  1024 I WifiHAL : index: 23 per_rate_size 32, data_rem_len 416
12-10 21:57:16.146  1000  1024 I WifiHAL : index: 24 per_rate_size 32, data_rem_len 384
12-10 21:57:16.146  1000  1024 I WifiHAL : index: 25 per_rate_size 32, data_rem_len 352
12-10 21:57:16.146  1000  1024 I WifiHAL : index: 26 per_rate_size 32, data_rem_len 320
12-10 21:57:16.146  1000  1024 I WifiHAL : index: 27 per_rate_size 32, data_rem_len 288
12-10 21:57:16.146  1000  1024 I WifiHAL : index: 28 per_rate_size 32, data_rem_len 256
12-10 21:57:16.146  1000  1024 I WifiHAL : index: 29 per_rate_size 32, data_rem_len 224
12-10 21:57:16.146  1000  1024 I WifiHAL : index: 30 per_rate_size 32, data_rem_len 192
12-10 21:57:16.146  1000  1024 I WifiHAL : index: 31 per_rate_size 32, data_rem_len 160
12-10 21:57:16.146  1000  1024 I WifiHAL : index: 32 per_rate_size 32, data_rem_len 128
12-10 21:57:16.146  1000  1024 I WifiHAL : index: 33 per_rate_size 32, data_rem_len 96
12-10 21:57:16.146  1000  1024 I WifiHAL : index: 34 per_rate_size 32, data_rem_len 64
12-10 21:57:16.146  1000  1024 I WifiHAL : index: 35 per_rate_size 32, data_rem_len 32
12-10 21:57:16.149  1000  2108 I WifiHAL : Getting cached scan results, iface handle = 0xf00dc2613863390
12-10 21:57:16.149  1000  2108 E WifiHAL : Creating message to get cached scan results
12-10 21:57:16.160  1000  2108 I WifiHAL : In GetCachedScanResultsCommand::handleResponse
12-10 21:57:16.169  3282 18551 W AOSP-MdnsDiscoveryManag: Error while decoding multicast packet (4145): 1 [CONTEXT service_id=168 ]
12-10 21:57:16.170  3282 18551 W AOSP-MdnsDiscoveryManag: Error while decoding multicast packet (4146): 1 [CONTEXT service_id=168 ]
12-10 21:57:16.271  1351  3680 I ImeTracker: system_server:94ea08f: onRequestHide at ORIGIN_SERVER reason IME_REQUESTED_CHANGED_LISTENER fromUser false
12-10 21:57:16.275  1351  1437 I ImeTracker: system_server:94ea08f: onCancelled at PHASE_SERVER_SHOULD_HIDE
12-10 21:57:16.594 17389 18609 D BitwardenNetworkClient: <-- 200 OK http://127.0.0.1:41001/identity/connect/token (851ms)
12-10 21:57:16.594 17389 18609 D BitwardenNetworkClient: content-type: application/json
12-10 21:57:16.594 17389 18609 D BitwardenNetworkClient: server: Rocket
12-10 21:57:16.594 17389 18609 D BitwardenNetworkClient: permissions-policy: accelerometer=(), ambient-light-sensor=(), autoplay=(), battery=(), camera=(), display-capture=(), document-domain=(), encrypted-media=(), execution-while-not-rendered=(), execution-while-out-of-viewport=(), fullscreen=(), geolocation=(), gyroscope=(), keyboard-map=(), magnetometer=(), microphone=(), midi=(), payment=(), picture-in-picture=(), screen-wake-lock=(), sync-xhr=(), usb=(), web-share=(), xr-spatial-tracking=()
12-10 21:57:16.594 17389 18609 D BitwardenNetworkClient: x-content-type-options: nosniff
12-10 21:57:16.594 17389 18609 D BitwardenNetworkClient: x-frame-options: SAMEORIGIN
12-10 21:57:16.595 17389 18609 D BitwardenNetworkClient: referrer-policy: same-origin
12-10 21:57:16.595 17389 18609 D BitwardenNetworkClient: x-robots-tag: noindex, nofollow
12-10 21:57:16.595 17389 18609 D BitwardenNetworkClient: x-xss-protection: 0
12-10 21:57:16.595 17389 18609 D BitwardenNetworkClient: cross-origin-resource-policy: same-origin
12-10 21:57:16.595 17389 18609 D BitwardenNetworkClient: content-security-policy: default-src 'none'; font-src 'self'; manifest-src 'self'; base-uri 'self'; form-action 'self'; object-src 'self' blob:; script-src 'self' 'wasm-unsafe-eval'; style-src 'self' 'unsafe-inline'; child-src 'self' https://*.duosecurity.com https://*.duofederal.com; frame-src 'self' https://*.duosecurity.com https://*.duofederal.com; frame-ancestors 'self' chrome-extension://nngceckbapebfimnlniiiahkandclblb chrome-extension://jbkfoedolllekgbhcbcoahefnbanhhlh moz-extension://* ; img-src 'self' data: https://haveibeenpwned.com ; connect-src 'self' https://api.pwnedpasswords.com https://api.2fa.directory https://app.simplelogin.io/api/ https://app.addy.io/api/ https://api.fastmail.com/ https://api.forwardemail.net ;
12-10 21:57:16.595 17389 18609 D BitwardenNetworkClient: cache-control: no-cache, no-store, max-age=0
12-10 21:57:16.595 17389 18609 D BitwardenNetworkClient: content-length: 3293
12-10 21:57:16.595 17389 18609 D BitwardenNetworkClient: date: Thu, 11 Dec 2025 02:57:16 GMT
