12-10 21:57:17.499 17389 18615 D BitwardenNetworkClient: PztghfXWiPZfpuFVTTkQ=","notes":null,"object":"cipherDetails","organizationId":null,"organizationUseTotp":true,"passwordHistory":[],"permissions":{"delete":true,"restore":true},"reprompt":0,"revisionDate":"2025-09-30T11:35:26.488921Z","secureNote":null,"sshKey":null,"type":1,"viewPassword":true},{"attachments":null,"card":null,"collectionIds":[],"creationDate":"2025-05-02T00:38:04.943851Z","data":{"autofillOnPageLoad":null,"fido2Credentials":[],"fields":[],"name":"2.UNuFHj5x8wWO/toCDwGgBg==|YG8G1hfpRCay2pFxrfBWrFUWX9RJdWERdeiz5eufp0Q=|9YiUNkmSVv5NHaVhx4Q7fsknE6FSRj+j10W9IIFBNLA=","notes":null,"password":"2.Rr4CCuUmrRMLdfC1irEioA==|Xxap+UUv72Y+nnNmAl9g6w==|a3acomowNNgxCjjfCXfVsk8KqKEQp9wWlQFTEmgaSto=","passwordHistory":[],"passwordRevisionDate":null,"totp":null,"uri":"2.h/+OvidizUcuu91ptguyiw==|eyB0M3+lIg8hponTygTjOdtdp9dlcdRrlWRkAg0BMOZtGCNMGboqHFWdjPI7yRSA|W4xTkms7/HBMZDvN//cxFpGZ6ZjQTLSPv25V2Fnp890=","uris":[{"match":null,"uri":"2.h/+OvidizUcuu91ptguyiw==|eyB0M3+lIg8hponTygTjOdtdp9dlcdRrlWRkAg0BMOZtGCNMGboqHFWdjPI7yRSA|W4xTkms7/HBMZDvN//cxFpGZ6ZjQTLSPv25V2Fnp890=","uriChecksum":"2.4y9m1OR82BqMi4BXAp99eQ==|wur+6NbHyIXFhkj/RO9sFi44KRp76O31tIKVnPi2PSNYAp6lKewRc2pI6WkXP3BN|flJ1lTV+EAnD2dBbAQTMRM+u05bBxJavPguaziNHyyY="}],"username":"2.7ETlrvzM3s+jN5PivZt4yw==|X7xU7JBm0L0QIGnF83k/kP3uAzYO7Hyq+W4LS/YwfJQ=|Ff5kBDsHRIF0i4rigaeZ7iTd+81Aw/agvGcDZS4GlF8="},"deletedDate":null,"edit":true,"favorite":false,"fields":[],"folderId":null,"id":"91273753-0fd1-4046-b40d-22dbc4a871f0","identity":null,"key":null,"login":{"autofillOnPageLoad":null,"fido2Credentials":[],"password":"2.Rr4CCuUmrRMLdfC1irEioA==|Xxap+UUv72Y+nnNmAl9g6w==|a3acomowNNgxCjjfCXfVsk8KqKEQp9wWlQFTEmgaSto=","passwordRevisionDate":null,"totp":null,"uri":"2.h/+OvidizUcuu91ptguyiw==|eyB0M3+lIg8hponTygTjOdtdp9dlcdRrlWRkAg0BMOZtGCNMGboqHFWdjPI7yRSA|W4xTkms7/HBMZDvN//cxFpGZ6ZjQTLSPv25V2Fnp890=","uris":[{"match":null,"uri":"2.h/+OvidizUcuu91ptguyiw==|eyB0M3+lIg8hponTygTjOdtdp9dlcdRrlWRkAg0BMOZtGCNMGboqHFWdjPI7yRSA|W4xTkms7/HBMZDvN//cxFpGZ6ZjQTLSPv25V2Fnp890=","uriChecksum":"2.4y9m1OR82BqMi4BXAp99eQ==|wur+6NbHyIXFhkj/RO9sFi44KRp76O31tIKVnPi2PSNYAp6lKewRc2pI6WkXP3BN|flJ1lTV+EAnD2dBbAQTMRM+u05bBxJavPguaziNHyyY="}],"username":"2.7ETlrvzM3s+jN5PivZt4yw==|X7xU7JBm0L0QIGnF83k/kP3uAzYO7Hyq+W4LS/YwfJQ=|Ff5kBDsHRIF0i4rigaeZ7iTd+81Aw/agvGcDZS4GlF8="},"name":"2.UNuFHj5x8wWO/toCDwGgBg==|YG8G1hfpRCay2pFxrfBWrFUWX9RJdWERdeiz5eufp0Q=|9YiUNkmSVv5NHaVhx4Q7fsknE6FSRj+j10W9IIFBNLA=","notes":null,"object":"cipherDetails","organizationId":null,"organizationUseTotp":true,"passwordHistory":[],"permissions":{"delete":true,"restore":true},"reprompt":0,"revisionDate":"2025-05-02T00:38:04.944080Z","secureNote":null,"sshKey":null,"type":1,"viewPassword":true},{"attachments":null,"card":null,"collectionIds":[],"creationDate":"2025-05-02T00:38:04.927199Z","data":{"autofillOnPageLoad":null,"fido2Credentials":[],"fields":[],"name":"2.wJi3B7GLCNhqbj07MSWWEQ==|m0rRxFTC4FeU2LF+aduTzQ==|7o1ln96FgRkqx/POo7Rxz/b2ZOS7yCPxTcUS686hAmE=","notes":null,"password":"2.FtXXasxbM8LECriQ0ei6Ng==|mbWAQGoxnnokTbDKB9ItNw==|cjyJU/paMl3XA2aUlDOieVqktJKNfWNU3zm1GEHjlDY=","passwordHistory":[],"passwordRevisionDate":null,"totp":null,"uri":"2.elzMYZOnaCKtv3Hg1Du6kA==|2Xv0sy/qg9R87E6SHMCpsy+Lt990WUBN+sIlZt3SPSo6jSlT9FbcbJU+pBhHRzSxWtIh/tuSyoIinVtYJx6lNpQP6j2Q2k1GvKkH3KqkfZg=|MpKCpQ55fFxurqRxZf729MNh7WyT8Y8R8WhmhQJNcrk=","uris":[{"match":null,"uri":"2.elzMYZOnaCKtv3Hg1Du6kA==|2Xv0sy/qg9R87E6SHMCpsy+Lt990WUBN+sIlZt3SPSo6jSlT9FbcbJU+pBhHRzSxWtIh/tuSyoIinVtYJx6lNpQP6j2Q2k1GvKkH3KqkfZg=|MpKCpQ55fFxurqRxZf729MNh7WyT8Y8R8WhmhQJNcrk=","uriChecksum":"2.z98ziDYlW/B/Og1u7f5Cxw==|Xx0fjJUwtZ7Aj05pk9cGwowk+B9m62CKXc8n8gcxiUs6meiiZ7qbvBfXKlGdJgOS|ss8BF9Uoo1eDRpsasZv0IBIzk9mmCYJOqbk4LZKKz1M="}],"username":"2.KPzPZG9eCId9c75oZbVOXQ==|vfM+1BdAksKGLIKAEOIPPdvmd7QDop1jSxgjafxdM7I=|FTZuSaXMW2pqMhB0r6n0FCFjIgagMKK+VIDzha4CIms="},"deletedDate":null,"edit":true,"favorite":false,"fields":[],"folderId":null,"id":"92576fb4-dc35-40a2-9847-40103821b844","identity":null,"key"
12-10 21:57:17.499 17389 18615 D BitwardenNetworkClient: rvk2tX3/j4E=","passwordHistory":[],"passwordRevisionDate":null,"totp":null,"uri":"2.dQGcucCDzPlRDIPZMFwPoA==|rjSN3uVJpEE6jcpDRD3dftwCunCugvFXMn5qx3DPNGwGwXHnaOE3JqR5OXIQJ2rUbfTaSLfglicJYtTPBQj0YUUfMu7B57vVwE1i1+7F435jqBhWZMkQunaszDyuitKVrtm9KcPciqO9/aDjpnS95g==|FLc/PADfEP8jM6Oab+UPhv4VuNj8cVfCbNW5ypf7Oak=","uris":[{"match":null,"uri":"2.dQGcucCDzPlRDIPZMFwPoA==|rjSN3uVJpEE6jcpDRD3dftwCunCugvFXMn5qx3DPNGwGwXHnaOE3JqR5OXIQJ2rUbfTaSLfglicJYtTPBQj0YUUfMu7B57vVwE1i1+7F435jqBhWZMkQunaszDyuitKVrtm9KcPciqO9/aDjpnS95g==|FLc/PADfEP8jM6Oab+UPhv4VuNj8cVfCbNW5ypf7Oak=","uriChecksum":"2.OTrIw0CUeVgr9vLXZ6SvCw==|6Wi9nTX1u8s6nVDedQCHqAfdnbX+q9Dnc/OROdU+Hkr1AsBl4cDkxGRSq/6xvNU1|lp0Yi6U3rxvLhxwL2eG44BOTcnnXjofI1uLmh+FPpwg="}],"username":"2.S3YnY9K42DfYh6hU2ujeZQ==|xvJeApy2Rqm3w89+BgfSi4BVSD/okinzb/0hxYVclhc=|caMDXbG4vu02Hon8Xh2WMX/OOYniApjZ3bNKSaX/VW4="},"deletedDate":null,"edit":true,"favorite":false,"fields":[],"folderId":null,"id":"9322b792-2d88-4b0b-aa71-656c3f2090d0","identity":null,"key":null,"login":{"autofillOnPageLoad":null,"fido2Credentials":[],"password":"2.mOoH0614ewC6ObuE2oMB9A==|6QBrcw9CuxkIMd8CYOwICA==|Kfe9qVF7Sn18JNFVZGlMYE8ayjpbbsyCrvk2tX3/j4E=","passwordRevisionDate":null,"totp":null,"uri":"2.dQGcucCDzPlRDIPZMFwPoA==|rjSN3uVJpEE6jcpDRD3dftwCunCugvFXMn5qx3DPNGwGwXHnaOE3JqR5OXIQJ2rUbfTaSLfglicJYtTPBQj0YUUfMu7B57vVwE1i1+7F435jqBhWZMkQunaszDyuitKVrtm9KcPciqO9/aDjpnS95g==|FLc/PADfEP8jM6Oab+UPhv4VuNj8cVfCbNW5ypf7Oak=","uris":[{"match":null,"uri":"2.dQGcucCDzPlRDIPZMFwPoA==|rjSN3uVJpEE6jcpDRD3dftwCunCugvFXMn5qx3DPNGwGwXHnaOE3JqR5OXIQJ2rUbfTaSLfglicJYtTPBQj0YUUfMu7B57vVwE1i1+7F435jqBhWZMkQunaszDyuitKVrtm9KcPciqO9/aDjpnS95g==|FLc/PADfEP8jM6Oab+UPhv4VuNj8cVfCbNW5ypf7Oak=","uriChecksum":"2.OTrIw0CUeVgr9vLXZ6SvCw==|6Wi9nTX1u8s6nVDedQCHqAfdnbX+q9Dnc/OROdU+Hkr1AsBl4cDkxGRSq/6xvNU1|lp0Yi6U3rxvLhxwL2eG44BOTcnnXjofI1uLmh+FPpwg="}],"username":"2.S3YnY9K42DfYh6hU2ujeZQ==|xvJeApy2Rqm3w89+BgfSi4BVSD/okinzb/0hxYVclhc=|caMDXbG4vu02Hon8Xh2WMX/OOYniApjZ3bNKSaX/VW4="},"name":"2.Li12SRkpkzR870YaLQFAEw==|O+XOEvC/BvU/kazvCZ4/aw==|nWdWYI8ZwuaagtOPbDJSvkjMz0hLk2D/+K297dN6Dvk=","notes":null,"object":"cipherDetails","organizationId":null,"organizationUseTotp":true,"passwordHistory":[],"permissions":{"delete":true,"restore":true},"reprompt":0,"revisionDate":"2025-05-02T00:38:04.652814Z","secureNote":null,"sshKey":null,"type":1,"viewPassword":true},{"attachments":null,"card":null,"collectionIds":[],"creationDate":"2025-05-02T00:38:04.583113Z","data":{"autofillOnPageLoad":null,"fido2Credentials":[],"fields":[],"name":"2.Nl0CEk45/ckAS3Uhk2+fjQ==|xAV3DFOxN/K1wLFG97KDNmXjaMtPDcK0dApTdTbnhxM=|JNUnBHA+tQ3bEwEU5xjS4hkH7kHVSHinDNrQ6bzJ2j4=","notes":null,"password":"2.Ht/RluR2ogUGc0tZ6ypNtg==|yZf9BDGqcBzil8Dvh07Qpg==|6hxm5bel+FmS69Uz+Rdl3EXNvAIMTQcUqlJZEPblnDs=","passwordHistory":[],"passwordRevisionDate":null,"totp":null,"uri":"2.KjyANb7sMX95NgIM1xoZTg==|fOnPpYI60GSMmzMpI32B7CDxPgVub9jCnw9pffZuQVA=|GGAr5qZKc/3gL1tZxull+EfIl7LOGcgCJOwPleA0E9I=","uris":[{"match":null,"uri":"2.KjyANb7sMX95NgIM1xoZTg==|fOnPpYI60GSMmzMpI32B7CDxPgVub9jCnw9pffZuQVA=|GGAr5qZKc/3gL1tZxull+EfIl7LOGcgCJOwPleA0E9I=","uriChecksum":"2.TKN5ry/lwANtzcu5LlLBng==|fmcrCk0jv2K95WC/l8NCmXFCilweHxb7l0ZfT8JM17VTqCu+DEnb75X8mpIvvXa7|U963E5jOhYRCRSrhOkwEA2sj3AHg5tWzFTejrB6wf28="}],"username":"2.48eJ3IYNL47zgTetIT9ecQ==|ZpqteT7LtJ9kobkjogLxlw22AOR6O0MkALG9J9xlhck=|ka0ehtkt0uf6ofRyidxm7JaBskN+WZaLekGSkRE2cXg="},"deletedDate":null,"edit":true,"favorite":false,"fields":[],"folderId":"f7a4c2b4-40b8-4b89-acb9-7fecc8657e64","id":"9513c5a6-0152-4af1-9fef-8665447923ea","identity":null,"key":null,"login":{"autofillOnPageLoad":null,"fido2Credentials":[],"password":"2.Ht/RluR2ogUGc0tZ6ypNtg==|yZf9BDGqcBzil8Dvh07Qpg==|6hxm5bel+FmS69Uz+Rdl3EXNvAIMTQcUqlJZEPblnDs=","passwordRevisionDate":null,"totp":null,"uri":"2.KjyANb7sMX95NgIM1xoZTg==|fOnPpYI60GSMmzMpI32B7CDxPgVub9jCnw9pffZuQVA=|GGAr5qZKc/3gL1tZxull+EfIl7LOGcgCJOwPleA0E9I=","uris":[{"match":null,"uri":"2.KjyANb7sMX95NgIM1xoZTg==|fOnPpYI60GSMmzMpI32B7CDxPgVub9jCnw9pffZuQVA
12-10 21:57:17.638 17389 17389 I ActivityThread: Schedule relaunch activity: com.x8bit.bitwarden.MainActivity
12-10 21:57:17.640 17389 17389 D FirebaseSessions: App backgrounded on com.x8bit.bitwarden.dev
12-10 21:57:17.675 17389 17389 D WindowOnBackDispatcher: setTopOnBackInvokedCallback (unwrapped): null
12-10 21:57:17.676  1351  5280 D CoreBackPreview: Window{37b8d86 u0 com.x8bit.bitwarden.dev/com.x8bit.bitwarden.MainActivity}: Setting back callback null
12-10 21:57:17.698 17389 17389 E ActivityThread: Failed to find provider info for com.brave.browser.AutofillThirdPartyModeContentProvider
12-10 21:57:17.698 17389 17389 E ActivityThread: Failed to find provider info for com.android.chrome.AutofillThirdPartyModeContentProvider
12-10 21:57:17.699 17389 17389 E ActivityThread: Failed to find provider info for com.chrome.beta.AutofillThirdPartyModeContentProvider
12-10 21:57:17.700 17389 17389 D WindowOnBackDispatcher: setTopOnBackInvokedCallback (unwrapped): android.app.Activity$$ExternalSyntheticLambda0@779bab8
12-10 21:57:17.700  1351  6341 D CoreBackPreview: Window{37b8d86 u0 com.x8bit.bitwarden.dev/com.x8bit.bitwarden.MainActivity}: Setting back callback OnBackInvokedCallbackInfo{mCallback=android.window.IOnBackInvokedCallback$Stub$Proxy@92df3a7, mPriority=-1, mIsAnimationCallback=false, mOverrideBehavior=0}
12-10 21:57:17.721 17389 17389 D RememberBitwardenNavControllerKt: MainActivity destination changed: com.x8bit.bitwarden.ui.platform.feature.rootnav.RootNavigationRoute
12-10 21:57:17.803 17389 17428 I t.bitwarden.dev: Explicit concurrent mark compact GC freed 14MB AllocSpace bytes, 9(2520KB) LOS objects, 75% free, 13MB/52MB, paused 1.010ms,1.328ms total 63.243ms
12-10 21:57:17.806 17389 17389 D RememberBitwardenNavControllerKt: RootNavScreen destination changed: com.x8bit.bitwarden.ui.auth.feature.vaultunlock.VaultUnlockRoute.Standard/{encodedData}
12-10 21:57:17.826 17389 17389 D FirebaseSessions: App foregrounded on com.x8bit.bitwarden.dev
12-10 21:57:17.827  1351  5280 W PackageConfigPersister: App-specific configuration not found for packageName: com.x8bit.bitwarden.dev and userId: 0
12-10 21:57:17.847 17389 17399 W System  : A resource failed to call release. 
12-10 21:57:17.847 17389 17399 W System  : A resource failed to call release. 
12-10 21:57:17.847 17389 17399 W System  : A resource failed to call release. 
12-10 21:57:17.858 17389 17389 D RememberBitwardenNavControllerKt: RootNavScreen destination changed: com.x8bit.bitwarden.ui.auth.feature.vaultunlock.VaultUnlockRoute.Standard/{encodedData}
12-10 21:57:17.954 17389 17428 I t.bitwarden.dev: Explicit concurrent mark compact GC freed 2396KB AllocSpace bytes, 4(144KB) LOS objects, 75% free, 12MB/50MB, paused 1.413ms,1.003ms total 50.600ms
12-10 21:57:17.957  1351  5280 I WindowManager: finishDrawing of relaunch: Window{37b8d86 u0 com.x8bit.bitwarden.dev/com.x8bit.bitwarden.MainActivity} 318ms
12-10 21:57:17.967 17389 17389 D WindowLayoutComponentImpl: Register WindowLayoutInfoListener on Context=com.x8bit.bitwarden.MainActivity@3034d21, of which baseContext=androidx.appcompat.view.ContextThemeWrapper@378603d, of which baseContext=android.app.ContextImpl@3c1c032
12-10 21:57:18.124  1351  1437 W ProcessStats: Tracking association SourceState{1fa4848 com.android.vending/10207 Service #7145} whose proc state 8 is better than process ProcessState{23ff85c com.android.vending:background/10207 pkg=com.android.vending} proc state 15 (51 skipped)
12-10 21:57:18.207 17389 17428 I t.bitwarden.dev: Explicit concurrent mark compact GC freed 2427KB AllocSpace bytes, 0(0B) LOS objects, 75% free, 12MB/51MB, paused 313us,1.182ms total 52.605ms
12-10 21:57:18.424 17389 17430 D EnvironmentRepositoryImpl$environmentStateFlow: Current environment: SELF_HOSTED
12-10 21:57:18.467  1351  1988 W NetworkPolicy: shared quota unsupported; generating rule for each iface
12-10 21:57:18.577   973  1020 I grilcallback: Updating HandGrip status
12-10 21:57:18.578 17389 17428 I t.bitwarden.dev: Explicit concurrent mark compact GC freed 2880KB AllocSpace bytes, 7(1004KB) LOS objects, 75% free, 12MB/48MB, paused 271us,1.440ms total 70.589ms
12-10 21:57:18.619   973  1020 I grilcallback: HandGrip status updated successfully
12-10 21:57:18.644  2082  2085 I deeptouch: I0000 00:00:1765421838.643856    2085 tf_lite_classifier.cc:413] Event stream classified as kNone
12-10 21:57:18.645  1351  3680 V AutofillSession: Primary service component name: ComponentInfo{com.x8bit.bitwarden/com.x8bit.bitwarden.Autofill.AutofillService}, secondary service component name: ComponentInfo{com.android.credentialmanager/com.android.credentialmanager.autofill.CredentialAutofillService}
12-10 21:57:18.646  1351  3680 V SecondaryProviderHandler: Creating a secondary provider handler with component name, ComponentInfo{com.android.credentialmanager/com.android.credentialmanager.autofill.CredentialAutofillService}
12-10 21:57:18.647  1351  3680 D PresentationStatsEventLogger: Started new PresentationStatsEvent
12-10 21:57:18.648  1351  3680 I AppsFilter: interaction: PackageSetting{45b20fa com.x8bit.bitwarden.dev/10203} -> PackageSetting{4bae1c0 helium314.keyboard/10187} BLOCKED
12-10 21:57:18.648  1351  3680 W FillRequestEventLogger: Couldn't find packageName: helium314.keyboard
12-10 21:57:18.651  1351  3680 W PresentationStatsEventLogger: Bad view state for: -1, state: ViewState: [id=1073741853:i906@1150037941, state:10010, currentValue:android.view.autofill.AutofillValue@1, virtualBounds:Rect(42, 295 - 1038, 442)]
12-10 21:57:18.682 17389 17389 D InsetsController: show(ime())
12-10 21:57:18.683 17389 17389 I ImeTracker: com.x8bit.bitwarden.dev:cb2ee594: onRequestShow at ORIGIN_CLIENT reason SHOW_SOFT_INPUT_BY_INSETS_API fromUser false
12-10 21:57:18.683 17389 17389 D ImeBackDispatcher: Undo preliminary clear (mImeCallbacks.size=0)
12-10 21:57:18.683 17389 17389 D InsetsController: Setting requestedVisibleTypes to -1 (was -9)
12-10 21:57:18.685  3282 18551 W AOSP-MdnsDiscoveryManag: Error while decoding multicast packet (4149): 1 [CONTEXT service_id=168 ]
12-10 21:57:18.685  3282 18551 W AOSP-MdnsDiscoveryManag: Error while decoding multicast packet (4150): 1 [CONTEXT service_id=168 ]
12-10 21:57:18.685  3282 18551 W AOSP-MdnsDiscoveryManag: Error while decoding multicast packet (4151): 1 [CONTEXT service_id=168 ]
12-10 21:57:18.685  3282 18551 W AOSP-MdnsDiscoveryManag: Error while decoding multicast packet (4152): 1 [CONTEXT service_id=168 ]
12-10 21:57:18.690 17389 17389 I AssistStructure: Flattened final assist data: 940 bytes, containing 1 windows, 5 views
12-10 21:57:18.691  1351  6341 D AutofillSession: createPendingIntent for request 1008
12-10 21:57:18.692  4119  4119 I LatinIME: onFinishInput
12-10 21:57:18.693  4119  4119 D LatinIME: onInlineSuggestionsResponse called
12-10 21:57:18.693  4119  4119 D LatinIME: onCreateInlineSuggestionsRequest called
12-10 21:57:18.697  1351  2051 D BackgroundInstallControlService: Package event received: 0
12-10 21:57:18.697  1351  1963 I ImeTracker: com.x8bit.bitwarden.dev:fe825f3: onRequestShow at ORIGIN_SERVER reason ATTACH_NEW_INPUT fromUser false
12-10 21:57:18.699   683   683 W powerhal-libperfmgr: Sess(285), cannot resume, already active
12-10 21:57:18.700  4119  4119 I LatinIME: Starting input. Cursor position = 0,0
12-10 21:57:18.700  4119  4119 I Settings: loadSettings
12-10 21:57:18.713  1351  2051 D BackgroundInstallControlService: Package event received: 0
12-10 21:57:18.718  1351  7268 I AssistStructure: Flattened final assist data: 872 bytes, containing 1 windows, 5 views
12-10 21:57:18.720  1351  1351 W FillRequestEventLogger: Shouldn't be logging AutofillFillRequestReported again for same event
12-10 21:57:18.720  1351  1351 W FillResponseEventLogger: Shouldn't be logging AutofillFillRequestReported again for same event
12-10 21:57:18.720  1351  1351 W PresentationStatsEventLogger: Empty dataset. Autofill ignoring log
12-10 21:57:18.720  1351  1351 D AutofillSession: clearPendingIntentLocked
12-10 21:57:18.721  3424  3424 V InlineSuggestionRenderService: handleDestroySuggestionViews called for 0:1150037941
12-10 21:57:18.728  1351  2051 D BackgroundInstallControlService: Package event received: 0
12-10 21:57:18.729 17389 17389 I ImeTracker: com.x8bit.bitwarden.dev:7b54d9a0: onRequestShow at ORIGIN_CLIENT reason SHOW_SOFT_INPUT fromUser false
12-10 21:57:18.729 17389 17389 D InsetsController: show(ime())
12-10 21:57:18.729 17389 17389 I ImeTracker: com.x8bit.bitwarden.dev:7b54d9a0: onCancelled at PHASE_CLIENT_REPORT_REQUESTED_VISIBLE_TYPES
12-10 21:57:18.741 17389 17389 W RemoteInputConnectionImpl: getSelectedText on inactive InputConnection
12-10 21:57:18.766 17389 17389 D Autofill Status: Autofill popup isn't shown because autofill is not available.
12-10 21:57:18.766 17389 17389 D Autofill Status: 
12-10 21:57:18.766 17389 17389 D Autofill Status: Did you set up autofill?
12-10 21:57:18.766 17389 17389 D Autofill Status: 1. Go to Settings > System > Languages&input > Advanced > Autofill Service
12-10 21:57:18.766 17389 17389 D Autofill Status: 2. Pick a service
12-10 21:57:18.766 17389 17389 D Autofill Status: 
12-10 21:57:18.766 17389 17389 D Autofill Status: Did you add an account?
12-10 21:57:18.766 17389 17389 D Autofill Status: 1. Go to Settings > System > Languages&input > Advanced
12-10 21:57:18.766 17389 17389 D Autofill Status: 2. Click on the settings icon next to the Autofill Service
12-10 21:57:18.766 17389 17389 D Autofill Status: 3. Add your account
12-10 21:57:18.766 17389 17389 W RemoteInputConnectionImpl: requestCursorUpdates on inactive InputConnection
12-10 21:57:18.784 17389 17389 W RemoteInputConnectionImpl: getTextBeforeCursor on inactive InputConnection
12-10 21:57:18.784  4119  4119 E RichInputConnection: Unable to connect to the editor to retrieve text.
12-10 21:57:18.784  4119  4119 D RichInputConnection: Will try to retrieve text later.
12-10 21:57:18.787  4119  4119 D ImeBackDispatcher: Send callback registration id=262798696 priority=0
12-10 21:57:18.789  4119  4119 I LatinIME: Restarting input. Cursor position = 0,0
12-10 21:57:18.792 17389 17389 D ImeBackDispatcher: Register received callback id=262798696 priority=0
12-10 21:57:18.793 17389 17389 D WindowOnBackDispatcher: setTopOnBackInvokedCallback (unwrapped): ImeOnBackInvokedCallback@262798696 Callback=android.window.IOnBackInvokedCallback$Stub$Proxy@34b9dae
12-10 21:57:18.794  1351  7268 D CoreBackPreview: Window{37b8d86 u0 com.x8bit.bitwarden.dev/com.x8bit.bitwarden.MainActivity}: Setting back callback OnBackInvokedCallbackInfo{mCallback=android.window.IOnBackInvokedCallback$Stub$Proxy@6b705ab, mPriority=0, mIsAnimationCallback=true, mOverrideBehavior=0}
12-10 21:57:18.845  1351  5280 D ImeInsetsSourceProvider: showImePostLayout cancelled, serverVisible: false, frozen: false, mWin is: non-null, isDrawn: false, mGivenInsetsPending: false, imeLayeringTarget: Window{37b8d86 u0 com.x8bit.bitwarden.dev/com.x8bit.bitwarden.MainActivity}, controlTarget: Window{37b8d86 u0 com.x8bit.bitwarden.dev/com.x8bit.bitwarden.MainActivity}
12-10 21:57:18.845  1351  5280 D ImeInsetsSourceProvider: controlTarget == DisplayContent.imeControlTarget: true, hasPendingControls: false, leash is: non-null
12-10 21:57:18.847  1351  5280 I ImeTracker: com.x8bit.bitwarden.dev:cb2ee594: onCancelled at PHASE_WM_ABORT_SHOW_IME_POST_LAYOUT
12-10 21:57:18.853  2377  2936 D WindowManagerShell: onKeepClearAreasChanged: restricted={}, unrestricted={Rect(0, 1607 - 1080, 2400)}
12-10 21:57:18.862  2377  2936 D WindowManagerShell: onKeepClearAreasChanged: restricted={}, unrestricted={Rect(0, 1502 - 1080, 2500)}
12-10 21:57:18.995  1153 18579 D AidlBufferPool: bufferpool2 0x100c55b3d414de8 : 4(368640 size) total buffers - 1(92160 size) used buffers - 2717/2721 (recycle/alloc) - 9/2720 (fetch/transfer)
12-10 21:57:19.036  3282 18551 W AOSP-MdnsDiscoveryManag: Error while decoding multicast packet (4153): 1 [CONTEXT service_id=168 ]
12-10 21:57:19.038  3282 18551 W AOSP-MdnsDiscoveryManag: Error while decoding multicast packet (4154): 1 [CONTEXT service_id=168 ]
12-10 21:57:19.102 17389 17428 I t.bitwarden.dev: Explicit concurrent mark compact GC freed 8232KB AllocSpace bytes, 2(104KB) LOS objects, 75% free, 13MB/54MB, paused 1.383ms,1.476ms total 122.507ms
12-10 21:57:19.209 17389 17389 I ImeTracker: com.x8bit.bitwarden.dev:fe825f3: onShown
12-10 21:57:19.221  1000  2108 I WifiHAL : Creating message to get link statistics; iface = 47
12-10 21:57:19.270  1000  2108 I WifiHAL : index: 0 per_rate_size 32, data_rem_len 1152
12-10 21:57:19.270  1000  2108 I WifiHAL : index: 1 per_rate_size 32, data_rem_len 1120
12-10 21:57:19.271  1000  2108 I WifiHAL : index: 2 per_rate_size 32, data_rem_len 1088
12-10 21:57:19.271  1000  2108 I WifiHAL : index: 3 per_rate_size 32, data_rem_len 1056
12-10 21:57:19.271  1000  2108 I WifiHAL : index: 4 per_rate_size 32, data_rem_len 1024
12-10 21:57:19.271  1000  2108 I WifiHAL : index: 5 per_rate_size 32, data_rem_len 992
12-10 21:57:19.271  1000  2108 I WifiHAL : index: 6 per_rate_size 32, data_rem_len 960
12-10 21:57:19.271  1000  2108 I WifiHAL : index: 7 per_rate_size 32, data_rem_len 928
12-10 21:57:19.271  1000  2108 I WifiHAL : index: 8 per_rate_size 32, data_rem_len 896
12-10 21:57:19.271  1000  2108 I WifiHAL : index: 9 per_rate_size 32, data_rem_len 864
12-10 21:57:19.271  1000  2108 I WifiHAL : index: 10 per_rate_size 32, data_rem_len 832
12-10 21:57:19.271  1000  2108 I WifiHAL : index: 11 per_rate_size 32, data_rem_len 800
12-10 21:57:19.271  1000  2108 I WifiHAL : index: 12 per_rate_size 32, data_rem_len 768
12-10 21:57:19.271  1000  2108 I WifiHAL : index: 13 per_rate_size 32, data_rem_len 736
12-10 21:57:19.271  1000  2108 I WifiHAL : index: 14 per_rate_size 32, data_rem_len 704
12-10 21:57:19.271  1000  2108 I WifiHAL : index: 15 per_rate_size 32, data_rem_len 672
12-10 21:57:19.271  1000  2108 I WifiHAL : index: 16 per_rate_size 32, data_rem_len 640
12-10 21:57:19.271  1000  2108 I WifiHAL : index: 17 per_rate_size 32, data_rem_len 608
12-10 21:57:19.271  1000  2108 I WifiHAL : index: 18 per_rate_size 32, data_rem_len 576
12-10 21:57:19.271  1000  2108 I WifiHAL : index: 19 per_rate_size 32, data_rem_len 544
12-10 21:57:19.271  1000  2108 I WifiHAL : index: 20 per_rate_size 32, data_rem_len 512
12-10 21:57:19.271  1000  2108 I WifiHAL : index: 21 per_rate_size 32, data_rem_len 480
12-10 21:57:19.271  1000  2108 I WifiHAL : index: 22 per_rate_size 32, data_rem_len 448
12-10 21:57:19.271  1000  2108 I WifiHAL : index: 23 per_rate_size 32, data_rem_len 416
12-10 21:57:19.271  1000  2108 I WifiHAL : index: 24 per_rate_size 32, data_rem_len 384
12-10 21:57:19.271  1000  2108 I WifiHAL : index: 25 per_rate_size 32, data_rem_len 352
12-10 21:57:19.271  1000  2108 I WifiHAL : index: 26 per_rate_size 32, data_rem_len 320
12-10 21:57:19.271  1000  2108 I WifiHAL : index: 27 per_rate_size 32, data_rem_len 288
12-10 21:57:19.271  1000  2108 I WifiHAL : index: 28 per_rate_size 32, data_rem_len 256
12-10 21:57:19.271  1000  2108 I WifiHAL : index: 29 per_rate_size 32, data_rem_len 224
12-10 21:57:19.271  1000  2108 I WifiHAL : index: 30 per_rate_size 32, data_rem_len 192
12-10 21:57:19.271  1000  2108 I WifiHAL : index: 31 per_rate_size 32, data_rem_len 160
12-10 21:57:19.271  1000  2108 I WifiHAL : index: 32 per_rate_size 32, data_rem_len 128
12-10 21:57:19.271  1000  2108 I WifiHAL : index: 33 per_rate_size 32, data_rem_len 96
12-10 21:57:19.271  1000  2108 I WifiHAL : index: 34 per_rate_size 32, data_rem_len 64
12-10 21:57:19.271  1000  2108 I WifiHAL : index: 35 per_rate_size 32, data_rem_len 32
12-10 21:57:19.273  1000  1024 I WifiHAL : Getting cached scan results, iface handle = 0xf00dc2613863390
12-10 21:57:19.273  1000  1024 E WifiHAL : Creating message to get cached scan results
12-10 21:57:19.277  1000  1024 I WifiHAL : In GetCachedScanResultsCommand::handleResponse
12-10 21:57:19.511  2082  2085 I deeptouch: I0000 00:00:1765421839.511675    2085 tf_lite_classifier.cc:413] Event stream classified as kNone
12-10 21:57:19.537  1119 18578 D AidlBufferPool: bufferpool2 0x100d22bce390c68 : 8(46080 size) total buffers - 5(28800 size) used buffers - 2745/2753 (recycle/alloc) - 8/5502 (fetch/transfer)
12-10 21:57:19.661 17389 17428 I t.bitwarden.dev: Explicit concurrent mark compact GC freed 3540KB AllocSpace bytes, 1(36KB) LOS objects, 75% free, 12MB/48MB, paused 194us,1.171ms total 58.139ms
12-10 21:57:19.913  3282 18551 W AOSP-MdnsDiscoveryManag: Error while decoding multicast packet (4158): 1 [CONTEXT service_id=168 ]
12-10 21:57:19.913  3282 18551 W AOSP-MdnsDiscoveryManag: Error while decoding multicast packet (4159): 1 [CONTEXT service_id=168 ]
12-10 21:57:20.237  1802  1812 I pixel-thermal: VIRTUAL-SKIN-CHARGE:31.7823 raw data: VIRTUAL-SKIN-CHARGE:31782.3 VIRTUAL-SKIN-CHARGE-SUB-1:31714.1 VIRTUAL-SKIN-CHARGE-SUB-2:31782.3 charger_therm:34488 modem_therm:32863 quiet_therm:30615 rffe_therm:30815 soc_therm:31305 
12-10 21:57:20.344 17389 17428 I t.bitwarden.dev: Explicit concurrent mark compact GC freed 172KB AllocSpace bytes, 1(36KB) LOS objects, 75% free, 12MB/48MB, paused 251us,1.387ms total 81.351ms
12-10 21:57:20.475   973  1020 I grilcallback: Updating HandGrip status
12-10 21:57:20.518  2082  2085 I deeptouch: I0000 00:00:1765421840.518269    2085 tf_lite_classifier.cc:413] Event stream classified as kNone
12-10 21:57:20.527   973  1020 I grilcallback: HandGrip status updated successfully
12-10 21:57:20.891  2082  2085 I deeptouch: I0000 00:00:1765421840.891273    2085 tf_lite_classifier.cc:413] Event stream classified as kNone
12-10 21:57:21.061  2082  2085 I deeptouch: I0000 00:00:1765421841.061686    2085 tf_lite_classifier.cc:413] Event stream classified as kNone
12-10 21:57:21.086  3282 18551 W AOSP-MdnsDiscoveryManag: Error while decoding multicast packet (4162): 1 [CONTEXT service_id=168 ]
12-10 21:57:21.086  3282 18551 W AOSP-MdnsDiscoveryManag: Error while decoding multicast packet (4163): 1 [CONTEXT service_id=168 ]
12-10 21:57:21.116 17389 17428 I t.bitwarden.dev: Explicit concurrent mark compact GC freed 380KB AllocSpace bytes, 0(0B) LOS objects, 75% free, 12MB/48MB, paused 281us,1.570ms total 70.922ms
12-10 21:57:21.308   926  1449 D AHal::Cs35l41Codec: CheckAllSpeakers: get ctl [PCM Source] = 1, expects 1
12-10 21:57:21.310   926  1449 D AHal::Cs35l41Codec: CheckAllSpeakers: get ctl [R PCM Source] = 1, expects 1
12-10 21:57:21.402  2082  2085 I deeptouch: I0000 00:00:1765421841.402649    2085 tf_lite_classifier.cc:413] Event stream classified as kNone
12-10 21:57:21.518   973  1020 I grilcallback: Updating HandGrip status
12-10 21:57:21.567   973  1020 I grilcallback: HandGrip status updated successfully
12-10 21:57:21.579  2082  2085 I deeptouch: I0000 00:00:1765421841.579377    2085 tf_lite_classifier.cc:413] Event stream classified as kNone
12-10 21:57:21.794  2082  2085 I deeptouch: I0000 00:00:1765421841.794303    2085 tf_lite_classifier.cc:413] Event stream classified as kNone
12-10 21:57:21.855  1126  1142 D RILClient: [OemClient]IND: (clientId = 0, msgId = 2016, dataLength = 996, channel = 0)
12-10 21:57:21.856  1126  1142 D RILClient: [OemClient]IND: (clientId = 0, msgId = 2016, dataLength = 996, channel = 0)
12-10 21:57:21.860  2287  2287 I SHANNON_IMS: 4165 [DATA] Received mCellStatus [ 1 ]  [  band : 0] (RilIndImsPhysicalChannelConfigs%update:44)
12-10 21:57:21.860  2287  2287 I SHANNON_IMS: 4166 [NETW] #:PURP:# UNSOL {RILC_UNSOL_PHYSICAL_CHANNEL_CONFIGS} :   band : 12  (NetworkAdaptor$AdaptorChannel%onMessage:306)
12-10 21:57:21.862  2287  2287 I SHANNON_IMS: 4169 [DATA] Received mCellStatus [ 0 ]  [  band : 12] (RilIndImsPhysicalChannelConfigs%update:44)
12-10 21:57:21.862  2287  2287 I SHANNON_IMS: 4170 [NETW] #:PURP:# UNSOL {RILC_UNSOL_PHYSICAL_CHANNEL_CONFIGS} :   band : 0  (NetworkAdaptor$AdaptorChannel%onMessage:306)
12-10 21:57:21.863  1126  1142 D RILClient: [OemClient]IND: (clientId = 0, msgId = 2015, dataLength = 148, channel = 0)
12-10 21:57:21.868  1351  3680 D ActivityManager: sync unfroze 3383 .ShannonImsService for 7
12-10 21:57:21.873  1351  2051 D BackgroundInstallControlService: Package event received: 0
12-10 21:57:21.880  3068  3068 D QnsTelephonyListener_0: onBarringInfoChanged voiceBarringByFactor:false, emergencyBarringFactor:false
12-10 21:57:22.004 17389 17428 I t.bitwarden.dev: Explicit concurrent mark compact GC freed 512KB AllocSpace bytes, 0(0B) LOS objects, 75% free, 12MB/48MB, paused 386us,1.845ms total 86.471ms
12-10 21:57:22.302  1000  1024 I WifiHAL : Creating message to get link statistics; iface = 47
12-10 21:57:22.347  1000  1024 I WifiHAL : index: 0 per_rate_size 32, data_rem_len 1152
12-10 21:57:22.347  1000  1024 I WifiHAL : index: 1 per_rate_size 32, data_rem_len 1120
12-10 21:57:22.347  1000  1024 I WifiHAL : index: 2 per_rate_size 32, data_rem_len 1088
12-10 21:57:22.347  1000  1024 I WifiHAL : index: 3 per_rate_size 32, data_rem_len 1056
12-10 21:57:22.347  1000  1024 I WifiHAL : index: 4 per_rate_size 32, data_rem_len 1024
12-10 21:57:22.347  1000  1024 I WifiHAL : index: 5 per_rate_size 32, data_rem_len 992
12-10 21:57:22.347  1000  1024 I WifiHAL : index: 6 per_rate_size 32, data_rem_len 960
12-10 21:57:22.347  1000  1024 I WifiHAL : index: 7 per_rate_size 32, data_rem_len 928
12-10 21:57:22.347  1000  1024 I WifiHAL : index: 8 per_rate_size 32, data_rem_len 896
12-10 21:57:22.347  1000  1024 I WifiHAL : index: 9 per_rate_size 32, data_rem_len 864
12-10 21:57:22.347  1000  1024 I WifiHAL : index: 10 per_rate_size 32, data_rem_len 832
12-10 21:57:22.347  1000  1024 I WifiHAL : index: 11 per_rate_size 32, data_rem_len 800
12-10 21:57:22.347  1000  1024 I WifiHAL : index: 12 per_rate_size 32, data_rem_len 768
12-10 21:57:22.347  1000  1024 I WifiHAL : index: 13 per_rate_size 32, data_rem_len 736
12-10 21:57:22.347  1000  1024 I WifiHAL : index: 14 per_rate_size 32, data_rem_len 704
12-10 21:57:22.347  1000  1024 I WifiHAL : index: 15 per_rate_size 32, data_rem_len 672
12-10 21:57:22.347  1000  1024 I WifiHAL : index: 16 per_rate_size 32, data_rem_len 640
12-10 21:57:22.347  1000  1024 I WifiHAL : index: 17 per_rate_size 32, data_rem_len 608
12-10 21:57:22.347  1000  1024 I WifiHAL : index: 18 per_rate_size 32, data_rem_len 576
12-10 21:57:22.347  1000  1024 I WifiHAL : index: 19 per_rate_size 32, data_rem_len 544
12-10 21:57:22.347  1000  1024 I WifiHAL : index: 20 per_rate_size 32, data_rem_len 512
12-10 21:57:22.347  1000  1024 I WifiHAL : index: 21 per_rate_size 32, data_rem_len 480
12-10 21:57:22.347  1000  1024 I WifiHAL : index: 22 per_rate_size 32, data_rem_len 448
12-10 21:57:22.347  1000  1024 I WifiHAL : index: 23 per_rate_size 32, data_rem_len 416
12-10 21:57:22.347  1000  1024 I WifiHAL : index: 24 per_rate_size 32, data_rem_len 384
12-10 21:57:22.348  1000  1024 I WifiHAL : index: 25 per_rate_size 32, data_rem_len 352
12-10 21:57:22.348  1000  1024 I WifiHAL : index: 26 per_rate_size 32, data_rem_len 320
12-10 21:57:22.348  1000  1024 I WifiHAL : index: 27 per_rate_size 32, data_rem_len 288
12-10 21:57:22.348  1000  1024 I WifiHAL : index: 28 per_rate_size 32, data_rem_len 256
12-10 21:57:22.348  1000  1024 I WifiHAL : index: 29 per_rate_size 32, data_rem_len 224
12-10 21:57:22.348  1000  1024 I WifiHAL : index: 30 per_rate_size 32, data_rem_len 192
12-10 21:57:22.348  1000  1024 I WifiHAL : index: 31 per_rate_size 32, data_rem_len 160
12-10 21:57:22.348  1000  1024 I WifiHAL : index: 32 per_rate_size 32, data_rem_len 128
12-10 21:57:22.348  1000  1024 I WifiHAL : index: 33 per_rate_size 32, data_rem_len 96
12-10 21:57:22.348  1000  1024 I WifiHAL : index: 34 per_rate_size 32, data_rem_len 64
12-10 21:57:22.348  1000  1024 I WifiHAL : index: 35 per_rate_size 32, data_rem_len 32
12-10 21:57:22.350  1000  1024 I WifiHAL : Getting cached scan results, iface handle = 0xf00dc2613863390
12-10 21:57:22.350  1000  1024 E WifiHAL : Creating message to get cached scan results
12-10 21:57:22.355  1000  1024 I WifiHAL : In GetCachedScanResultsCommand::handleResponse
12-10 21:57:22.387   926  1449 I AHal::Cs35l41Health: GetImpedances: speaker [0] impedance: 6.32402 Ohms
12-10 21:57:22.387   926  1449 I AHal::Cs35l41Health: GetImpedances: speaker [1] impedance: 7.57882 Ohms
12-10 21:57:22.388   926  1449 I AHal::Cs35l41Health: GetTemperatures: DSP1 Protection cd BDLOG_MAX_TEMP Max temp: 0x118e34 ==> 70.2219 C
12-10 21:57:22.388   926  1449 I AHal::Cs35l41Health: GetTemperatures: R DSP1 Protection cd BDLOG_MAX_TEMP Max temp: 0x133070 ==> 76.7568 C
12-10 21:57:22.388   926  1449 I AHal::Cs35l41Health: GetExcursions: DSP1 Protection cd BDLOG_MAX_EXC Max exc: 0x37318 ==> 0.431198 mm
12-10 21:57:22.388   926  1449 I AHal::Cs35l41Health: GetExcursions: R DSP1 Protection cd BDLOG_MAX_EXC Max exc: 0x33332 ==> 0.399998 mm
12-10 21:57:22.389   926  1449 I AHal::Cs35l41Health: GetHeartBeats: DSP1 Protection 400a4 HALO_HEARTBEAT dsp heartbeat = 0x33503b
12-10 21:57:22.389   926  1449 I AHal::Cs35l41Health: GetHeartBeats: R DSP1 Protection 400a4 HALO_HEARTBEAT dsp heartbeat = 0x335040
12-10 21:57:22.463  2082  2085 I deeptouch: I0000 00:00:1765421842.463588    2085 tf_lite_classifier.cc:413] Event stream classified as kNone
12-10 21:57:22.632  1351  1624 I DisplayPowerController[0]: BrightnessEvent: brt=0.045188796(60.0%), nits=65.27199, lux=77.915886, reason=automatic, strat=AutomaticBrightnessStrategy, state=ON, stateReason=DEFAULT_POLICY, policy=BRIGHT, flags=, initBrt=0.063728794, rcmdBrt=0.045188796, preBrt=0.063728794, preLux=207.73288, lastReadLux=77.915886, wasShortTermModelActive=false, autoBrightness=true (default), unclampedBrt=0.045188796, hbmMax=0.35571426, hbmMode=off, thrmMax=1.0, rbcStrength=50, powerFactor=1.0, physDisp=Built-in Screen(local:4619827677550801152), logicalId=0, slowChange=true, rampSpeed=0.05
12-10 21:57:22.641  1351  1437 I BrightnessSynchronizer: [164] New Update 0.045188796(f) set brightness values:  12(i)
12-10 21:57:22.642  1351  1437 I BrightnessSynchronizer: Swallowing update of 12(i) by update: {[164] 0.045188796(f), mUpdatedTypes=1, mConfirmedTypes=1, mTimeUpdated=2371017}
12-10 21:57:22.643  1351  1437 I BrightnessSynchronizer: Completed Update: {[164] 0.045188796(f), mUpdatedTypes=1, mConfirmedTypes=1, mTimeUpdated=2371017}
12-10 21:57:22.646   584 18378 I hwc-display: path=drm, id=0, level=1182, nits=91.054489, brightness=0.063603, DimmingOn=1, Hbm=0, LhbmOn=0, OpRate=120
12-10 21:57:22.646   584 18378 D hwc-display: [PrimaryDisplay] OperationRateManager::onBrightness:dbv=1182
12-10 21:57:22.648  2304  3457 I PixelDisplayManager: onDisplayChanged(Built-in Screen, 0, local:4619827677550801152): screenOn=true, hbmMode=0, br=0.045188796, product=DeviceProductInfo{name=Common Panel, manufacturerPnpId=GGL, productId=0, modelYear=null, manufactureDate=ManufactureDate{week=1, year=1990}, connectionToSinkType=1}
12-10 21:57:22.653   584 18378 I hwc-display: path=drm, id=0, level=1181, nits=90.884102, brightness=0.063481, DimmingOn=1, Hbm=0, LhbmOn=0, OpRate=120
12-10 21:57:22.653   584 18378 D hwc-display: [PrimaryDisplay] OperationRateManager::onBrightness:dbv=1181
12-10 21:57:22.661   584 18378 I hwc-display: path=drm, id=0, level=1180, nits=90.713875, brightness=0.063360, DimmingOn=1, Hbm=0, LhbmOn=0, OpRate=120
12-10 21:57:22.661   584 18378 D hwc-display: [PrimaryDisplay] OperationRateManager::onBrightness:dbv=1180
12-10 21:57:22.669   584 18378 I hwc-display: path=drm, id=0, level=1179, nits=90.541893, brightness=0.063237, DimmingOn=1, Hbm=0, LhbmOn=0, OpRate=120
12-10 21:57:22.669   584 18378 D hwc-display: [PrimaryDisplay] OperationRateManager::onBrightness:dbv=1179
12-10 21:57:22.678   584   685 I hwc-display: path=drm, id=0, level=1178, nits=90.372864, brightness=0.063116, DimmingOn=1, Hbm=0, LhbmOn=0, OpRate=120
12-10 21:57:22.678   584   685 D hwc-display: [PrimaryDisplay] OperationRateManager::onBrightness:dbv=1178
12-10 21:57:22.687   584 18378 I hwc-display: path=drm, id=0, level=1177, nits=90.203552, brightness=0.062995, DimmingOn=1, Hbm=0, LhbmOn=0, OpRate=120
12-10 21:57:22.687   584 18378 D hwc-display: [PrimaryDisplay] OperationRateManager::onBrightness:dbv=1177
12-10 21:57:22.695   584 18378 I hwc-display: path=drm, id=0, level=1176, nits=90.034286, brightness=0.062874, DimmingOn=1, Hbm=0, LhbmOn=0, OpRate=120
12-10 21:57:22.695   584 18378 D hwc-display: [PrimaryDisplay] OperationRateManager::onBrightness:dbv=1176
12-10 21:57:22.703   584 18378 I hwc-display: path=drm, id=0, level=1175, nits=89.864891, brightness=0.062753, DimmingOn=1, Hbm=0, LhbmOn=0, OpRate=120
12-10 21:57:22.703   584 18378 D hwc-display: [PrimaryDisplay] OperationRateManager::onBrightness:dbv=1175
12-10 21:57:22.711   584 18378 I hwc-display: path=drm, id=0, level=1174, nits=89.695595, brightness=0.062632, DimmingOn=1, Hbm=0, LhbmOn=0, OpRate=120
12-10 21:57:22.712   584 18378 D hwc-display: [PrimaryDisplay] OperationRateManager::onBrightness:dbv=1174
12-10 21:57:22.720   584 18378 I hwc-display: path=drm, id=0, level=1173, nits=89.526451, brightness=0.062512, DimmingOn=1, Hbm=0, LhbmOn=0, OpRate=120
12-10 21:57:22.720   584 18378 D hwc-display: [PrimaryDisplay] OperationRateManager::onBrightness:dbv=1173
12-10 21:57:22.728   584 18378 I hwc-display: path=drm, id=0, level=1172, nits=89.357193, brightness=0.062391, DimmingOn=1, Hbm=0, LhbmOn=0, OpRate=120
12-10 21:57:22.728   584 18378 D hwc-display: [PrimaryDisplay] OperationRateManager::onBrightness:dbv=1172
12-10 21:57:22.737   584   685 I hwc-display: path=drm, id=0, level=1171, nits=89.188522, brightness=0.062270, DimmingOn=1, Hbm=0, LhbmOn=0, OpRate=120
12-10 21:57:22.737   584   685 D hwc-display: [PrimaryDisplay] OperationRateManager::onBrightness:dbv=1171
12-10 21:57:22.745   584 18378 I hwc-display: path=drm, id=0, level=1169, nits=89.020027, brightness=0.062150, DimmingOn=1, Hbm=0, LhbmOn=0, OpRate=120
12-10 21:57:22.745   584 18378 D hwc-display: [PrimaryDisplay] OperationRateManager::onBrightness:dbv=1169
12-10 21:57:22.753   584 18378 I hwc-display: path=drm, id=0, level=1168, nits=88.851669, brightness=0.062030, DimmingOn=1, Hbm=0, LhbmOn=0, OpRate=120
12-10 21:57:22.753   584 18378 D hwc-display: [PrimaryDisplay] OperationRateManager::onBrightness:dbv=1168
12-10 21:57:22.762   584 18378 I hwc-display: path=drm, id=0, level=1167, nits=88.683388, brightness=0.061909, DimmingOn=1, Hbm=0, LhbmOn=0, OpRate=120
12-10 21:57:22.762   584 18378 D hwc-display: [PrimaryDisplay] OperationRateManager::onBrightness:dbv=1167
12-10 21:57:22.771   584 18378 I hwc-display: path=drm, id=0, level=1166, nits=88.515312, brightness=0.061789, DimmingOn=1, Hbm=0, LhbmOn=0, OpRate=120
12-10 21:57:22.771   584 18378 D hwc-display: [PrimaryDisplay] OperationRateManager::onBrightness:dbv=1166
12-10 21:57:22.779   584 18378 I hwc-display: path=drm, id=0, level=1165, nits=88.347366, brightness=0.061669, DimmingOn=1, Hbm=0, LhbmOn=0, OpRate=120
12-10 21:57:22.779   584 18378 D hwc-display: [PrimaryDisplay] OperationRateManager::onBrightness:dbv=1165
12-10 21:57:22.787   584 18378 I hwc-display: path=drm, id=0, level=1164, nits=88.179573, brightness=0.061550, DimmingOn=1, Hbm=0, LhbmOn=0, OpRate=120
12-10 21:57:22.787   584 18378 D hwc-display: [PrimaryDisplay] OperationRateManager::onBrightness:dbv=1164
12-10 21:57:22.795   584   685 I hwc-display: path=drm, id=0, level=1163, nits=88.012054, brightness=0.061430, DimmingOn=1, Hbm=0, LhbmOn=0, OpRate=120
12-10 21:57:22.796   584   685 D hwc-display: [PrimaryDisplay] OperationRateManager::onBrightness:dbv=1163
12-10 21:57:22.804   584 18378 I hwc-display: path=drm, id=0, level=1162, nits=87.844666, brightness=0.061310, DimmingOn=1, Hbm=0, LhbmOn=0, OpRate=120
12-10 21:57:22.804   584 18378 D hwc-display: [PrimaryDisplay] OperationRateManager::onBrightness:dbv=1162
12-10 21:57:22.812   584 18378 I hwc-display: path=drm, id=0, level=1161, nits=87.677795, brightness=0.061191, DimmingOn=1, Hbm=0, LhbmOn=0, OpRate=120
12-10 21:57:22.812   584 18378 D hwc-display: [PrimaryDisplay] OperationRateManager::onBrightness:dbv=1161
12-10 21:57:22.821   584 18378 I hwc-display: path=drm, id=0, level=1160, nits=87.511452, brightness=0.061072, DimmingOn=1, Hbm=0, LhbmOn=0, OpRate=120
12-10 21:57:22.821   584 18378 D hwc-display: [PrimaryDisplay] OperationRateManager::onBrightness:dbv=1160
12-10 21:57:22.829   584 18378 I hwc-display: path=drm, id=0, level=1159, nits=87.345451, brightness=0.060954, DimmingOn=1, Hbm=0, LhbmOn=0, OpRate=120
12-10 21:57:22.829   584 18378 D hwc-display: [PrimaryDisplay] OperationRateManager::onBrightness:dbv=1159
12-10 21:57:22.837   584 18378 I hwc-display: path=drm, id=0, level=1158, nits=87.177536, brightness=0.060834, DimmingOn=1, Hbm=0, LhbmOn=0, OpRate=120
12-10 21:57:22.837   584 18378 D hwc-display: [PrimaryDisplay] OperationRateManager::onBrightness:dbv=1158
12-10 21:57:22.845   584 18378 I hwc-display: path=drm, id=0, level=1157, nits=87.011230, brightness=0.060715, DimmingOn=1, Hbm=0, LhbmOn=0, OpRate=120
12-10 21:57:22.845   584 18378 D hwc-display: [PrimaryDisplay] OperationRateManager::onBrightness:dbv=1157
12-10 21:57:22.854   584   685 I hwc-display: path=drm, id=0, level=1156, nits=86.845055, brightness=0.060596, DimmingOn=1, Hbm=0, LhbmOn=0, OpRate=120
12-10 21:57:22.854   584   685 D hwc-display: [PrimaryDisplay] OperationRateManager::onBrightness:dbv=1156
12-10 21:57:22.862   584 18378 I hwc-display: path=drm, id=0, level=1155, nits=86.679031, brightness=0.060478, DimmingOn=1, Hbm=0, LhbmOn=0, OpRate=120
12-10 21:57:22.862   584 18378 D hwc-display: [PrimaryDisplay] OperationRateManager::onBrightness:dbv=1155
12-10 21:57:22.870   584 18378 I hwc-display: path=drm, id=0, level=1154, nits=86.512978, brightness=0.060359, DimmingOn=1, Hbm=0, LhbmOn=0, OpRate=120
12-10 21:57:22.870   584 18378 D hwc-display: [PrimaryDisplay] OperationRateManager::onBrightness:dbv=1154
12-10 21:57:22.879   584 18378 I hwc-display: path=drm, id=0, level=1153, nits=86.347046, brightness=0.060241, DimmingOn=1, Hbm=0, LhbmOn=0, OpRate=120
12-10 21:57:22.879   584 18378 D hwc-display: [PrimaryDisplay] OperationRateManager::onBrightness:dbv=1153
12-10 21:57:22.887   584 18378 I hwc-display: path=drm, id=0, level=1152, nits=86.181114, brightness=0.060122, DimmingOn=1, Hbm=0, LhbmOn=0, OpRate=120
12-10 21:57:22.887   584 18378 D hwc-display: [PrimaryDisplay] OperationRateManager::onBrightness:dbv=1152
12-10 21:57:22.896   584 18378 I hwc-display: path=drm, id=0, level=1151, nits=86.015022, brightness=0.060003, DimmingOn=1, Hbm=0, LhbmOn=0, OpRate=120
12-10 21:57:22.896   584 18378 D hwc-display: [PrimaryDisplay] OperationRateManager::onBrightness:dbv=1151
12-10 21:57:22.904   584 18378 I hwc-display: path=drm, id=0, level=1150, nits=85.849525, brightness=0.059885, DimmingOn=1, Hbm=0, LhbmOn=0, OpRate=120
12-10 21:57:22.904   584 18378 D hwc-display: [PrimaryDisplay] OperationRateManager::onBrightness:dbv=1150
12-10 21:57:22.905  1177  1177 D AOC     : A3:MSG: lsm6dsv_device.cc, 732: USF: Lsm6dsvDevice: Sensor 4: Enabled 0, odr_index 0, period_ns 0.
12-10 21:57:22.905  1177  1177 D AOC     : A3:MSG: lsm6dsv_fifo.cc, 755: USF: Lsm6dsvFifo: ODR: XL/G/T/TS: 480/480/15/60 WM: 2 Intr: 480.
12-10 21:57:22.906  1177  1177 D AOC     : A3:MSG: lsm6dsv_device.cc, 641: USF: Lsm6dsvDevice: Fifo was disabled for 493531ns.
12-10 21:57:22.910  1177  1177 D AOC     : A3:MSG: usf_sensor.cc, 1784: USF: Received start sampling request for LSM6DSV Motion Detect (active:1).
12-10 21:57:22.910  1177  1177 D AOC     : A3:MSG: lsm6dsv_device.cc, 732: USF: Lsm6dsvDevice: Sensor 3: Enabled 1, odr_index 1, period_ns 500000000.
12-10 21:57:22.911  1177  1177 D AOC     : A3:MSG: lsm6dsv_fifo.cc, 755: USF: Lsm6dsvFifo: ODR: XL/G/T/TS: 480/480/15/60 WM: 2 Intr: 480.
12-10 21:57:22.913   584   685 I hwc-display: path=drm, id=0, level=1149, nits=85.684242, brightness=0.059767, DimmingOn=1, Hbm=0, LhbmOn=0, OpRate=120
12-10 21:57:22.913   584   685 D hwc-display: [PrimaryDisplay] OperationRateManager::onBrightness:dbv=1149
12-10 21:57:22.914  1177  1177 D AOC     : A3:MSG: lsm6dsv_device.cc, 641: USF: Lsm6dsvDevice: Fifo was disabled for 510661ns.
12-10 21:57:22.915  1177  1177 D AOC     : A3:MSG: usf_sensor.cc, 1792: USF: Received stop sampling request for LSM6DSV Stationary Detect (active:-1).
12-10 21:57:22.915  1177  1177 D AOC     : A3:MSG: usf_sensor.cc, 2354: USF: Sampling configuration 1004 not found.
12-10 21:57:22.916  1177  1177 D AOC     : A3:MSG: usf_sensor_client.cc, 173: USF: Received kErrNotFound when disabling one shot sensor.
12-10 21:57:22.919   932   944 I CHRE    : @ 2397.451: Received a sampling status update for one shot sensor LSM6DSV Motion Detect
12-10 21:57:22.919  1177  1177 D AOC     : A3:MSG: usf_sensor.cc, 1784: USF: Received start sampling request for LSM6DSV Motion Detect (active:2).
12-10 21:57:22.921   584 18378 I hwc-display: path=drm, id=0, level=1148, nits=85.519218, brightness=0.059649, DimmingOn=1, Hbm=0, LhbmOn=0, OpRate=120
12-10 21:57:22.921   584 18378 D hwc-display: [PrimaryDisplay] OperationRateManager::onBrightness:dbv=1148
12-10 21:57:22.925  1177  1177 D AOC     : A3:MSG: motion_state_sensor.cc, 328: USF: MoSt: MotionDetect sampling started with sampling ID 1007.
12-10 21:57:22.925  1177  1177 D AOC     : A3:MSG: usf_sensor.cc, 1792: USF: Received stop sampling request for LSM6DSV FreeFall Detect (active:0).
12-10 21:57:22.926  1177  1177 D AOC     : A3:MSG: lsm6dsv_device.cc, 732: USF: Lsm6dsvDevice: Sensor 5: Enabled 0, odr_index 0, period_ns 0.
12-10 21:57:22.927  1177  1177 D AOC     : A3:MSG: lsm6dsv_fifo.cc, 755: USF: Lsm6dsvFifo: ODR: XL/G/T/TS: 480/480/15/60 WM: 2 Intr: 480.
12-10 21:57:22.928  1177  1177 D AOC     : A3:MSG: lsm6dsv_device.cc, 641: USF: Lsm6dsvDevice: Fifo was disabled for 501099ns.
12-10 21:57:22.929   584 18378 I hwc-display: path=drm, id=0, level=1147, nits=85.354111, brightness=0.059531, DimmingOn=1, Hbm=0, LhbmOn=0, OpRate=120
12-10 21:57:22.929   584 18378 D hwc-display: [PrimaryDisplay] OperationRateManager::onBrightness:dbv=1147
12-10 21:57:22.938   584 18378 I hwc-display: path=drm, id=0, level=1146, nits=85.188797, brightness=0.059413, DimmingOn=1, Hbm=0, LhbmOn=0, OpRate=120
12-10 21:57:22.938   584 18378 D hwc-display: [PrimaryDisplay] OperationRateManager::onBrightness:dbv=1146
12-10 21:57:22.945   584 18378 I hwc-display: path=drm, id=0, level=1145, nits=85.023781, brightness=0.059295, DimmingOn=1, Hbm=0, LhbmOn=0, OpRate=120
12-10 21:57:22.945   584 18378 D hwc-display: [PrimaryDisplay] OperationRateManager::onBrightness:dbv=1145
12-10 21:57:22.954   584 18378 I hwc-display: path=drm, id=0, level=1144, nits=84.859268, brightness=0.059178, DimmingOn=1, Hbm=0, LhbmOn=0, OpRate=120
12-10 21:57:22.954   584 18378 D hwc-display: [PrimaryDisplay] OperationRateManager::onBrightness:dbv=1144
12-10 21:57:22.962   584 18378 I hwc-display: path=drm, id=0, level=1143, nits=84.695023, brightness=0.059061, DimmingOn=1, Hbm=0, LhbmOn=0, OpRate=120
12-10 21:57:22.962   584 18378 D hwc-display: [PrimaryDisplay] OperationRateManager::onBrightness:dbv=1143
12-10 21:57:22.971   584   685 I hwc-display: path=drm, id=0, level=1141, nits=84.530396, brightness=0.058943, DimmingOn=1, Hbm=0, LhbmOn=0, OpRate=120
12-10 21:57:22.971   584   685 D hwc-display: [PrimaryDisplay] OperationRateManager::onBrightness:dbv=1141
12-10 21:57:22.978 17389 17428 I t.bitwarden.dev: Explicit concurrent mark compact GC freed 192KB AllocSpace bytes, 0(0B) LOS objects, 75% free, 12MB/48MB, paused 259us,1.468ms total 73.304ms
12-10 21:57:22.980   584 18378 I hwc-display: path=drm, id=0, level=1140, nits=84.366554, brightness=0.058826, DimmingOn=1, Hbm=0, LhbmOn=0, OpRate=120
12-10 21:57:22.980   584 18378 D hwc-display: [PrimaryDisplay] OperationRateManager::onBrightness:dbv=1140
12-10 21:57:22.988   584 18378 I hwc-display: path=drm, id=0, level=1139, nits=84.202995, brightness=0.058709, DimmingOn=1, Hbm=0, LhbmOn=0, OpRate=120
12-10 21:57:22.988   584 18378 D hwc-display: [PrimaryDisplay] OperationRateManager::onBrightness:dbv=1139
12-10 21:57:22.996   584 18378 I hwc-display: path=drm, id=0, level=1138, nits=84.039551, brightness=0.058592, DimmingOn=1, Hbm=0, LhbmOn=0, OpRate=120
12-10 21:57:22.996   584 18378 D hwc-display: [PrimaryDisplay] OperationRateManager::onBrightness:dbv=1138
12-10 21:57:23.005   584 18378 I hwc-display: path=drm, id=0, level=1137, nits=83.876160, brightness=0.058476, DimmingOn=1, Hbm=0, LhbmOn=0, OpRate=120
12-10 21:57:23.005   584 18378 D hwc-display: [PrimaryDisplay] OperationRateManager::onBrightness:dbv=1137
12-10 21:57:23.013   584 18378 I hwc-display: path=drm, id=0, level=1136, nits=83.712891, brightness=0.058359, DimmingOn=1, Hbm=0, LhbmOn=0, OpRate=120
12-10 21:57:23.013   584 18378 D hwc-display: [PrimaryDisplay] OperationRateManager::onBrightness:dbv=1136
12-10 21:57:23.021   584 18378 I hwc-display: path=drm, id=0, level=1135, nits=83.549744, brightness=0.058243, DimmingOn=1, Hbm=0, LhbmOn=0, OpRate=120
12-10 21:57:23.021   584 18378 D hwc-display: [PrimaryDisplay] OperationRateManager::onBrightness:dbv=1135
12-10 21:57:23.030   584   685 I hwc-display: path=drm, id=0, level=1134, nits=83.386688, brightness=0.058126, DimmingOn=1, Hbm=0, LhbmOn=0, OpRate=120
12-10 21:57:23.030   584   685 D hwc-display: [PrimaryDisplay] OperationRateManager::onBrightness:dbv=1134
12-10 21:57:23.038   584 18378 I hwc-display: path=drm, id=0, level=1133, nits=83.223839, brightness=0.058010, DimmingOn=1, Hbm=0, LhbmOn=0, OpRate=120
12-10 21:57:23.038   584 18378 D hwc-display: [PrimaryDisplay] OperationRateManager::onBrightness:dbv=1133
12-10 21:57:23.046   584 18378 I hwc-display: path=drm, id=0, level=1132, nits=83.061172, brightness=0.057894, DimmingOn=1, Hbm=0, LhbmOn=0, OpRate=120
12-10 21:57:23.047   584 18378 D hwc-display: [PrimaryDisplay] OperationRateManager::onBrightness:dbv=1132
