12-10 21:57:23.055   584 18378 I hwc-display: path=drm, id=0, level=1131, nits=82.898491, brightness=0.057777, DimmingOn=1, Hbm=0, LhbmOn=0, OpRate=120
12-10 21:57:23.055   584 18378 D hwc-display: [PrimaryDisplay] OperationRateManager::onBrightness:dbv=1131
12-10 21:57:23.063   584 18378 I hwc-display: path=drm, id=0, level=1130, nits=82.736298, brightness=0.057661, DimmingOn=1, Hbm=0, LhbmOn=0, OpRate=120
12-10 21:57:23.063   584 18378 D hwc-display: [PrimaryDisplay] OperationRateManager::onBrightness:dbv=1130
12-10 21:57:23.072   584 18378 I hwc-display: path=drm, id=0, level=1129, nits=82.574081, brightness=0.057546, DimmingOn=1, Hbm=0, LhbmOn=0, OpRate=120
12-10 21:57:23.072   584 18378 D hwc-display: [PrimaryDisplay] OperationRateManager::onBrightness:dbv=1129
12-10 21:57:23.081   584 18378 I hwc-display: path=drm, id=0, level=1128, nits=82.412125, brightness=0.057430, DimmingOn=1, Hbm=0, LhbmOn=0, OpRate=120
12-10 21:57:23.081   584 18378 D hwc-display: [PrimaryDisplay] OperationRateManager::onBrightness:dbv=1128
12-10 21:57:23.084   973  1020 I grilcallback: Updating HandGrip status
12-10 21:57:23.089   584   685 I hwc-display: path=drm, id=0, level=1127, nits=82.250465, brightness=0.057314, DimmingOn=1, Hbm=0, LhbmOn=0, OpRate=120
12-10 21:57:23.089   584   685 D hwc-display: [PrimaryDisplay] OperationRateManager::onBrightness:dbv=1127
12-10 21:57:23.096   584   704 I hwc-display: Display Temperature : 29°C
12-10 21:57:23.097   584 18378 I hwc-display: path=drm, id=0, level=1126, nits=82.088432, brightness=0.057199, DimmingOn=1, Hbm=0, LhbmOn=0, OpRate=120
12-10 21:57:23.097   584 18378 D hwc-display: [PrimaryDisplay] OperationRateManager::onBrightness:dbv=1126
12-10 21:57:23.105   584 18378 I hwc-display: path=drm, id=0, level=1125, nits=81.926865, brightness=0.057083, DimmingOn=1, Hbm=0, LhbmOn=0, OpRate=120
12-10 21:57:23.105   584 18378 D hwc-display: [PrimaryDisplay] OperationRateManager::onBrightness:dbv=1125
12-10 21:57:23.113   584 18378 I hwc-display: path=drm, id=0, level=1124, nits=81.765472, brightness=0.056968, DimmingOn=1, Hbm=0, LhbmOn=0, OpRate=120
12-10 21:57:23.113   584 18378 D hwc-display: [PrimaryDisplay] OperationRateManager::onBrightness:dbv=1124
12-10 21:57:23.121   584 18378 I hwc-display: path=drm, id=0, level=1123, nits=81.604202, brightness=0.056853, DimmingOn=1, Hbm=0, LhbmOn=0, OpRate=120
12-10 21:57:23.121   584 18378 D hwc-display: [PrimaryDisplay] OperationRateManager::onBrightness:dbv=1123
12-10 21:57:23.128   973  1020 I grilcallback: HandGrip status updated successfully
12-10 21:57:23.130   584 18378 I hwc-display: path=drm, id=0, level=1122, nits=81.443123, brightness=0.056738, DimmingOn=1, Hbm=0, LhbmOn=0, OpRate=120
12-10 21:57:23.130   584 18378 D hwc-display: [PrimaryDisplay] OperationRateManager::onBrightness:dbv=1122
12-10 21:57:23.139   584 18378 I hwc-display: path=drm, id=0, level=1121, nits=81.281837, brightness=0.056623, DimmingOn=1, Hbm=0, LhbmOn=0, OpRate=120
12-10 21:57:23.139   584 18378 D hwc-display: [PrimaryDisplay] OperationRateManager::onBrightness:dbv=1121
12-10 21:57:23.156   584 18378 I hwc-display: path=drm, id=0, level=1119, nits=80.960068, brightness=0.056393, DimmingOn=1, Hbm=0, LhbmOn=0, OpRate=120
12-10 21:57:23.156   584 18378 D hwc-display: [PrimaryDisplay] OperationRateManager::onBrightness:dbv=1119
12-10 21:57:23.169  2082  2085 I deeptouch: I0000 00:00:1765421843.169849    2085 tf_lite_classifier.cc:413] Event stream classified as kNone
12-10 21:57:23.180   584 18378 I hwc-display: path=drm, id=0, level=1116, nits=80.478920, brightness=0.056049, DimmingOn=1, Hbm=0, LhbmOn=0, OpRate=120
12-10 21:57:23.180   584 18378 D hwc-display: [PrimaryDisplay] OperationRateManager::onBrightness:dbv=1116
12-10 21:57:23.189   584 18378 I hwc-display: path=drm, id=0, level=1115, nits=80.318962, brightness=0.055935, DimmingOn=1, Hbm=0, LhbmOn=0, OpRate=120
12-10 21:57:23.189   584 18378 D hwc-display: [PrimaryDisplay] OperationRateManager::onBrightness:dbv=1115
12-10 21:57:23.197   584 18378 I hwc-display: path=drm, id=0, level=1114, nits=80.159363, brightness=0.055821, DimmingOn=1, Hbm=0, LhbmOn=0, OpRate=120
12-10 21:57:23.197   584 18378 D hwc-display: [PrimaryDisplay] OperationRateManager::onBrightness:dbv=1114
12-10 21:57:23.205   584   685 I hwc-display: path=drm, id=0, level=1113, nits=79.999809, brightness=0.055707, DimmingOn=1, Hbm=0, LhbmOn=0, OpRate=120
12-10 21:57:23.205   584   685 D hwc-display: [PrimaryDisplay] OperationRateManager::onBrightness:dbv=1113
12-10 21:57:23.214   584 18378 I hwc-display: path=drm, id=0, level=1112, nits=79.840668, brightness=0.055593, DimmingOn=1, Hbm=0, LhbmOn=0, OpRate=120
12-10 21:57:23.214   584 18378 D hwc-display: [PrimaryDisplay] OperationRateManager::onBrightness:dbv=1112
12-10 21:57:23.220  1177  1177 D AOC     : A3:MSG: tmd3719_device.cc, 4540: USF: TMD3719: dbv:1113 leakage:0.312618 refresh_rate:120 status:1 op_hz:120 [0]
12-10 21:57:23.222   584 18378 I hwc-display: path=drm, id=0, level=1111, nits=79.681534, brightness=0.055479, DimmingOn=1, Hbm=0, LhbmOn=0, OpRate=120
12-10 21:57:23.222   584 18378 D hwc-display: [PrimaryDisplay] OperationRateManager::onBrightness:dbv=1111
12-10 21:57:23.230   584 18378 I hwc-display: path=drm, id=0, level=1110, nits=79.522934, brightness=0.055366, DimmingOn=1, Hbm=0, LhbmOn=0, OpRate=120
12-10 21:57:23.230   584 18378 D hwc-display: [PrimaryDisplay] OperationRateManager::onBrightness:dbv=1110
12-10 21:57:23.239   584 18378 I hwc-display: path=drm, id=0, level=1109, nits=79.363976, brightness=0.055253, DimmingOn=1, Hbm=0, LhbmOn=0, OpRate=120
12-10 21:57:23.239   584 18378 D hwc-display: [PrimaryDisplay] OperationRateManager::onBrightness:dbv=1109
12-10 21:57:23.247   584 18378 I hwc-display: path=drm, id=0, level=1108, nits=79.205460, brightness=0.055139, DimmingOn=1, Hbm=0, LhbmOn=0, OpRate=120
12-10 21:57:23.247   584 18378 D hwc-display: [PrimaryDisplay] OperationRateManager::onBrightness:dbv=1108
12-10 21:57:23.255   584 18378 I hwc-display: path=drm, id=0, level=1107, nits=79.046677, brightness=0.055026, DimmingOn=1, Hbm=0, LhbmOn=0, OpRate=120
12-10 21:57:23.256   584 18378 D hwc-display: [PrimaryDisplay] OperationRateManager::onBrightness:dbv=1107
12-10 21:57:23.264   584 18378 I hwc-display: path=drm, id=0, level=1106, nits=78.888168, brightness=0.054913, DimmingOn=1, Hbm=0, LhbmOn=0, OpRate=120
12-10 21:57:23.264   584 18378 D hwc-display: [PrimaryDisplay] OperationRateManager::onBrightness:dbv=1106
12-10 21:57:23.272   584   685 I hwc-display: path=drm, id=0, level=1105, nits=78.730110, brightness=0.054800, DimmingOn=1, Hbm=0, LhbmOn=0, OpRate=120
12-10 21:57:23.273   584   685 D hwc-display: [PrimaryDisplay] OperationRateManager::onBrightness:dbv=1105
12-10 21:57:23.282   584   685 I hwc-display: path=drm, id=0, level=1104, nits=78.572319, brightness=0.054687, DimmingOn=1, Hbm=0, LhbmOn=0, OpRate=120
12-10 21:57:23.282   584   685 D hwc-display: [PrimaryDisplay] OperationRateManager::onBrightness:dbv=1104
12-10 21:57:23.289   584   685 I hwc-display: path=drm, id=0, level=1103, nits=78.414398, brightness=0.054574, DimmingOn=1, Hbm=0, LhbmOn=0, OpRate=120
12-10 21:57:23.289   584   685 D hwc-display: [PrimaryDisplay] OperationRateManager::onBrightness:dbv=1103
12-10 21:57:23.298   584   685 I hwc-display: path=drm, id=0, level=1102, nits=78.256836, brightness=0.054462, DimmingOn=1, Hbm=0, LhbmOn=0, OpRate=120
12-10 21:57:23.298   584   685 D hwc-display: [PrimaryDisplay] OperationRateManager::onBrightness:dbv=1102
12-10 21:57:23.306   584   685 I hwc-display: path=drm, id=0, level=1101, nits=78.099266, brightness=0.054349, DimmingOn=1, Hbm=0, LhbmOn=0, OpRate=120
12-10 21:57:23.306   584   685 D hwc-display: [PrimaryDisplay] OperationRateManager::onBrightness:dbv=1101
12-10 21:57:23.314   584   685 I hwc-display: path=drm, id=0, level=1100, nits=77.941940, brightness=0.054237, DimmingOn=1, Hbm=0, LhbmOn=0, OpRate=120
12-10 21:57:23.314   584   685 D hwc-display: [PrimaryDisplay] OperationRateManager::onBrightness:dbv=1100
12-10 21:57:23.323   584 18378 I hwc-display: path=drm, id=0, level=1099, nits=77.784737, brightness=0.054125, DimmingOn=1, Hbm=0, LhbmOn=0, OpRate=120
12-10 21:57:23.323   584 18378 D hwc-display: [PrimaryDisplay] OperationRateManager::onBrightness:dbv=1099
12-10 21:57:23.330   584   685 I hwc-display: path=drm, id=0, level=1098, nits=77.627052, brightness=0.054012, DimmingOn=1, Hbm=0, LhbmOn=0, OpRate=120
12-10 21:57:23.330   584   685 D hwc-display: [PrimaryDisplay] OperationRateManager::onBrightness:dbv=1098
12-10 21:57:23.339   584   685 I hwc-display: path=drm, id=0, level=1097, nits=77.470177, brightness=0.053900, DimmingOn=1, Hbm=0, LhbmOn=0, OpRate=120
12-10 21:57:23.339   584   685 D hwc-display: [PrimaryDisplay] OperationRateManager::onBrightness:dbv=1097
12-10 21:57:23.348   584   685 I hwc-display: path=drm, id=0, level=1096, nits=77.313408, brightness=0.053788, DimmingOn=1, Hbm=0, LhbmOn=0, OpRate=120
12-10 21:57:23.348   584   685 D hwc-display: [PrimaryDisplay] OperationRateManager::onBrightness:dbv=1096
12-10 21:57:23.356  2082  2085 I deeptouch: I0000 00:00:1765421843.356653    2085 tf_lite_classifier.cc:413] Event stream classified as kNone
12-10 21:57:23.364   584   685 I hwc-display: path=drm, id=0, level=1095, nits=76.999710, brightness=0.053564, DimmingOn=1, Hbm=0, LhbmOn=0, OpRate=120
12-10 21:57:23.364   584   685 D hwc-display: [PrimaryDisplay] OperationRateManager::onBrightness:dbv=1095
12-10 21:57:23.373   584   685 I hwc-display: path=drm, id=0, level=1094, nits=76.843277, brightness=0.053452, DimmingOn=1, Hbm=0, LhbmOn=0, OpRate=120
12-10 21:57:23.373   584   685 D hwc-display: [PrimaryDisplay] OperationRateManager::onBrightness:dbv=1094
12-10 21:57:23.381   584 18378 I hwc-display: path=drm, id=0, level=1093, nits=76.687111, brightness=0.053341, DimmingOn=1, Hbm=0, LhbmOn=0, OpRate=120
12-10 21:57:23.381   584 18378 D hwc-display: [PrimaryDisplay] OperationRateManager::onBrightness:dbv=1093
12-10 21:57:23.389   584   685 I hwc-display: path=drm, id=0, level=1092, nits=76.531075, brightness=0.053229, DimmingOn=1, Hbm=0, LhbmOn=0, OpRate=120
12-10 21:57:23.389   584   685 D hwc-display: [PrimaryDisplay] OperationRateManager::onBrightness:dbv=1092
12-10 21:57:23.398   584   685 I hwc-display: path=drm, id=0, level=1091, nits=76.375130, brightness=0.053118, DimmingOn=1, Hbm=0, LhbmOn=0, OpRate=120
12-10 21:57:23.398   584   685 D hwc-display: [PrimaryDisplay] OperationRateManager::onBrightness:dbv=1091
12-10 21:57:23.406   584   685 I hwc-display: path=drm, id=0, level=1090, nits=76.219429, brightness=0.053007, DimmingOn=1, Hbm=0, LhbmOn=0, OpRate=120
12-10 21:57:23.406   584   685 D hwc-display: [PrimaryDisplay] OperationRateManager::onBrightness:dbv=1090
12-10 21:57:23.414   584   685 I hwc-display: path=drm, id=0, level=1089, nits=76.063950, brightness=0.052895, DimmingOn=1, Hbm=0, LhbmOn=0, OpRate=120
12-10 21:57:23.414   584   685 D hwc-display: [PrimaryDisplay] OperationRateManager::onBrightness:dbv=1089
12-10 21:57:23.423   584   685 I hwc-display: path=drm, id=0, level=1088, nits=75.908493, brightness=0.052784, DimmingOn=1, Hbm=0, LhbmOn=0, OpRate=120
12-10 21:57:23.423   584   685 D hwc-display: [PrimaryDisplay] OperationRateManager::onBrightness:dbv=1088
12-10 21:57:23.432   584   685 I hwc-display: path=drm, id=0, level=1087, nits=75.753288, brightness=0.052674, DimmingOn=1, Hbm=0, LhbmOn=0, OpRate=120
12-10 21:57:23.432   584   685 D hwc-display: [PrimaryDisplay] OperationRateManager::onBrightness:dbv=1087
12-10 21:57:23.440   584 18378 I hwc-display: path=drm, id=0, level=1086, nits=75.598305, brightness=0.052563, DimmingOn=1, Hbm=0, LhbmOn=0, OpRate=120
12-10 21:57:23.440   584 18378 D hwc-display: [PrimaryDisplay] OperationRateManager::onBrightness:dbv=1086
12-10 21:57:23.449   584   685 I hwc-display: path=drm, id=0, level=1085, nits=75.443520, brightness=0.052452, DimmingOn=1, Hbm=0, LhbmOn=0, OpRate=120
12-10 21:57:23.449   584   685 D hwc-display: [PrimaryDisplay] OperationRateManager::onBrightness:dbv=1085
12-10 21:57:23.457   584   685 I hwc-display: path=drm, id=0, level=1084, nits=75.288521, brightness=0.052342, DimmingOn=1, Hbm=0, LhbmOn=0, OpRate=120
12-10 21:57:23.457   584   685 D hwc-display: [PrimaryDisplay] OperationRateManager::onBrightness:dbv=1084
12-10 21:57:23.465   584   685 I hwc-display: path=drm, id=0, level=1083, nits=75.133842, brightness=0.052231, DimmingOn=1, Hbm=0, LhbmOn=0, OpRate=120
12-10 21:57:23.465   584   685 D hwc-display: [PrimaryDisplay] OperationRateManager::onBrightness:dbv=1083
12-10 21:57:23.473   584   685 I hwc-display: path=drm, id=0, level=1082, nits=74.979294, brightness=0.052121, DimmingOn=1, Hbm=0, LhbmOn=0, OpRate=120
12-10 21:57:23.473   584   685 D hwc-display: [PrimaryDisplay] OperationRateManager::onBrightness:dbv=1082
12-10 21:57:23.481   584   685 I hwc-display: path=drm, id=0, level=1081, nits=74.825043, brightness=0.052011, DimmingOn=1, Hbm=0, LhbmOn=0, OpRate=120
12-10 21:57:23.481   584   685 D hwc-display: [PrimaryDisplay] OperationRateManager::onBrightness:dbv=1081
12-10 21:57:23.490   584   685 I hwc-display: path=drm, id=0, level=1080, nits=74.671188, brightness=0.051901, DimmingOn=1, Hbm=0, LhbmOn=0, OpRate=120
12-10 21:57:23.490   584   685 D hwc-display: [PrimaryDisplay] OperationRateManager::onBrightness:dbv=1080
12-10 21:57:23.498   584 18378 I hwc-display: path=drm, id=0, level=1079, nits=74.517273, brightness=0.051791, DimmingOn=1, Hbm=0, LhbmOn=0, OpRate=120
12-10 21:57:23.498   584 18378 D hwc-display: [PrimaryDisplay] OperationRateManager::onBrightness:dbv=1079
12-10 21:57:23.507   584   685 I hwc-display: path=drm, id=0, level=1078, nits=74.363541, brightness=0.051681, DimmingOn=1, Hbm=0, LhbmOn=0, OpRate=120
12-10 21:57:23.507   584   685 D hwc-display: [PrimaryDisplay] OperationRateManager::onBrightness:dbv=1078
12-10 21:57:23.515   584   685 I hwc-display: path=drm, id=0, level=1077, nits=74.210037, brightness=0.051571, DimmingOn=1, Hbm=0, LhbmOn=0, OpRate=120
12-10 21:57:23.515   584   685 D hwc-display: [PrimaryDisplay] OperationRateManager::onBrightness:dbv=1077
12-10 21:57:23.523   584   685 I hwc-display: path=drm, id=0, level=1076, nits=74.056717, brightness=0.051462, DimmingOn=1, Hbm=0, LhbmOn=0, OpRate=120
12-10 21:57:23.523   584   685 D hwc-display: [PrimaryDisplay] OperationRateManager::onBrightness:dbv=1076
12-10 21:57:23.532   584   685 I hwc-display: path=drm, id=0, level=1075, nits=73.903450, brightness=0.051352, DimmingOn=1, Hbm=0, LhbmOn=0, OpRate=120
12-10 21:57:23.532   584   685 D hwc-display: [PrimaryDisplay] OperationRateManager::onBrightness:dbv=1075
12-10 21:57:23.540   584   685 I hwc-display: path=drm, id=0, level=1074, nits=73.750496, brightness=0.051243, DimmingOn=1, Hbm=0, LhbmOn=0, OpRate=120
12-10 21:57:23.540   584   685 D hwc-display: [PrimaryDisplay] OperationRateManager::onBrightness:dbv=1074
12-10 21:57:23.541  2082  2085 I deeptouch: I0000 00:00:1765421843.540967    2085 tf_lite_classifier.cc:413] Event stream classified as kNone
12-10 21:57:23.548   584   685 I hwc-display: path=drm, id=0, level=1073, nits=73.597557, brightness=0.051134, DimmingOn=1, Hbm=0, LhbmOn=0, OpRate=120
12-10 21:57:23.548   584   685 D hwc-display: [PrimaryDisplay] OperationRateManager::onBrightness:dbv=1073
12-10 21:57:23.556   584 18378 I hwc-display: path=drm, id=0, level=1072, nits=73.444771, brightness=0.051025, DimmingOn=1, Hbm=0, LhbmOn=0, OpRate=120
12-10 21:57:23.556   584 18378 D hwc-display: [PrimaryDisplay] OperationRateManager::onBrightness:dbv=1072
12-10 21:57:23.565   584   685 I hwc-display: path=drm, id=0, level=1071, nits=73.292168, brightness=0.050916, DimmingOn=1, Hbm=0, LhbmOn=0, OpRate=120
12-10 21:57:23.565   584   685 D hwc-display: [PrimaryDisplay] OperationRateManager::onBrightness:dbv=1071
12-10 21:57:23.573   584   685 I hwc-display: path=drm, id=0, level=1070, nits=73.139923, brightness=0.050807, DimmingOn=1, Hbm=0, LhbmOn=0, OpRate=120
12-10 21:57:23.573   584   685 D hwc-display: [PrimaryDisplay] OperationRateManager::onBrightness:dbv=1070
12-10 21:57:23.581   584   685 I hwc-display: path=drm, id=0, level=1069, nits=72.987854, brightness=0.050698, DimmingOn=1, Hbm=0, LhbmOn=0, OpRate=120
12-10 21:57:23.582   584   685 D hwc-display: [PrimaryDisplay] OperationRateManager::onBrightness:dbv=1069
12-10 21:57:23.590   584   685 I hwc-display: path=drm, id=0, level=1068, nits=72.835793, brightness=0.050590, DimmingOn=1, Hbm=0, LhbmOn=0, OpRate=120
12-10 21:57:23.590   584   685 D hwc-display: [PrimaryDisplay] OperationRateManager::onBrightness:dbv=1068
12-10 21:57:23.598   584   685 I hwc-display: path=drm, id=0, level=1067, nits=72.684059, brightness=0.050481, DimmingOn=1, Hbm=0, LhbmOn=0, OpRate=120
12-10 21:57:23.598   584   685 D hwc-display: [PrimaryDisplay] OperationRateManager::onBrightness:dbv=1067
12-10 21:57:23.606   584   685 I hwc-display: path=drm, id=0, level=1066, nits=72.532524, brightness=0.050373, DimmingOn=1, Hbm=0, LhbmOn=0, OpRate=120
12-10 21:57:23.606   584   685 D hwc-display: [PrimaryDisplay] OperationRateManager::onBrightness:dbv=1066
12-10 21:57:23.615   584 18378 I hwc-display: path=drm, id=0, level=1065, nits=72.380959, brightness=0.050265, DimmingOn=1, Hbm=0, LhbmOn=0, OpRate=120
12-10 21:57:23.616   584 18378 D hwc-display: [PrimaryDisplay] OperationRateManager::onBrightness:dbv=1065
12-10 21:57:23.623   584   685 I hwc-display: path=drm, id=0, level=1064, nits=72.229378, brightness=0.050156, DimmingOn=1, Hbm=0, LhbmOn=0, OpRate=120
12-10 21:57:23.624   584   685 D hwc-display: [PrimaryDisplay] OperationRateManager::onBrightness:dbv=1064
12-10 21:57:23.632   584   685 I hwc-display: path=drm, id=0, level=1063, nits=72.078140, brightness=0.050048, DimmingOn=1, Hbm=0, LhbmOn=0, OpRate=120
12-10 21:57:23.632   584   685 D hwc-display: [PrimaryDisplay] OperationRateManager::onBrightness:dbv=1063
12-10 21:57:23.641   584   685 I hwc-display: path=drm, id=0, level=1062, nits=71.925926, brightness=0.049940, DimmingOn=1, Hbm=0, LhbmOn=0, OpRate=120
12-10 21:57:23.641   584   685 D hwc-display: [PrimaryDisplay] OperationRateManager::onBrightness:dbv=1062
12-10 21:57:23.649   584   685 I hwc-display: path=drm, id=0, level=1061, nits=71.773888, brightness=0.049831, DimmingOn=1, Hbm=0, LhbmOn=0, OpRate=120
12-10 21:57:23.649   584   685 D hwc-display: [PrimaryDisplay] OperationRateManager::onBrightness:dbv=1061
12-10 21:57:23.658   584   685 I hwc-display: path=drm, id=0, level=1060, nits=71.623169, brightness=0.049723, DimmingOn=1, Hbm=0, LhbmOn=0, OpRate=120
12-10 21:57:23.658   584   685 D hwc-display: [PrimaryDisplay] OperationRateManager::onBrightness:dbv=1060
12-10 21:57:23.666   584   685 I hwc-display: path=drm, id=0, level=1059, nits=71.472458, brightness=0.049616, DimmingOn=1, Hbm=0, LhbmOn=0, OpRate=120
12-10 21:57:23.666   584   685 D hwc-display: [PrimaryDisplay] OperationRateManager::onBrightness:dbv=1059
12-10 21:57:23.674   584 18378 I hwc-display: path=drm, id=0, level=1058, nits=71.321960, brightness=0.049508, DimmingOn=1, Hbm=0, LhbmOn=0, OpRate=120
12-10 21:57:23.675   584 18378 D hwc-display: [PrimaryDisplay] OperationRateManager::onBrightness:dbv=1058
12-10 21:57:23.682   584   685 I hwc-display: path=drm, id=0, level=1057, nits=71.171745, brightness=0.049401, DimmingOn=1, Hbm=0, LhbmOn=0, OpRate=120
12-10 21:57:23.682   584   685 D hwc-display: [PrimaryDisplay] OperationRateManager::onBrightness:dbv=1057
12-10 21:57:23.691   584   685 I hwc-display: path=drm, id=0, level=1056, nits=71.020920, brightness=0.049293, DimmingOn=1, Hbm=0, LhbmOn=0, OpRate=120
12-10 21:57:23.691   584   685 D hwc-display: [PrimaryDisplay] OperationRateManager::onBrightness:dbv=1056
12-10 21:57:23.699   584   685 I hwc-display: path=drm, id=0, level=1055, nits=70.871162, brightness=0.049186, DimmingOn=1, Hbm=0, LhbmOn=0, OpRate=120
12-10 21:57:23.699   584   685 D hwc-display: [PrimaryDisplay] OperationRateManager::onBrightness:dbv=1055
12-10 21:57:23.708   584   685 I hwc-display: path=drm, id=0, level=1054, nits=70.721474, brightness=0.049079, DimmingOn=1, Hbm=0, LhbmOn=0, OpRate=120
12-10 21:57:23.708   584   685 D hwc-display: [PrimaryDisplay] OperationRateManager::onBrightness:dbv=1054
12-10 21:57:23.716   584   685 I hwc-display: path=drm, id=0, level=1052, nits=70.571938, brightness=0.048973, DimmingOn=1, Hbm=0, LhbmOn=0, OpRate=120
12-10 21:57:23.716   584   685 D hwc-display: [PrimaryDisplay] OperationRateManager::onBrightness:dbv=1052
12-10 21:57:23.724   584   685 I hwc-display: path=drm, id=0, level=1051, nits=70.422577, brightness=0.048866, DimmingOn=1, Hbm=0, LhbmOn=0, OpRate=120
12-10 21:57:23.725   584   685 D hwc-display: [PrimaryDisplay] OperationRateManager::onBrightness:dbv=1051
12-10 21:57:23.733   584 18378 I hwc-display: path=drm, id=0, level=1050, nits=70.273132, brightness=0.048759, DimmingOn=1, Hbm=0, LhbmOn=0, OpRate=120
12-10 21:57:23.733   584 18378 D hwc-display: [PrimaryDisplay] OperationRateManager::onBrightness:dbv=1050
12-10 21:57:23.741   584   685 I hwc-display: path=drm, id=0, level=1049, nits=70.124382, brightness=0.048653, DimmingOn=1, Hbm=0, LhbmOn=0, OpRate=120
12-10 21:57:23.742   584   685 D hwc-display: [PrimaryDisplay] OperationRateManager::onBrightness:dbv=1049
12-10 21:57:23.749   584   685 I hwc-display: path=drm, id=0, level=1048, nits=69.975639, brightness=0.048547, DimmingOn=1, Hbm=0, LhbmOn=0, OpRate=120
12-10 21:57:23.749   584   685 D hwc-display: [PrimaryDisplay] OperationRateManager::onBrightness:dbv=1048
12-10 21:57:23.766   584   685 I hwc-display: path=drm, id=0, level=1046, nits=69.678734, brightness=0.048335, DimmingOn=1, Hbm=0, LhbmOn=0, OpRate=120
12-10 21:57:23.766   584   685 D hwc-display: [PrimaryDisplay] OperationRateManager::onBrightness:dbv=1046
12-10 21:57:23.783   584   685 I hwc-display: path=drm, id=0, level=1044, nits=69.382195, brightness=0.048123, DimmingOn=1, Hbm=0, LhbmOn=0, OpRate=120
12-10 21:57:23.783   584   685 D hwc-display: [PrimaryDisplay] OperationRateManager::onBrightness:dbv=1044
12-10 21:57:23.790   584 18378 I hwc-display: path=drm, id=0, level=1043, nits=69.234543, brightness=0.048017, DimmingOn=1, Hbm=0, LhbmOn=0, OpRate=120
12-10 21:57:23.790   584 18378 D hwc-display: [PrimaryDisplay] OperationRateManager::onBrightness:dbv=1043
12-10 21:57:23.799   584   685 I hwc-display: path=drm, id=0, level=1042, nits=69.086586, brightness=0.047912, DimmingOn=1, Hbm=0, LhbmOn=0, OpRate=120
12-10 21:57:23.799   584   685 D hwc-display: [PrimaryDisplay] OperationRateManager::onBrightness:dbv=1042
12-10 21:57:23.802  1177  1177 D AOC     : A3:MSG: tmd3719_device.cc, 4540: USF: TMD3719: dbv:1043 leakage:0.301566 refresh_rate:120 status:1 op_hz:120 [0]
12-10 21:57:23.807   584   685 I hwc-display: path=drm, id=0, level=1041, nits=68.939087, brightness=0.047806, DimmingOn=1, Hbm=0, LhbmOn=0, OpRate=120
12-10 21:57:23.807   584   685 D hwc-display: [PrimaryDisplay] OperationRateManager::onBrightness:dbv=1041
12-10 21:57:23.815   584   685 I hwc-display: path=drm, id=0, level=1040, nits=68.791756, brightness=0.047701, DimmingOn=1, Hbm=0, LhbmOn=0, OpRate=120
12-10 21:57:23.816   584   685 D hwc-display: [PrimaryDisplay] OperationRateManager::onBrightness:dbv=1040
12-10 21:57:23.821  2082  2085 I deeptouch: I0000 00:00:1765421843.821411    2085 tf_lite_classifier.cc:413] Event stream classified as kNone
12-10 21:57:23.824   584   685 I hwc-display: path=drm, id=0, level=1039, nits=68.643898, brightness=0.047595, DimmingOn=1, Hbm=0, LhbmOn=0, OpRate=120
12-10 21:57:23.824   584   685 D hwc-display: [PrimaryDisplay] OperationRateManager::onBrightness:dbv=1039
12-10 21:57:23.833   584   685 I hwc-display: path=drm, id=0, level=1038, nits=68.496223, brightness=0.047490, DimmingOn=1, Hbm=0, LhbmOn=0, OpRate=120
12-10 21:57:23.833   584   685 D hwc-display: [PrimaryDisplay] OperationRateManager::onBrightness:dbv=1038
12-10 21:57:23.842   584   685 I hwc-display: path=drm, id=0, level=1037, nits=68.348633, brightness=0.047384, DimmingOn=1, Hbm=0, LhbmOn=0, OpRate=120
12-10 21:57:23.842   584   685 D hwc-display: [PrimaryDisplay] OperationRateManager::onBrightness:dbv=1037
12-10 21:57:23.849   584   685 I hwc-display: path=drm, id=0, level=1036, nits=68.201218, brightness=0.047279, DimmingOn=1, Hbm=0, LhbmOn=0, OpRate=120
12-10 21:57:23.849   584   685 D hwc-display: [PrimaryDisplay] OperationRateManager::onBrightness:dbv=1036
12-10 21:57:23.857   584 18378 I hwc-display: path=drm, id=0, level=1035, nits=68.054527, brightness=0.047174, DimmingOn=1, Hbm=0, LhbmOn=0, OpRate=120
12-10 21:57:23.857   584 18378 D hwc-display: [PrimaryDisplay] OperationRateManager::onBrightness:dbv=1035
12-10 21:57:23.866   584 18378 I hwc-display: path=drm, id=0, level=1034, nits=67.907318, brightness=0.047069, DimmingOn=1, Hbm=0, LhbmOn=0, OpRate=120
12-10 21:57:23.866   584 18378 D hwc-display: [PrimaryDisplay] OperationRateManager::onBrightness:dbv=1034
12-10 21:57:23.874   584 18378 I hwc-display: path=drm, id=0, level=1033, nits=67.760033, brightness=0.046964, DimmingOn=1, Hbm=0, LhbmOn=0, OpRate=120
12-10 21:57:23.875   584 18378 D hwc-display: [PrimaryDisplay] OperationRateManager::onBrightness:dbv=1033
12-10 21:57:23.883   584 18378 I hwc-display: path=drm, id=0, level=1032, nits=67.613045, brightness=0.046859, DimmingOn=1, Hbm=0, LhbmOn=0, OpRate=120
12-10 21:57:23.883   584 18378 D hwc-display: [PrimaryDisplay] OperationRateManager::onBrightness:dbv=1032
12-10 21:57:23.891   584 18378 I hwc-display: path=drm, id=0, level=1031, nits=67.466904, brightness=0.046755, DimmingOn=1, Hbm=0, LhbmOn=0, OpRate=120
12-10 21:57:23.892   584 18378 D hwc-display: [PrimaryDisplay] OperationRateManager::onBrightness:dbv=1031
12-10 21:57:23.899   584 18378 I hwc-display: path=drm, id=0, level=1030, nits=67.320930, brightness=0.046650, DimmingOn=1, Hbm=0, LhbmOn=0, OpRate=120
12-10 21:57:23.899   584 18378 D hwc-display: [PrimaryDisplay] OperationRateManager::onBrightness:dbv=1030
12-10 21:57:23.908   584   685 I hwc-display: path=drm, id=0, level=1029, nits=67.175201, brightness=0.046546, DimmingOn=1, Hbm=0, LhbmOn=0, OpRate=120
12-10 21:57:23.908   584   685 D hwc-display: [PrimaryDisplay] OperationRateManager::onBrightness:dbv=1029
12-10 21:57:23.917   584 18378 I hwc-display: path=drm, id=0, level=1028, nits=67.029488, brightness=0.046442, DimmingOn=1, Hbm=0, LhbmOn=0, OpRate=120
12-10 21:57:23.917   584 18378 D hwc-display: [PrimaryDisplay] OperationRateManager::onBrightness:dbv=1028
12-10 21:57:23.925   584 18378 I hwc-display: path=drm, id=0, level=1027, nits=66.884216, brightness=0.046338, DimmingOn=1, Hbm=0, LhbmOn=0, OpRate=120
12-10 21:57:23.925   584 18378 D hwc-display: [PrimaryDisplay] OperationRateManager::onBrightness:dbv=1027
12-10 21:57:23.933   584 18378 I hwc-display: path=drm, id=0, level=1026, nits=66.739014, brightness=0.046235, DimmingOn=1, Hbm=0, LhbmOn=0, OpRate=120
12-10 21:57:23.933   584 18378 D hwc-display: [PrimaryDisplay] OperationRateManager::onBrightness:dbv=1026
12-10 21:57:23.941   584 18378 I hwc-display: path=drm, id=0, level=1025, nits=66.593742, brightness=0.046131, DimmingOn=1, Hbm=0, LhbmOn=0, OpRate=120
12-10 21:57:23.941   584 18378 D hwc-display: [PrimaryDisplay] OperationRateManager::onBrightness:dbv=1025
12-10 21:57:23.950   584 18378 I hwc-display: path=drm, id=0, level=1024, nits=66.448921, brightness=0.046027, DimmingOn=1, Hbm=0, LhbmOn=0, OpRate=120
12-10 21:57:23.950   584 18378 D hwc-display: [PrimaryDisplay] OperationRateManager::onBrightness:dbv=1024
12-10 21:57:23.959   584 18378 I hwc-display: path=drm, id=0, level=1023, nits=66.304283, brightness=0.045924, DimmingOn=1, Hbm=0, LhbmOn=0, OpRate=120
12-10 21:57:23.959   584 18378 D hwc-display: [PrimaryDisplay] OperationRateManager::onBrightness:dbv=1023
12-10 21:57:23.966   584   685 I hwc-display: path=drm, id=0, level=1022, nits=66.160011, brightness=0.045821, DimmingOn=1, Hbm=0, LhbmOn=0, OpRate=120
12-10 21:57:23.966   584   685 D hwc-display: [PrimaryDisplay] OperationRateManager::onBrightness:dbv=1022
12-10 21:57:23.975   584 18378 I hwc-display: path=drm, id=0, level=1021, nits=66.015709, brightness=0.045718, DimmingOn=1, Hbm=0, LhbmOn=0, OpRate=120
12-10 21:57:23.975   584 18378 D hwc-display: [PrimaryDisplay] OperationRateManager::onBrightness:dbv=1021
12-10 21:57:23.983   584 18378 I hwc-display: path=drm, id=0, level=1020, nits=65.871346, brightness=0.045615, DimmingOn=1, Hbm=0, LhbmOn=0, OpRate=120
12-10 21:57:23.983   584 18378 D hwc-display: [PrimaryDisplay] OperationRateManager::onBrightness:dbv=1020
12-10 21:57:23.991   584 18378 I hwc-display: path=drm, id=0, level=1019, nits=65.727280, brightness=0.045512, DimmingOn=1, Hbm=0, LhbmOn=0, OpRate=120
12-10 21:57:23.992   584 18378 D hwc-display: [PrimaryDisplay] OperationRateManager::onBrightness:dbv=1019
12-10 21:57:24.000   584 18378 I hwc-display: path=drm, id=0, level=1018, nits=65.583656, brightness=0.045409, DimmingOn=1, Hbm=0, LhbmOn=0, OpRate=120
12-10 21:57:24.000   584 18378 D hwc-display: [PrimaryDisplay] OperationRateManager::onBrightness:dbv=1018
12-10 21:57:24.008   584 18378 I hwc-display: path=drm, id=0, level=1017, nits=65.439629, brightness=0.045307, DimmingOn=1, Hbm=0, LhbmOn=0, OpRate=120
12-10 21:57:24.008   584 18378 D hwc-display: [PrimaryDisplay] OperationRateManager::onBrightness:dbv=1017
12-10 21:57:24.016   584 18378 I hwc-display: path=drm, id=0, level=1016, nits=65.295776, brightness=0.045204, DimmingOn=1, Hbm=0, LhbmOn=0, OpRate=120
12-10 21:57:24.016   584 18378 D hwc-display: [PrimaryDisplay] OperationRateManager::onBrightness:dbv=1016
12-10 21:57:24.316   973  1020 I grilcallback: Updating HandGrip status
12-10 21:57:24.339  1153 18579 D AidlBufferPool: bufferpool2 0x100c55b3d414de8 : 4(368640 size) total buffers - 1(92160 size) used buffers - 2985/2989 (recycle/alloc) - 9/2988 (fetch/transfer)
12-10 21:57:24.378   973  1020 I grilcallback: HandGrip status updated successfully
12-10 21:57:24.382  2082  2085 I deeptouch: I0000 00:00:1765421844.382157    2085 tf_lite_classifier.cc:413] Event stream classified as kNone
12-10 21:57:24.824  3282 18551 W AOSP-MdnsDiscoveryManag: Error while decoding multicast packet (4166): 1 [CONTEXT service_id=168 ]
12-10 21:57:24.825  3282 18551 W AOSP-MdnsDiscoveryManag: Error while decoding multicast packet (4167): 1 [CONTEXT service_id=168 ]
12-10 21:57:24.921  1351  1520 D ActivityManager: sync unfroze 14680 com.android.DeviceAsWebcam for 10
12-10 21:57:24.931  1351  1520 D ActivityManager: sync unfroze 14906 com.android.keychain for 10
12-10 21:57:24.943  1119 18578 D AidlBufferPool: bufferpool2 0x100d22bce390c68 : 8(46080 size) total buffers - 5(28800 size) used buffers - 3015/3023 (recycle/alloc) - 8/6042 (fetch/transfer)
12-10 21:57:25.154  1351  1963 I ImeTracker: com.x8bit.bitwarden.dev:4027b237: setFinished at PHASE_CLIENT_ANIMATION_CANCEL with STATUS_TIMEOUT
12-10 21:57:25.265  2082  2085 I deeptouch: I0000 00:00:1765421845.264980    2085 tf_lite_classifier.cc:413] Event stream classified as kNone
12-10 21:57:25.382  1000  1024 I WifiHAL : Creating message to get link statistics; iface = 47
12-10 21:57:25.430  1000  1024 I WifiHAL : index: 0 per_rate_size 32, data_rem_len 1152
12-10 21:57:25.431  1000  1024 I WifiHAL : index: 1 per_rate_size 32, data_rem_len 1120
12-10 21:57:25.431  1000  1024 I WifiHAL : index: 2 per_rate_size 32, data_rem_len 1088
12-10 21:57:25.431  1000  1024 I WifiHAL : index: 3 per_rate_size 32, data_rem_len 1056
12-10 21:57:25.431  1000  1024 I WifiHAL : index: 4 per_rate_size 32, data_rem_len 1024
12-10 21:57:25.431  1000  1024 I WifiHAL : index: 5 per_rate_size 32, data_rem_len 992
12-10 21:57:25.431  1000  1024 I WifiHAL : index: 6 per_rate_size 32, data_rem_len 960
12-10 21:57:25.431  1000  1024 I WifiHAL : index: 7 per_rate_size 32, data_rem_len 928
12-10 21:57:25.431  1000  1024 I WifiHAL : index: 8 per_rate_size 32, data_rem_len 896
12-10 21:57:25.431  1000  1024 I WifiHAL : index: 9 per_rate_size 32, data_rem_len 864
12-10 21:57:25.431  1000  1024 I WifiHAL : index: 10 per_rate_size 32, data_rem_len 832
12-10 21:57:25.431  1000  1024 I WifiHAL : index: 11 per_rate_size 32, data_rem_len 800
12-10 21:57:25.431  1000  1024 I WifiHAL : index: 12 per_rate_size 32, data_rem_len 768
12-10 21:57:25.431  1000  1024 I WifiHAL : index: 13 per_rate_size 32, data_rem_len 736
12-10 21:57:25.431  1000  1024 I WifiHAL : index: 14 per_rate_size 32, data_rem_len 704
12-10 21:57:25.431  1000  1024 I WifiHAL : index: 15 per_rate_size 32, data_rem_len 672
12-10 21:57:25.431  1000  1024 I WifiHAL : index: 16 per_rate_size 32, data_rem_len 640
12-10 21:57:25.431  1000  1024 I WifiHAL : index: 17 per_rate_size 32, data_rem_len 608
12-10 21:57:25.431  1000  1024 I WifiHAL : index: 18 per_rate_size 32, data_rem_len 576
12-10 21:57:25.431  1000  1024 I WifiHAL : index: 19 per_rate_size 32, data_rem_len 544
12-10 21:57:25.431  1000  1024 I WifiHAL : index: 20 per_rate_size 32, data_rem_len 512
12-10 21:57:25.431  1000  1024 I WifiHAL : index: 21 per_rate_size 32, data_rem_len 480
12-10 21:57:25.431  1000  1024 I WifiHAL : index: 22 per_rate_size 32, data_rem_len 448
12-10 21:57:25.431  1000  1024 I WifiHAL : index: 23 per_rate_size 32, data_rem_len 416
12-10 21:57:25.431  1000  1024 I WifiHAL : index: 24 per_rate_size 32, data_rem_len 384
12-10 21:57:25.431  1000  1024 I WifiHAL : index: 25 per_rate_size 32, data_rem_len 352
12-10 21:57:25.431  1000  1024 I WifiHAL : index: 26 per_rate_size 32, data_rem_len 320
12-10 21:57:25.431  1000  1024 I WifiHAL : index: 27 per_rate_size 32, data_rem_len 288
12-10 21:57:25.431  1000  1024 I WifiHAL : index: 28 per_rate_size 32, data_rem_len 256
12-10 21:57:25.431  1000  1024 I WifiHAL : index: 29 per_rate_size 32, data_rem_len 224
12-10 21:57:25.431  1000  1024 I WifiHAL : index: 30 per_rate_size 32, data_rem_len 192
12-10 21:57:25.431  1000  1024 I WifiHAL : index: 31 per_rate_size 32, data_rem_len 160
12-10 21:57:25.431  1000  1024 I WifiHAL : index: 32 per_rate_size 32, data_rem_len 128
12-10 21:57:25.431  1000  1024 I WifiHAL : index: 33 per_rate_size 32, data_rem_len 96
12-10 21:57:25.431  1000  1024 I WifiHAL : index: 34 per_rate_size 32, data_rem_len 64
12-10 21:57:25.431  1000  1024 I WifiHAL : index: 35 per_rate_size 32, data_rem_len 32
12-10 21:57:25.436  1000  2108 I WifiHAL : Getting cached scan results, iface handle = 0xf00dc2613863390
12-10 21:57:25.436  1000  2108 E WifiHAL : Creating message to get cached scan results
12-10 21:57:25.445  1000  2108 I WifiHAL : In GetCachedScanResultsCommand::handleResponse
12-10 21:57:25.459   973  1020 I grilcallback: Updating HandGrip status
12-10 21:57:25.504   973  1020 I grilcallback: HandGrip status updated successfully
12-10 21:57:25.572  2082  2085 I deeptouch: I0000 00:00:1765421845.572797    2085 tf_lite_classifier.cc:413] Event stream classified as kNone
12-10 21:57:25.710  2082  2085 I deeptouch: I0000 00:00:1765421845.710259    2085 tf_lite_classifier.cc:413] Event stream classified as kNone
12-10 21:57:26.086  2082  2085 I deeptouch: I0000 00:00:1765421846.085913    2085 tf_lite_classifier.cc:413] Event stream classified as kNone
12-10 21:57:26.262  2082  2085 I deeptouch: I0000 00:00:1765421846.262629    2085 tf_lite_classifier.cc:413] Event stream classified as kNone
12-10 21:57:26.454   973  1020 I grilcallback: Updating HandGrip status
12-10 21:57:26.498   973  1020 I grilcallback: HandGrip status updated successfully
12-10 21:57:26.528  2082  2085 I deeptouch: I0000 00:00:1765421846.528475    2085 tf_lite_classifier.cc:413] Event stream classified as kNone
12-10 21:57:27.184  1802  1812 I pixel-thermal: charger_therm:35.779 raw data: charger_therm:35779 
12-10 21:57:27.392  2082  2085 I deeptouch: I0000 00:00:1765421847.392632    2085 tf_lite_classifier.cc:413] Event stream classified as kNone
12-10 21:57:27.454  1176  1176 W TracingMuxer: type=1400 audit(0.0:20331): avc:  denied  { write } for  name="traced_producer" dev="tmpfs" ino=1709 scontext=u:r:gxp_logging:s0 tcontext=u:object_r:traced_producer_socket:s0 tclass=sock_file permissive=0
12-10 21:57:27.603   973  1020 I grilcallback: Updating HandGrip status
12-10 21:57:27.658   973  1020 I grilcallback: HandGrip status updated successfully
12-10 21:57:27.686  2082  2085 I deeptouch: I0000 00:00:1765421847.686446    2085 tf_lite_classifier.cc:413] Event stream classified as kNone
12-10 21:57:28.054  3282 18551 W AOSP-MdnsDiscoveryManag: Error while decoding multicast packet (4170): 1 [CONTEXT service_id=168 ]
12-10 21:57:28.055  3282 18551 W AOSP-MdnsDiscoveryManag: Error while decoding multicast packet (4171): 1 [CONTEXT service_id=168 ]
12-10 21:57:28.277  2082  2085 I deeptouch: I0000 00:00:1765421848.276026    2085 tf_lite_classifier.cc:413] Event stream classified as kNone
12-10 21:57:28.473  1000  2108 I WifiHAL : Creating message to get link statistics; iface = 47
12-10 21:57:28.515  1000  2108 I WifiHAL : index: 0 per_rate_size 32, data_rem_len 1152
12-10 21:57:28.515  1000  2108 I WifiHAL : index: 1 per_rate_size 32, data_rem_len 1120
12-10 21:57:28.515  1000  2108 I WifiHAL : index: 2 per_rate_size 32, data_rem_len 1088
12-10 21:57:28.515  1000  2108 I WifiHAL : index: 3 per_rate_size 32, data_rem_len 1056
12-10 21:57:28.515  1000  2108 I WifiHAL : index: 4 per_rate_size 32, data_rem_len 1024
12-10 21:57:28.515  1000  2108 I WifiHAL : index: 5 per_rate_size 32, data_rem_len 992
12-10 21:57:28.515  1000  2108 I WifiHAL : index: 6 per_rate_size 32, data_rem_len 960
12-10 21:57:28.515  1000  2108 I WifiHAL : index: 7 per_rate_size 32, data_rem_len 928
12-10 21:57:28.515  1000  2108 I WifiHAL : index: 8 per_rate_size 32, data_rem_len 896
12-10 21:57:28.515  1000  2108 I WifiHAL : index: 9 per_rate_size 32, data_rem_len 864
12-10 21:57:28.515  1000  2108 I WifiHAL : index: 10 per_rate_size 32, data_rem_len 832
12-10 21:57:28.515  1000  2108 I WifiHAL : index: 11 per_rate_size 32, data_rem_len 800
12-10 21:57:28.515  1000  2108 I WifiHAL : index: 12 per_rate_size 32, data_rem_len 768
12-10 21:57:28.515  1000  2108 I WifiHAL : index: 13 per_rate_size 32, data_rem_len 736
12-10 21:57:28.515  1000  2108 I WifiHAL : index: 14 per_rate_size 32, data_rem_len 704
12-10 21:57:28.515  1000  2108 I WifiHAL : index: 15 per_rate_size 32, data_rem_len 672
12-10 21:57:28.515  1000  2108 I WifiHAL : index: 16 per_rate_size 32, data_rem_len 640
12-10 21:57:28.515  1000  2108 I WifiHAL : index: 17 per_rate_size 32, data_rem_len 608
12-10 21:57:28.515  1000  2108 I WifiHAL : index: 18 per_rate_size 32, data_rem_len 576
12-10 21:57:28.515  1000  2108 I WifiHAL : index: 19 per_rate_size 32, data_rem_len 544
12-10 21:57:28.515  1000  2108 I WifiHAL : index: 20 per_rate_size 32, data_rem_len 512
12-10 21:57:28.515  1000  2108 I WifiHAL : index: 21 per_rate_size 32, data_rem_len 480
12-10 21:57:28.515  1000  2108 I WifiHAL : index: 22 per_rate_size 32, data_rem_len 448
12-10 21:57:28.515  1000  2108 I WifiHAL : index: 23 per_rate_size 32, data_rem_len 416
12-10 21:57:28.515  1000  2108 I WifiHAL : index: 24 per_rate_size 32, data_rem_len 384
12-10 21:57:28.515  1000  2108 I WifiHAL : index: 25 per_rate_size 32, data_rem_len 352
12-10 21:57:28.515  1000  2108 I WifiHAL : index: 26 per_rate_size 32, data_rem_len 320
12-10 21:57:28.515  1000  2108 I WifiHAL : index: 27 per_rate_size 32, data_rem_len 288
12-10 21:57:28.515  1000  2108 I WifiHAL : index: 28 per_rate_size 32, data_rem_len 256
12-10 21:57:28.515  1000  2108 I WifiHAL : index: 29 per_rate_size 32, data_rem_len 224
12-10 21:57:28.515  1000  2108 I WifiHAL : index: 30 per_rate_size 32, data_rem_len 192
12-10 21:57:28.515  1000  2108 I WifiHAL : index: 31 per_rate_size 32, data_rem_len 160
12-10 21:57:28.515  1000  2108 I WifiHAL : index: 32 per_rate_size 32, data_rem_len 128
12-10 21:57:28.515  1000  2108 I WifiHAL : index: 33 per_rate_size 32, data_rem_len 96
12-10 21:57:28.515  1000  2108 I WifiHAL : index: 34 per_rate_size 32, data_rem_len 64
12-10 21:57:28.515  1000  2108 I WifiHAL : index: 35 per_rate_size 32, data_rem_len 32
12-10 21:57:28.516  1000  1024 I WifiHAL : Getting cached scan results, iface handle = 0xf00dc2613863390
12-10 21:57:28.516  1000  1024 E WifiHAL : Creating message to get cached scan results
12-10 21:57:28.521  1000  1024 I WifiHAL : In GetCachedScanResultsCommand::handleResponse
12-10 21:57:28.587 13002 13110 D NtfySubscriberConn: [https://ntfy.sh/upA3tDZTZAvxSD,up7TrmPGKfVfDt,upeiK1rU7NzLtA,upwvD1tCl7VCSS,upYoy57cqI4fuR] Connection is active (failed=false, callCanceled=false, jobActive=true, serviceStarted=true
12-10 21:57:29.305   973  1020 I grilcallback: Updating HandGrip status
12-10 21:57:29.347   973  1020 I grilcallback: HandGrip status updated successfully
12-10 21:57:29.382  2082  2085 I deeptouch: I0000 00:00:1765421849.382180    2085 tf_lite_classifier.cc:413] Event stream classified as kNone
12-10 21:57:29.620  2082  2085 I deeptouch: I0000 00:00:1765421849.620384    2085 tf_lite_classifier.cc:413] Event stream classified as kNone
12-10 21:57:29.688  1153 18579 D AidlBufferPool: bufferpool2 0x100c55b3d414de8 : 4(368640 size) total buffers - 1(92160 size) used buffers - 3251/3255 (recycle/alloc) - 10/3254 (fetch/transfer)
12-10 21:57:29.968  2082  2085 I deeptouch: I0000 00:00:1765421849.967955    2085 tf_lite_classifier.cc:413] Event stream classified as kNone
12-10 21:57:30.168   572 18616 I keystore2: system/security/keystore2/watchdog/src/lib.rs:371 - Watchdog thread idle -> terminating. Have a great day.
12-10 21:57:30.260  1119 18578 D AidlBufferPool: bufferpool2 0x100d22bce390c68 : 8(46080 size) total buffers - 5(28800 size) used buffers - 3281/3289 (recycle/alloc) - 8/6574 (fetch/transfer)
12-10 21:57:30.296   973  1020 I grilcallback: Updating HandGrip status
12-10 21:57:30.328  2082  2085 I deeptouch: I0000 00:00:1765421850.328834    2085 tf_lite_classifier.cc:413] Event stream classified as kNone
12-10 21:57:30.341   973  1020 I grilcallback: HandGrip status updated successfully
12-10 21:57:30.594  2082  2085 I deeptouch: I0000 00:00:1765421850.594037    2085 tf_lite_classifier.cc:413] Event stream classified as kNone
12-10 21:57:30.883  2082  2085 I deeptouch: I0000 00:00:1765421850.883246    2085 tf_lite_classifier.cc:413] Event stream classified as kNone
12-10 21:57:30.964  3282 18551 W AOSP-MdnsDiscoveryManag: Error while decoding multicast packet (4174): 1 [CONTEXT service_id=168 ]
12-10 21:57:30.965  3282 18551 W AOSP-MdnsDiscoveryManag: Error while decoding multicast packet (4175): 1 [CONTEXT service_id=168 ]
12-10 21:57:31.329  1177  1177 D AOC     : A3:MSG: lsm6dsv_device.cc, 732: USF: Lsm6dsvDevice: Sensor 3: Enabled 0, odr_index 0, period_ns 0.
12-10 21:57:31.329  1177  1177 D AOC     : A3:MSG: lsm6dsv_fifo.cc, 755: USF: Lsm6dsvFifo: ODR: XL/G/T/TS: 480/480/15/60 WM: 2 Intr: 480.
12-10 21:57:31.330  1177  1177 D AOC     : A3:MSG: lsm6dsv_device.cc, 641: USF: Lsm6dsvDevice: Fifo was disabled for 636800ns.
12-10 21:57:31.330  1177  1177 D AOC     : A3:MSG: usf_sensor.cc, 1792: USF: Received stop sampling request for LSM6DSV Motion Detect (active:-1).
12-10 21:57:31.331  1177  1177 D AOC     : A3:MSG: usf_sensor.cc, 2354: USF: Sampling configuration 1007 not found.
12-10 21:57:31.331  1177  1177 D AOC     : A3:MSG: usf_sensor_client.cc, 173: USF: Received kErrNotFound when disabling one shot sensor.
12-10 21:57:31.332  1177  1177 D AOC     : A3:MSG: usf_sensor.cc, 1784: USF: Received start sampling request for LSM6DSV Stationary Detect (active:1).
12-10 21:57:31.332  1177  1177 D AOC     : A3:MSG: lsm6dsv_device.cc, 732: USF: Lsm6dsvDevice: Sensor 4: Enabled 1, odr_index 1, period_ns 500000000.
12-10 21:57:31.332  1177  1177 D AOC     : A3:MSG: lsm6dsv_fifo.cc, 755: USF: Lsm6dsvFifo: ODR: XL/G/T/TS: 480/480/15/60 WM: 2 Intr: 480.
12-10 21:57:31.333  1177  1177 D AOC     : A3:MSG: lsm6dsv_device.cc, 641: USF: Lsm6dsvDevice: Fifo was disabled for 730835ns.
12-10 21:57:31.337  1177  1177 D AOC     : A3:MSG: motion_state_sensor.cc, 328: USF: MoSt: StationaryDetect sampling started with sampling ID 1008.
12-10 21:57:31.342   973  1020 I grilcallback: Updating HandGrip status
12-10 21:57:31.349  1177  1177 D AOC     : A3:MSG: usf_sensor.cc, 1784: USF: Received start sampling request for LSM6DSV FreeFall Detect (active:1).
12-10 21:57:31.351  1177  1177 D AOC     : A3:MSG: lsm6dsv_device.cc, 732: USF: Lsm6dsvDevice: Sensor 5: Enabled 1, odr_index 2, period_ns 500000000.
12-10 21:57:31.353  1177  1177 D AOC     : A3:MSG: lsm6dsv_fifo.cc, 755: USF: Lsm6dsvFifo: ODR: XL/G/T/TS: 480/480/15/60 WM: 2 Intr: 480.
12-10 21:57:31.353  1177  1177 D AOC     : A3:MSG: lsm6dsv_device.cc, 641: USF: Lsm6dsvDevice: Fifo was disabled for 504191ns.
12-10 21:57:31.364  1177  1177 D AOC     : A3:MSG: usf_sensor.cc, 1784: USF: Received start sampling request for LSM6DSV Stationary Detect (active:2).
12-10 21:57:31.371   932   944 I CHRE    : @ 2405.897: Received a sampling status update for one shot sensor LSM6DSV FreeFall Detect
12-10 21:57:31.372   932   944 I CHRE    : @ 2405.900: Received a sampling status update for one shot sensor LSM6DSV Stationary Detect
12-10 21:57:31.387   973  1020 I grilcallback: HandGrip status updated successfully
12-10 21:57:31.394  2082  2085 I deeptouch: I0000 00:00:1765421851.394721    2085 tf_lite_classifier.cc:413] Event stream classified as kNone
12-10 21:57:31.420 17389 18615 D BitwardenNetworkClient: --> GET http://127.0.0.1:41001/api/sync
12-10 21:57:31.420 17389 18615 D BitwardenNetworkClient: User-Agent: Bitwarden_Mobile/2025.11.1 (debug/standard) (Android 16; SDK 36; Model Pixel 8a)
12-10 21:57:31.420 17389 18615 D BitwardenNetworkClient: Bitwarden-Client-Name: mobile
12-10 21:57:31.420 17389 18615 D BitwardenNetworkClient: Bitwarden-Client-Version: 2025.11.1
12-10 21:57:31.420 17389 18615 D BitwardenNetworkClient: Device-Type: 0
12-10 21:57:31.420 17389 18615 D BitwardenNetworkClient: Authorization: ██
12-10 21:57:31.420 17389 18615 D BitwardenNetworkClient: --> END GET
12-10 21:57:31.464 17389 17389 D WindowOnBackDispatcher: setTopOnBackInvokedCallback (unwrapped): android.app.Dialog$$ExternalSyntheticLambda2@d3a2357
12-10 21:57:31.464 17389 17389 D WindowOnBackDispatcher: setTopOnBackInvokedCallback (unwrapped): androidx.navigationevent.OnBackInvokedInput$createOnBackAnimationCallback$1@4cfbe44
12-10 21:57:31.465  1351  7268 D CoreBackPreview: Window{9549d9 u0 com.x8bit.bitwarden.dev/com.x8bit.bitwarden.MainActivity}: Setting back callback OnBackInvokedCallbackInfo{mCallback=android.window.IOnBackInvokedCallback$Stub$Proxy@c98aa77, mPriority=-1, mIsAnimationCallback=false, mOverrideBehavior=0}
12-10 21:57:31.466  1351  5280 D CoreBackPreview: Window{9549d9 u0 com.x8bit.bitwarden.dev/com.x8bit.bitwarden.MainActivity}: Setting back callback OnBackInvokedCallbackInfo{mCallback=android.window.IOnBackInvokedCallback$Stub$Proxy@ffb06e4, mPriority=0, mIsAnimationCallback=true, mOverrideBehavior=0}
12-10 21:57:31.468  1351  1438 I ImeTracker: system_server:d776e477: onRequestShow at ORIGIN_SERVER reason CONTROLS_CHANGED fromUser false
12-10 21:57:31.468 17389 18615 D BitwardenNetworkClient: <-- 200 OK http://127.0.0.1:41001/api/sync (47ms)
12-10 21:57:31.468 17389 18615 D BitwardenNetworkClient: content-type: application/json
12-10 21:57:31.468 17389 18615 D BitwardenNetworkClient: server: Rocket
12-10 21:57:31.468 17389 18615 D BitwardenNetworkClient: permissions-policy: accelerometer=(), ambient-light-sensor=(), autoplay=(), battery=(), camera=(), display-capture=(), document-domain=(), encrypted-media=(), execution-while-not-rendered=(), execution-while-out-of-viewport=(), fullscreen=(), geolocation=(), gyroscope=(), keyboard-map=(), magnetometer=(), microphone=(), midi=(), payment=(), picture-in-picture=(), screen-wake-lock=(), sync-xhr=(), usb=(), web-share=(), xr-spatial-tracking=()
12-10 21:57:31.468 17389 18615 D BitwardenNetworkClient: x-content-type-options: nosniff
12-10 21:57:31.468 17389 18615 D BitwardenNetworkClient: x-frame-options: SAMEORIGIN
12-10 21:57:31.469 17389 18615 D BitwardenNetworkClient: referrer-policy: same-origin
12-10 21:57:31.469 17389 18615 D BitwardenNetworkClient: x-robots-tag: noindex, nofollow
12-10 21:57:31.469 17389 18615 D BitwardenNetworkClient: x-xss-protection: 0
12-10 21:57:31.469 17389 18615 D BitwardenNetworkClient: cross-origin-resource-policy: same-origin
12-10 21:57:31.469 17389 18615 D BitwardenNetworkClient: content-security-policy: default-src 'none'; font-src 'self'; manifest-src 'self'; base-uri 'self'; form-action 'self'; object-src 'self' blob:; script-src 'self' 'wasm-unsafe-eval'; style-src 'self' 'unsafe-inline'; child-src 'self' https://*.duosecurity.com https://*.duofederal.com; frame-src 'self' https://*.duosecurity.com https://*.duofederal.com; frame-ancestors 'self' chrome-extension://nngceckbapebfimnlniiiahkandclblb chrome-extension://jbkfoedolllekgbhcbcoahefnbanhhlh moz-extension://* ; img-src 'self' data: https://haveibeenpwned.com ; connect-src 'self' https://api.pwnedpasswords.com https://api.2fa.directory https://app.simplelogin.io/api/ https://app.addy.io/api/ https://api.fastmail.com/ https://api.forwardemail.net ;
12-10 21:57:31.469 17389 18615 D BitwardenNetworkClient: cache-control: no-cache, no-store, max-age=0
12-10 21:57:31.469 17389 18615 D BitwardenNetworkClient: content-length: 772267
12-10 21:57:31.469 17389 18615 D BitwardenNetworkClient: date: Thu, 11 Dec 2025 02:57:31 GMT
12-10 21:57:31.523 17389 17389 I ImeTracker: system_server:d776e477: onCancelled at PHASE_CLIENT_ON_CONTROLS_CHANGED
12-10 21:57:31.549  1000  1024 I WifiHAL : Creating message to get link statistics; iface = 47
12-10 21:57:31.550 17389 17389 D ImeBackDispatcher: switch root view (mImeCallbacks.size=1)
12-10 21:57:31.550 17389 17389 D WindowOnBackDispatcher: setTopOnBackInvokedCallback (unwrapped): android.app.Activity$$ExternalSyntheticLambda0@779bab8
